Starting training for ../configs/unet/unet_lr_5e4.yaml
Using device: cuda
Using device: cuda
=== Starting training process for temp ===
=== Loading datasets (src=era5, target=mswt) ===
Loading temp file: /home/mohammad.elaabaribao/lustre/climat-um6p-st-iwri-7ksifkvwkuy/users/mohammad.elaabaribao/data/obs/mswep/mswt_1979_2020.nc
→ Applying spatial mask
  [BEFORE MASK]
   dims        : FrozenMappingWarningOnValuesAccess({'time': 15341, 'lat': 220, 'lon': 220})
   shape       : (15341, 220, 220)
   lon range   : -20.950000762939453 → 0.9500091671943665
   lat range   : 19.049999237060547 → 40.95000076293945
  [AFTER MASK]
   dims        : FrozenMappingWarningOnValuesAccess({'time': 15341, 'lat': 160, 'lon': 180})
   shape       : (15341, 160, 180)
  Mask applied: lon=slice(-18.0, 0.0, None), lat=slice(21.0, 37.0, None)
TEMP shapes → train=(9862, 160, 180), test=(5479, 160, 180)
Checking target time resolution...
   [STATS] temp (train): mean=21.6071, min=-13.8125, max=43.75
   [STATS] temp (test): mean=22.1381, min=-12.5625, max=43.75
Loading merged variable file: /home/mohammad.elaabaribao/lustre/climat-um6p-st-iwri-7ksifkvwkuy/users/mohammad.elaabaribao/data/reanalysis/era5/z_1979-2020_levels.nc...
→ Applying spatial mask
  [BEFORE MASK]
   dims        : FrozenMappingWarningOnValuesAccess({'level': 4, 'time': 15341, 'latitude': 81, 'longitude': 81})
   shape       : (4, 15341, 81, 81)
   lon range   : -20.0 → 0.0
   lat range   : 20.0 → 40.0
  [AFTER MASK]
   dims        : FrozenMappingWarningOnValuesAccess({'level': 4, 'time': 15341, 'latitude': 65, 'longitude': 73})
   shape       : (4, 15341, 65, 73)
  Mask applied: lon=slice(-18.0, 0.0, None), lat=slice(21.0, 37.0, None)
  → Extracting level 500 from z
   [STATS] z_500: mean=57051.9, min=51355.7, max=58985.4
  → Extracting level 700 from z
   [STATS] z_700: mean=30934.4, min=27009.6, max=32387.8
  → Extracting level 850 from z
   [STATS] z_850: mean=15056.9, min=11703.2, max=16740.1
  → Extracting level 1000 from z
   [STATS] z_1000: mean=1404.33, min=-1629.04, max=3461.49
Loading merged variable file: /home/mohammad.elaabaribao/lustre/climat-um6p-st-iwri-7ksifkvwkuy/users/mohammad.elaabaribao/data/reanalysis/era5/t_1979-2020_levels.nc...
→ Applying spatial mask
  [BEFORE MASK]
   dims        : FrozenMappingWarningOnValuesAccess({'level': 4, 'time': 15341, 'latitude': 81, 'longitude': 81})
   shape       : (4, 15341, 81, 81)
   lon range   : -20.0 → 0.0
   lat range   : 20.0 → 40.0
  [AFTER MASK]
   dims        : FrozenMappingWarningOnValuesAccess({'level': 4, 'time': 15341, 'latitude': 65, 'longitude': 73})
   shape       : (4, 15341, 65, 73)
  Mask applied: lon=slice(-18.0, 0.0, None), lat=slice(21.0, 37.0, None)
  → Extracting level 500 from t
   [STATS] t_500: mean=-11.9415, min=-37.6865, max=-0.750632
  → Extracting level 700 from t
   [STATS] t_700: mean=6.14864, min=-20.3726, max=18.2581
  → Extracting level 850 from t
   [STATS] t_850: mean=15.8876, min=-9.36083, max=34.181
  → Extracting level 1000 from t
   [STATS] t_1000: mean=15.8876, min=-9.36083, max=34.181
Loading merged variable file: /home/mohammad.elaabaribao/lustre/climat-um6p-st-iwri-7ksifkvwkuy/users/mohammad.elaabaribao/data/reanalysis/era5/q_1979-2020_levels.nc...
  ERROR: [Errno -101] NetCDF: HDF error: '/home/mohammad.elaabaribao/lustre/climat-um6p-st-iwri-7ksifkvwkuy/users/mohammad.elaabaribao/data/reanalysis/era5/q_1979-2020_levels.nc'
Loading merged variable file: /home/mohammad.elaabaribao/lustre/climat-um6p-st-iwri-7ksifkvwkuy/users/mohammad.elaabaribao/data/reanalysis/era5/u_1979-2020_levels.nc...
  ERROR: [Errno -101] NetCDF: HDF error: '/home/mohammad.elaabaribao/lustre/climat-um6p-st-iwri-7ksifkvwkuy/users/mohammad.elaabaribao/data/reanalysis/era5/u_1979-2020_levels.nc'
Loading merged variable file: /home/mohammad.elaabaribao/lustre/climat-um6p-st-iwri-7ksifkvwkuy/users/mohammad.elaabaribao/data/reanalysis/era5/v_1979-2020_levels.nc...
  ERROR: [Errno -101] NetCDF: HDF error: '/home/mohammad.elaabaribao/lustre/climat-um6p-st-iwri-7ksifkvwkuy/users/mohammad.elaabaribao/data/reanalysis/era5/v_1979-2020_levels.nc'
Checking time resolution...
Predictor Shape (X): (15341, 8, 9, 10)
Target Train Shape (y_train): torch.Size([9862, 160, 180])
Target Test Shape (y_test): torch.Size([5479, 160, 180])
=== Finished loading datasets ===
=== Preprocessing data ===
Applying normalization mode: gridbox
Normalization done.
--- Processing temp (train) ---
train raw [degree_Celsius] → min=-13.81, max=43.75, mean=21.61
  Units already in Celsius → skipping conversion
train converted [C] → min=-13.81, max=43.75, mean=21.61
--- Processing temp (test) ---
test raw [degree_Celsius] → min=-12.56, max=43.75, mean=22.14
  Units already in Celsius → skipping conversion
test converted [C] → min=-12.56, max=43.75, mean=22.14
=== Preprocessing complete ===
Initializing model for training...

----------- Machine Features -----------
 OS: Linux 4.18.0-553.124.1.el8_10.0.2.x86_64
 CPU: x86_64 (Unknown (psutil missing) cores)
 RAM: Unknown (psutil missing) GB
 GPU 0: NVIDIA A100-SXM4-80GB (79.25 GB)
----------------------------------------
Epoch 1/100 - Duration: 17.24s - Train Loss: 22.0966 - Val Loss: 4.1972
Estimated training process duration: 28:43

Learning rate changed: 5.000000e-04 -> 4.998769e-04
Best model updated at epoch 1 
Epoch 2/100 - Duration: 16.96s - Train Loss: 3.7076 - Val Loss: 2.8560
Learning rate changed: 4.998769e-04 -> 4.995077e-04
Best model updated at epoch 2 
Epoch 3/100 - Duration: 16.96s - Train Loss: 2.7363 - Val Loss: 2.3362
Learning rate changed: 4.995077e-04 -> 4.988927e-04
Best model updated at epoch 3 
Epoch 4/100 - Duration: 16.97s - Train Loss: 2.4457 - Val Loss: 2.1339
Learning rate changed: 4.988927e-04 -> 4.980326e-04
Best model updated at epoch 4 
Epoch 5/100 - Duration: 16.98s - Train Loss: 2.3018 - Val Loss: 1.9725
Learning rate changed: 4.980326e-04 -> 4.969282e-04
Best model updated at epoch 5 
Epoch 6/100 - Duration: 16.97s - Train Loss: 2.2207 - Val Loss: 1.9106
Learning rate changed: 4.969282e-04 -> 4.955807e-04
Best model updated at epoch 6 
Epoch 7/100 - Duration: 16.94s - Train Loss: 2.1786 - Val Loss: 1.8831
Learning rate changed: 4.955807e-04 -> 4.939912e-04
Best model updated at epoch 7 
Epoch 8/100 - Duration: 16.96s - Train Loss: 2.1342 - Val Loss: 1.8523
Learning rate changed: 4.939912e-04 -> 4.921615e-04
Best model updated at epoch 8 
Epoch 9/100 - Duration: 16.96s - Train Loss: 2.1228 - Val Loss: 1.8090
Learning rate changed: 4.921615e-04 -> 4.900933e-04
Best model updated at epoch 9 
Epoch 10/100 - Duration: 16.96s - Train Loss: 2.0971 - Val Loss: 1.8229
Learning rate changed: 4.900933e-04 -> 4.877886e-04
No improvement at epoch 10 (patience: 1/15)
Epoch 11/100 - Duration: 16.96s - Train Loss: 2.0827 - Val Loss: 1.7863
Learning rate changed: 4.877886e-04 -> 4.852498e-04
Best model updated at epoch 11 
Epoch 12/100 - Duration: 16.97s - Train Loss: 2.0583 - Val Loss: 1.7710
Learning rate changed: 4.852498e-04 -> 4.824792e-04
Best model updated at epoch 12 
Epoch 13/100 - Duration: 16.97s - Train Loss: 2.0444 - Val Loss: 1.7472
Learning rate changed: 4.824792e-04 -> 4.794798e-04
Best model updated at epoch 13 
Epoch 14/100 - Duration: 16.96s - Train Loss: 2.0377 - Val Loss: 1.7592
Learning rate changed: 4.794798e-04 -> 4.762543e-04
No improvement at epoch 14 (patience: 1/15)
Epoch 15/100 - Duration: 16.96s - Train Loss: 2.0133 - Val Loss: 1.7188
Learning rate changed: 4.762543e-04 -> 4.728061e-04
Best model updated at epoch 15 
Epoch 16/100 - Duration: 16.96s - Train Loss: 1.9997 - Val Loss: 1.7567
Learning rate changed: 4.728061e-04 -> 4.691385e-04
No improvement at epoch 16 (patience: 1/15)
Epoch 17/100 - Duration: 16.96s - Train Loss: 2.0031 - Val Loss: 1.7295
Learning rate changed: 4.691385e-04 -> 4.652551e-04
No improvement at epoch 17 (patience: 2/15)
Epoch 18/100 - Duration: 16.96s - Train Loss: 1.9775 - Val Loss: 1.6933
Learning rate changed: 4.652551e-04 -> 4.611598e-04
Best model updated at epoch 18 
Epoch 19/100 - Duration: 16.96s - Train Loss: 1.9834 - Val Loss: 1.7578
Learning rate changed: 4.611598e-04 -> 4.568566e-04
No improvement at epoch 19 (patience: 1/15)
Epoch 20/100 - Duration: 16.96s - Train Loss: 1.9632 - Val Loss: 1.7171
Learning rate changed: 4.568566e-04 -> 4.523497e-04
No improvement at epoch 20 (patience: 2/15)
Epoch 21/100 - Duration: 16.96s - Train Loss: 1.9497 - Val Loss: 1.6864
Learning rate changed: 4.523497e-04 -> 4.476437e-04
Best model updated at epoch 21 
Epoch 22/100 - Duration: 16.97s - Train Loss: 1.9510 - Val Loss: 1.6939
Learning rate changed: 4.476437e-04 -> 4.427431e-04
No improvement at epoch 22 (patience: 1/15)
Epoch 23/100 - Duration: 16.97s - Train Loss: 1.9310 - Val Loss: 1.6766
Learning rate changed: 4.427431e-04 -> 4.376527e-04
Best model updated at epoch 23 
Epoch 24/100 - Duration: 16.97s - Train Loss: 1.9324 - Val Loss: 1.6713
Learning rate changed: 4.376527e-04 -> 4.323777e-04
Best model updated at epoch 24 
Epoch 25/100 - Duration: 16.94s - Train Loss: 1.9287 - Val Loss: 1.6525
Learning rate changed: 4.323777e-04 -> 4.269231e-04
Best model updated at epoch 25 
Epoch 26/100 - Duration: 16.96s - Train Loss: 1.9374 - Val Loss: 1.6346
Learning rate changed: 4.269231e-04 -> 4.212945e-04
Best model updated at epoch 26 
Epoch 27/100 - Duration: 16.96s - Train Loss: 1.9091 - Val Loss: 1.6605
Learning rate changed: 4.212945e-04 -> 4.154973e-04
No improvement at epoch 27 (patience: 1/15)
Epoch 28/100 - Duration: 16.96s - Train Loss: 1.9080 - Val Loss: 1.6176
Learning rate changed: 4.154973e-04 -> 4.095373e-04
Best model updated at epoch 28 
Epoch 29/100 - Duration: 16.94s - Train Loss: 1.8978 - Val Loss: 1.6565
Learning rate changed: 4.095373e-04 -> 4.034203e-04
No improvement at epoch 29 (patience: 1/15)
Epoch 30/100 - Duration: 16.94s - Train Loss: 1.8852 - Val Loss: 1.6283
Learning rate changed: 4.034203e-04 -> 3.971524e-04
No improvement at epoch 30 (patience: 2/15)
Epoch 31/100 - Duration: 16.94s - Train Loss: 1.8869 - Val Loss: 1.5803
Learning rate changed: 3.971524e-04 -> 3.907398e-04
Best model updated at epoch 31 
Epoch 32/100 - Duration: 16.96s - Train Loss: 1.8891 - Val Loss: 1.6193
Learning rate changed: 3.907398e-04 -> 3.841888e-04
No improvement at epoch 32 (patience: 1/15)
Epoch 33/100 - Duration: 16.97s - Train Loss: 1.8581 - Val Loss: 1.5988
Learning rate changed: 3.841888e-04 -> 3.775058e-04
No improvement at epoch 33 (patience: 2/15)
Epoch 34/100 - Duration: 16.96s - Train Loss: 1.8599 - Val Loss: 1.6180
Learning rate changed: 3.775058e-04 -> 3.706975e-04
No improvement at epoch 34 (patience: 3/15)
Epoch 35/100 - Duration: 16.96s - Train Loss: 1.8624 - Val Loss: 1.5931
Learning rate changed: 3.706975e-04 -> 3.637706e-04
No improvement at epoch 35 (patience: 4/15)
Epoch 36/100 - Duration: 16.96s - Train Loss: 1.8622 - Val Loss: 1.5969
Learning rate changed: 3.637706e-04 -> 3.567319e-04
No improvement at epoch 36 (patience: 5/15)
Epoch 37/100 - Duration: 16.96s - Train Loss: 1.8532 - Val Loss: 1.5606
Learning rate changed: 3.567319e-04 -> 3.495884e-04
Best model updated at epoch 37 
Epoch 38/100 - Duration: 16.94s - Train Loss: 1.8511 - Val Loss: 1.5945
Learning rate changed: 3.495884e-04 -> 3.423471e-04
No improvement at epoch 38 (patience: 1/15)
Epoch 39/100 - Duration: 16.94s - Train Loss: 1.8488 - Val Loss: 1.6231
Learning rate changed: 3.423471e-04 -> 3.350151e-04
No improvement at epoch 39 (patience: 2/15)
Epoch 40/100 - Duration: 16.94s - Train Loss: 1.8441 - Val Loss: 1.5476
Learning rate changed: 3.350151e-04 -> 3.275997e-04
Best model updated at epoch 40 
Epoch 41/100 - Duration: 16.94s - Train Loss: 1.8340 - Val Loss: 1.5512
Learning rate changed: 3.275997e-04 -> 3.201083e-04
No improvement at epoch 41 (patience: 1/15)
Epoch 42/100 - Duration: 16.94s - Train Loss: 1.8297 - Val Loss: 1.5629
Learning rate changed: 3.201083e-04 -> 3.125481e-04
No improvement at epoch 42 (patience: 2/15)
Epoch 43/100 - Duration: 16.94s - Train Loss: 1.8242 - Val Loss: 1.5188
Learning rate changed: 3.125481e-04 -> 3.049267e-04
Best model updated at epoch 43 
Epoch 44/100 - Duration: 16.98s - Train Loss: 1.8272 - Val Loss: 1.5599
Learning rate changed: 3.049267e-04 -> 2.972516e-04
No improvement at epoch 44 (patience: 1/15)
Epoch 45/100 - Duration: 16.98s - Train Loss: 1.8253 - Val Loss: 1.5400
Learning rate changed: 2.972516e-04 -> 2.895304e-04
No improvement at epoch 45 (patience: 2/15)
Epoch 46/100 - Duration: 16.98s - Train Loss: 1.8189 - Val Loss: 1.5743
Learning rate changed: 2.895304e-04 -> 2.817706e-04
No improvement at epoch 46 (patience: 3/15)
Epoch 47/100 - Duration: 16.98s - Train Loss: 1.8181 - Val Loss: 1.5442
Learning rate changed: 2.817706e-04 -> 2.739800e-04
No improvement at epoch 47 (patience: 4/15)
Epoch 48/100 - Duration: 16.98s - Train Loss: 1.8186 - Val Loss: 1.5550
Learning rate changed: 2.739800e-04 -> 2.661662e-04
No improvement at epoch 48 (patience: 5/15)
Epoch 49/100 - Duration: 16.98s - Train Loss: 1.8052 - Val Loss: 1.5573
Learning rate changed: 2.661662e-04 -> 2.583370e-04
No improvement at epoch 49 (patience: 6/15)
Epoch 50/100 - Duration: 16.98s - Train Loss: 1.8092 - Val Loss: 1.5264
Learning rate changed: 2.583370e-04 -> 2.505000e-04
No improvement at epoch 50 (patience: 7/15)
Epoch 51/100 - Duration: 16.98s - Train Loss: 1.8004 - Val Loss: 1.5400
Learning rate changed: 2.505000e-04 -> 2.426630e-04
No improvement at epoch 51 (patience: 8/15)
Epoch 52/100 - Duration: 16.98s - Train Loss: 1.8013 - Val Loss: 1.5215
Learning rate changed: 2.426630e-04 -> 2.348338e-04
No improvement at epoch 52 (patience: 9/15)
Epoch 53/100 - Duration: 16.98s - Train Loss: 1.8032 - Val Loss: 1.5342
Learning rate changed: 2.348338e-04 -> 2.270200e-04
No improvement at epoch 53 (patience: 10/15)
Epoch 54/100 - Duration: 16.98s - Train Loss: 1.7968 - Val Loss: 1.5475
Learning rate changed: 2.270200e-04 -> 2.192294e-04
No improvement at epoch 54 (patience: 11/15)
Epoch 55/100 - Duration: 16.98s - Train Loss: 1.7974 - Val Loss: 1.5020
Learning rate changed: 2.192294e-04 -> 2.114696e-04
Best model updated at epoch 55 
Epoch 56/100 - Duration: 16.96s - Train Loss: 1.7872 - Val Loss: 1.5088
Learning rate changed: 2.114696e-04 -> 2.037484e-04
No improvement at epoch 56 (patience: 1/15)
Epoch 57/100 - Duration: 16.96s - Train Loss: 1.7897 - Val Loss: 1.5107
Learning rate changed: 2.037484e-04 -> 1.960733e-04
No improvement at epoch 57 (patience: 2/15)
Epoch 58/100 - Duration: 16.96s - Train Loss: 1.7821 - Val Loss: 1.5030
Learning rate changed: 1.960733e-04 -> 1.884519e-04
No improvement at epoch 58 (patience: 3/15)
Epoch 59/100 - Duration: 16.96s - Train Loss: 1.7787 - Val Loss: 1.5525
Learning rate changed: 1.884519e-04 -> 1.808917e-04
No improvement at epoch 59 (patience: 4/15)
Epoch 60/100 - Duration: 16.96s - Train Loss: 1.7830 - Val Loss: 1.5032
Learning rate changed: 1.808917e-04 -> 1.734003e-04
No improvement at epoch 60 (patience: 5/15)
Epoch 61/100 - Duration: 16.95s - Train Loss: 1.7657 - Val Loss: 1.4982
Learning rate changed: 1.734003e-04 -> 1.659849e-04
Best model updated at epoch 61 
Epoch 62/100 - Duration: 16.96s - Train Loss: 1.7677 - Val Loss: 1.4910
Learning rate changed: 1.659849e-04 -> 1.586529e-04
Best model updated at epoch 62 
Epoch 63/100 - Duration: 16.96s - Train Loss: 1.7693 - Val Loss: 1.4899
Learning rate changed: 1.586529e-04 -> 1.514116e-04
Best model updated at epoch 63 
Epoch 64/100 - Duration: 16.96s - Train Loss: 1.7604 - Val Loss: 1.4883
Learning rate changed: 1.514116e-04 -> 1.442681e-04
Best model updated at epoch 64 
Epoch 65/100 - Duration: 16.96s - Train Loss: 1.7531 - Val Loss: 1.4848
Learning rate changed: 1.442681e-04 -> 1.372294e-04
Best model updated at epoch 65 
Epoch 66/100 - Duration: 16.94s - Train Loss: 1.7536 - Val Loss: 1.4781
Learning rate changed: 1.372294e-04 -> 1.303025e-04
Best model updated at epoch 66 
Epoch 67/100 - Duration: 16.96s - Train Loss: 1.7501 - Val Loss: 1.4738
Learning rate changed: 1.303025e-04 -> 1.234942e-04
Best model updated at epoch 67 
Epoch 68/100 - Duration: 16.96s - Train Loss: 1.7563 - Val Loss: 1.4728
Learning rate changed: 1.234942e-04 -> 1.168112e-04
Best model updated at epoch 68 
Epoch 69/100 - Duration: 16.94s - Train Loss: 1.7466 - Val Loss: 1.4848
Learning rate changed: 1.168112e-04 -> 1.102602e-04
No improvement at epoch 69 (patience: 1/15)
Epoch 70/100 - Duration: 16.94s - Train Loss: 1.7550 - Val Loss: 1.4843
Learning rate changed: 1.102602e-04 -> 1.038476e-04
No improvement at epoch 70 (patience: 2/15)
Epoch 71/100 - Duration: 16.94s - Train Loss: 1.7458 - Val Loss: 1.4789
Learning rate changed: 1.038476e-04 -> 9.757969e-05
No improvement at epoch 71 (patience: 3/15)
Epoch 72/100 - Duration: 16.94s - Train Loss: 1.7403 - Val Loss: 1.4623
Learning rate changed: 9.757969e-05 -> 9.146271e-05
Best model updated at epoch 72 
Epoch 73/100 - Duration: 16.97s - Train Loss: 1.7416 - Val Loss: 1.4815
Learning rate changed: 9.146271e-05 -> 8.550269e-05
No improvement at epoch 73 (patience: 1/15)
Epoch 74/100 - Duration: 16.97s - Train Loss: 1.7395 - Val Loss: 1.4642
Learning rate changed: 8.550269e-05 -> 7.970550e-05
No improvement at epoch 74 (patience: 2/15)
Epoch 75/100 - Duration: 16.97s - Train Loss: 1.7356 - Val Loss: 1.4740
Learning rate changed: 7.970550e-05 -> 7.407686e-05
No improvement at epoch 75 (patience: 3/15)
Epoch 76/100 - Duration: 16.97s - Train Loss: 1.7339 - Val Loss: 1.4781
Learning rate changed: 7.407686e-05 -> 6.862233e-05
No improvement at epoch 76 (patience: 4/15)
Epoch 77/100 - Duration: 16.97s - Train Loss: 1.7360 - Val Loss: 1.4637
Learning rate changed: 6.862233e-05 -> 6.334729e-05
No improvement at epoch 77 (patience: 5/15)
Epoch 78/100 - Duration: 16.97s - Train Loss: 1.7378 - Val Loss: 1.4631
Learning rate changed: 6.334729e-05 -> 5.825695e-05
No improvement at epoch 78 (patience: 6/15)
Epoch 79/100 - Duration: 16.97s - Train Loss: 1.7277 - Val Loss: 1.4727
Learning rate changed: 5.825695e-05 -> 5.335632e-05
No improvement at epoch 79 (patience: 7/15)
Epoch 80/100 - Duration: 16.97s - Train Loss: 1.7353 - Val Loss: 1.4814
Learning rate changed: 5.335632e-05 -> 4.865026e-05
No improvement at epoch 80 (patience: 8/15)
Epoch 81/100 - Duration: 16.97s - Train Loss: 1.7368 - Val Loss: 1.4663
Learning rate changed: 4.865026e-05 -> 4.414340e-05
No improvement at epoch 81 (patience: 9/15)
Epoch 82/100 - Duration: 16.97s - Train Loss: 1.7296 - Val Loss: 1.4603
Learning rate changed: 4.414340e-05 -> 3.984018e-05
Best model updated at epoch 82 
Epoch 83/100 - Duration: 16.96s - Train Loss: 1.7367 - Val Loss: 1.4650
Learning rate changed: 3.984018e-05 -> 3.574486e-05
No improvement at epoch 83 (patience: 1/15)
Epoch 84/100 - Duration: 16.96s - Train Loss: 1.7313 - Val Loss: 1.4472
Learning rate changed: 3.574486e-05 -> 3.186148e-05
Best model updated at epoch 84 
Epoch 85/100 - Duration: 16.96s - Train Loss: 1.7296 - Val Loss: 1.4497
Learning rate changed: 3.186148e-05 -> 2.819387e-05
No improvement at epoch 85 (patience: 1/15)
Epoch 86/100 - Duration: 16.96s - Train Loss: 1.7216 - Val Loss: 1.4551
Learning rate changed: 2.819387e-05 -> 2.474565e-05
No improvement at epoch 86 (patience: 2/15)
Epoch 87/100 - Duration: 16.96s - Train Loss: 1.7246 - Val Loss: 1.4535
Learning rate changed: 2.474565e-05 -> 2.152022e-05
No improvement at epoch 87 (patience: 3/15)
Epoch 88/100 - Duration: 16.96s - Train Loss: 1.7267 - Val Loss: 1.4625
Learning rate changed: 2.152022e-05 -> 1.852077e-05
No improvement at epoch 88 (patience: 4/15)
Epoch 89/100 - Duration: 16.96s - Train Loss: 1.7241 - Val Loss: 1.4569
Learning rate changed: 1.852077e-05 -> 1.575025e-05
No improvement at epoch 89 (patience: 5/15)
Epoch 90/100 - Duration: 16.96s - Train Loss: 1.7208 - Val Loss: 1.4536
Learning rate changed: 1.575025e-05 -> 1.321140e-05
No improvement at epoch 90 (patience: 6/15)
Epoch 91/100 - Duration: 16.96s - Train Loss: 1.7174 - Val Loss: 1.4465
Learning rate changed: 1.321140e-05 -> 1.090673e-05
Best model updated at epoch 91 
Epoch 92/100 - Duration: 16.95s - Train Loss: 1.7300 - Val Loss: 1.4554
Learning rate changed: 1.090673e-05 -> 8.838501e-06
No improvement at epoch 92 (patience: 1/15)
Epoch 93/100 - Duration: 16.95s - Train Loss: 1.7208 - Val Loss: 1.4508
Learning rate changed: 8.838501e-06 -> 7.008768e-06
No improvement at epoch 93 (patience: 2/15)
Epoch 94/100 - Duration: 16.95s - Train Loss: 1.7265 - Val Loss: 1.4515
Learning rate changed: 7.008768e-06 -> 5.419331e-06
No improvement at epoch 94 (patience: 3/15)
Epoch 95/100 - Duration: 16.96s - Train Loss: 1.7286 - Val Loss: 1.4521
Learning rate changed: 5.419331e-06 -> 4.071759e-06
No improvement at epoch 95 (patience: 4/15)
Epoch 96/100 - Duration: 16.95s - Train Loss: 1.7243 - Val Loss: 1.4521
Learning rate changed: 4.071759e-06 -> 2.967382e-06
No improvement at epoch 96 (patience: 5/15)
Epoch 97/100 - Duration: 16.95s - Train Loss: 1.7271 - Val Loss: 1.4510
Learning rate changed: 2.967382e-06 -> 2.107290e-06
No improvement at epoch 97 (patience: 6/15)
Epoch 98/100 - Duration: 16.95s - Train Loss: 1.7206 - Val Loss: 1.4517
Learning rate changed: 2.107290e-06 -> 1.492331e-06
No improvement at epoch 98 (patience: 7/15)
Epoch 99/100 - Duration: 16.95s - Train Loss: 1.7244 - Val Loss: 1.4522
Learning rate changed: 1.492331e-06 -> 1.123113e-06
No improvement at epoch 99 (patience: 8/15)
Epoch 100/100 - Duration: 16.96s - Train Loss: 1.7219 - Val Loss: 1.4530
Learning rate changed: 1.123113e-06 -> 1.000000e-06
No improvement at epoch 100 (patience: 9/15)

=========== Training Summary ===========
Best epoch         : 91
Best monitored loss: 1.4465
LAST model saved   : /srv/data/mohammad.elaabaribao/work/interns/y2026/temp/ds_temp_intern/temp/results/unet_lr_5e4/models/unet1_temp_last.pth
BEST model saved   : /srv/data/mohammad.elaabaribao/work/interns/y2026/temp/ds_temp_intern/temp/results/unet_lr_5e4/models/unet1_temp_best.pth
Results directory  : /srv/data/mohammad.elaabaribao/work/interns/y2026/temp/ds_temp_intern/temp/results/unet_lr_5e4
========================================
Finished training for ../configs/unet/unet_lr_5e4.yaml
