Starting training for ../configs/unet/unet1_loss_gaussian.yaml
Using device: cuda
Using device: cuda
=== Starting training process for temp ===
=== Loading datasets (src=era5, target=mswt) ===
Loading temp file: /home/mohammad.elaabaribao/lustre/climat-um6p-st-iwri-7ksifkvwkuy/users/mohammad.elaabaribao/data/mswep/mswt_1979_2020.nc
→ Applying spatial mask
  [BEFORE MASK]
   dims        : FrozenMappingWarningOnValuesAccess({'time': 15341, 'lat': 220, 'lon': 220})
   shape       : (15341, 220, 220)
   lon range   : -20.950000762939453 → 0.9500091671943665
   lat range   : 19.049999237060547 → 40.95000076293945
  [AFTER MASK]
   dims        : FrozenMappingWarningOnValuesAccess({'time': 15341, 'lat': 160, 'lon': 180})
   shape       : (15341, 160, 180)
  Mask applied: lon=slice(-18.0, 0.0, None), lat=slice(21.0, 37.0, None)
TEMP shapes → train=(9862, 160, 180), test=(5479, 160, 180)
Checking target time resolution...
   [STATS] temp (train): mean=21.6071, min=-13.8125, max=43.75
   [STATS] temp (test): mean=22.1381, min=-12.5625, max=43.75
Loading merged variable file: /home/mohammad.elaabaribao/lustre/climat-um6p-st-iwri-7ksifkvwkuy/users/mohammad.elaabaribao/data//era5ztquv/1979_2020/all_data/z_1979-2020_levels.nc...
→ Applying spatial mask
  [BEFORE MASK]
   dims        : FrozenMappingWarningOnValuesAccess({'level': 4, 'time': 15341, 'latitude': 81, 'longitude': 81})
   shape       : (4, 15341, 81, 81)
   lon range   : -20.0 → 0.0
   lat range   : 20.0 → 40.0
  [AFTER MASK]
   dims        : FrozenMappingWarningOnValuesAccess({'level': 4, 'time': 15341, 'latitude': 65, 'longitude': 73})
   shape       : (4, 15341, 65, 73)
  Mask applied: lon=slice(-18.0, 0.0, None), lat=slice(21.0, 37.0, None)
  → Extracting level 500 from z
   [STATS] z_500: mean=57051.9, min=51355.7, max=58985.4
  → Extracting level 700 from z
   [STATS] z_700: mean=30934.4, min=27009.6, max=32387.8
  → Extracting level 850 from z
   [STATS] z_850: mean=15056.9, min=11703.2, max=16740.1
  → Extracting level 1000 from z
   [STATS] z_1000: mean=1404.33, min=-1629.04, max=3461.49
Loading merged variable file: /home/mohammad.elaabaribao/lustre/climat-um6p-st-iwri-7ksifkvwkuy/users/mohammad.elaabaribao/data//era5ztquv/1979_2020/all_data/t_1979-2020_levels.nc...
→ Applying spatial mask
  [BEFORE MASK]
   dims        : FrozenMappingWarningOnValuesAccess({'level': 4, 'time': 15341, 'latitude': 81, 'longitude': 81})
   shape       : (4, 15341, 81, 81)
   lon range   : -20.0 → 0.0
   lat range   : 20.0 → 40.0
  [AFTER MASK]
   dims        : FrozenMappingWarningOnValuesAccess({'level': 4, 'time': 15341, 'latitude': 65, 'longitude': 73})
   shape       : (4, 15341, 65, 73)
  Mask applied: lon=slice(-18.0, 0.0, None), lat=slice(21.0, 37.0, None)
  → Extracting level 500 from t
   [STATS] t_500: mean=-11.9415, min=-37.6865, max=-0.750632
  → Extracting level 700 from t
   [STATS] t_700: mean=6.14864, min=-20.3726, max=18.2581
  → Extracting level 850 from t
   [STATS] t_850: mean=15.8876, min=-9.36083, max=34.181
  → Extracting level 1000 from t
   [STATS] t_1000: mean=15.8876, min=-9.36083, max=34.181
Loading merged variable file: /home/mohammad.elaabaribao/lustre/climat-um6p-st-iwri-7ksifkvwkuy/users/mohammad.elaabaribao/data//era5ztquv/1979_2020/all_data/q_1979-2020_levels.nc...
→ Applying spatial mask
  [BEFORE MASK]
   dims        : FrozenMappingWarningOnValuesAccess({'level': 4, 'time': 15341, 'latitude': 81, 'longitude': 81})
   shape       : (4, 15341, 81, 81)
   lon range   : -20.0 → 0.0
   lat range   : 20.0 → 40.0
  [AFTER MASK]
   dims        : FrozenMappingWarningOnValuesAccess({'level': 4, 'time': 15341, 'latitude': 65, 'longitude': 73})
   shape       : (4, 15341, 65, 73)
  Mask applied: lon=slice(-18.0, 0.0, None), lat=slice(21.0, 37.0, None)
  → Extracting level 500 from q
   [STATS] q_500: mean=0.000881568, min=2.47326e-07, max=0.00508807
  → Extracting level 700 from q
   [STATS] q_700: mean=0.00240559, min=2.47326e-07, max=0.0101267
  → Extracting level 850 from q
   [STATS] q_850: mean=0.00401532, min=3.40433e-06, max=0.0160928
  → Extracting level 1000 from q
   [STATS] q_1000: mean=0.00703118, min=0.000379719, max=0.0196681
Loading merged variable file: /home/mohammad.elaabaribao/lustre/climat-um6p-st-iwri-7ksifkvwkuy/users/mohammad.elaabaribao/data//era5ztquv/1979_2020/all_data/u_1979-2020_levels.nc...
→ Applying spatial mask
  [BEFORE MASK]
   dims        : FrozenMappingWarningOnValuesAccess({'level': 4, 'time': 15341, 'latitude': 81, 'longitude': 81})
   shape       : (4, 15341, 81, 81)
   lon range   : -20.0 → 0.0
   lat range   : 20.0 → 40.0
  [AFTER MASK]
   dims        : FrozenMappingWarningOnValuesAccess({'level': 4, 'time': 15341, 'latitude': 65, 'longitude': 73})
   shape       : (4, 15341, 65, 73)
  Mask applied: lon=slice(-18.0, 0.0, None), lat=slice(21.0, 37.0, None)
  → Extracting level 500 from u
   [STATS] u_500: mean=7.43552, min=-37.2602, max=57.0537
  → Extracting level 700 from u
   [STATS] u_700: mean=3.44468, min=-30.728, max=41.3677
  → Extracting level 850 from u
   [STATS] u_850: mean=-0.0928136, min=-30.6586, max=35.1178
  → Extracting level 1000 from u
   [STATS] u_1000: mean=-1.23506, min=-21.4339, max=21.492
Loading merged variable file: /home/mohammad.elaabaribao/lustre/climat-um6p-st-iwri-7ksifkvwkuy/users/mohammad.elaabaribao/data//era5ztquv/1979_2020/all_data/v_1979-2020_levels.nc...
→ Applying spatial mask
  [BEFORE MASK]
   dims        : FrozenMappingWarningOnValuesAccess({'level': 4, 'time': 15341, 'latitude': 81, 'longitude': 81})
   shape       : (4, 15341, 81, 81)
   lon range   : -20.0 → 0.0
   lat range   : 20.0 → 40.0
  [AFTER MASK]
   dims        : FrozenMappingWarningOnValuesAccess({'level': 4, 'time': 15341, 'latitude': 65, 'longitude': 73})
   shape       : (4, 15341, 65, 73)
  Mask applied: lon=slice(-18.0, 0.0, None), lat=slice(21.0, 37.0, None)
  → Extracting level 500 from v
   [STATS] v_500: mean=0.419974, min=-58.1839, max=48.7587
  → Extracting level 700 from v
   [STATS] v_700: mean=0.343843, min=-37.9504, max=37.6175
  → Extracting level 850 from v
   [STATS] v_850: mean=-0.860284, min=-29.7655, max=34.6308
  → Extracting level 1000 from v
   [STATS] v_1000: mean=-2.17165, min=-26.2215, max=22.4446
Checking time resolution...
Predictor Shape (X): (15341, 20, 9, 10)
Target Train Shape (y_train): torch.Size([9862, 160, 180])
Target Test Shape (y_test): torch.Size([5479, 160, 180])
=== Finished loading datasets ===
=== Preprocessing data ===
Applying normalization mode: gridbox
Normalization done.
--- Processing temp (train) ---
train raw [degree_Celsius] → min=-13.81, max=43.75, mean=21.61
  Units already in Celsius → skipping conversion
train converted [C] → min=-13.81, max=43.75, mean=21.61
--- Processing temp (test) ---
test raw [degree_Celsius] → min=-12.56, max=43.75, mean=22.14
  Units already in Celsius → skipping conversion
test converted [C] → min=-12.56, max=43.75, mean=22.14
=== Preprocessing complete ===
Initializing model for training...

----------- Machine Features -----------
 OS: Linux 4.18.0-553.124.1.el8_10.0.2.x86_64
 CPU: x86_64 (Unknown (psutil missing) cores)
 RAM: Unknown (psutil missing) GB
 GPU 0: NVIDIA A100-SXM4-80GB (79.25 GB)
----------------------------------------
Epoch 1/100 - Duration: 17.27s - Train Loss: 14.9124 - Val Loss: 3.0413
Estimated training process duration: 28:46

Learning rate changed: 1.000000e-03 -> 9.997535e-04
Best model updated at epoch 1 
Epoch 2/100 - Duration: 16.95s - Train Loss: 2.6373 - Val Loss: 2.1126
Learning rate changed: 9.997535e-04 -> 9.990144e-04
Best model updated at epoch 2 
Epoch 3/100 - Duration: 16.95s - Train Loss: 2.2818 - Val Loss: 2.0095
Learning rate changed: 9.990144e-04 -> 9.977832e-04
Best model updated at epoch 3 
Epoch 4/100 - Duration: 16.96s - Train Loss: 2.1981 - Val Loss: 1.8878
Learning rate changed: 9.977832e-04 -> 9.960613e-04
Best model updated at epoch 4 
Epoch 5/100 - Duration: 16.96s - Train Loss: 2.1520 - Val Loss: 1.8835
Learning rate changed: 9.960613e-04 -> 9.938503e-04
Best model updated at epoch 5 
Epoch 6/100 - Duration: 16.96s - Train Loss: 2.1185 - Val Loss: 1.8018
Learning rate changed: 9.938503e-04 -> 9.911525e-04
Best model updated at epoch 6 
Epoch 7/100 - Duration: 16.96s - Train Loss: 2.0793 - Val Loss: 1.7869
Learning rate changed: 9.911525e-04 -> 9.879704e-04
Best model updated at epoch 7 
Epoch 8/100 - Duration: 16.96s - Train Loss: 2.0542 - Val Loss: 1.7797
Learning rate changed: 9.879704e-04 -> 9.843073e-04
Best model updated at epoch 8 
Epoch 9/100 - Duration: 16.96s - Train Loss: 2.0259 - Val Loss: 1.7403
Learning rate changed: 9.843073e-04 -> 9.801667e-04
Best model updated at epoch 9 
Epoch 10/100 - Duration: 16.96s - Train Loss: 2.0186 - Val Loss: 1.7535
Learning rate changed: 9.801667e-04 -> 9.755527e-04
No improvement at epoch 10 (patience: 1/15)
Epoch 11/100 - Duration: 16.96s - Train Loss: 1.9998 - Val Loss: 1.7440
Learning rate changed: 9.755527e-04 -> 9.704699e-04
No improvement at epoch 11 (patience: 2/15)
Epoch 12/100 - Duration: 16.96s - Train Loss: 1.9747 - Val Loss: 1.6852
Learning rate changed: 9.704699e-04 -> 9.649234e-04
Best model updated at epoch 12 
Epoch 13/100 - Duration: 16.98s - Train Loss: 1.9621 - Val Loss: 1.6675
Learning rate changed: 9.649234e-04 -> 9.589184e-04
Best model updated at epoch 13 
Epoch 14/100 - Duration: 16.95s - Train Loss: 1.9500 - Val Loss: 1.6385
Learning rate changed: 9.589184e-04 -> 9.524611e-04
Best model updated at epoch 14 
Epoch 15/100 - Duration: 16.96s - Train Loss: 1.9355 - Val Loss: 1.6974
Learning rate changed: 9.524611e-04 -> 9.455578e-04
No improvement at epoch 15 (patience: 1/15)
Epoch 16/100 - Duration: 16.96s - Train Loss: 1.9145 - Val Loss: 1.6313
Learning rate changed: 9.455578e-04 -> 9.382152e-04
Best model updated at epoch 16 
Epoch 17/100 - Duration: 17.00s - Train Loss: 1.9104 - Val Loss: 1.6805
Learning rate changed: 9.382152e-04 -> 9.304406e-04
No improvement at epoch 17 (patience: 1/15)
Epoch 18/100 - Duration: 17.00s - Train Loss: 1.8994 - Val Loss: 1.6194
Learning rate changed: 9.304406e-04 -> 9.222418e-04
Best model updated at epoch 18 
Epoch 19/100 - Duration: 17.00s - Train Loss: 1.8938 - Val Loss: 1.6488
Learning rate changed: 9.222418e-04 -> 9.136267e-04
No improvement at epoch 19 (patience: 1/15)
Epoch 20/100 - Duration: 16.99s - Train Loss: 1.8799 - Val Loss: 1.5969
Learning rate changed: 9.136267e-04 -> 9.046040e-04
Best model updated at epoch 20 
Epoch 21/100 - Duration: 16.99s - Train Loss: 1.8727 - Val Loss: 1.5891
Learning rate changed: 9.046040e-04 -> 8.951824e-04
Best model updated at epoch 21 
Epoch 22/100 - Duration: 16.98s - Train Loss: 1.8651 - Val Loss: 1.5772
Learning rate changed: 8.951824e-04 -> 8.853714e-04
Best model updated at epoch 22 
Epoch 23/100 - Duration: 16.94s - Train Loss: 1.8628 - Val Loss: 1.5679
Learning rate changed: 8.853714e-04 -> 8.751805e-04
Best model updated at epoch 23 
Epoch 24/100 - Duration: 16.97s - Train Loss: 1.8438 - Val Loss: 1.5885
Learning rate changed: 8.751805e-04 -> 8.646198e-04
No improvement at epoch 24 (patience: 1/15)
Epoch 25/100 - Duration: 16.97s - Train Loss: 1.8568 - Val Loss: 1.5809
Learning rate changed: 8.646198e-04 -> 8.536998e-04
No improvement at epoch 25 (patience: 2/15)
Epoch 26/100 - Duration: 16.97s - Train Loss: 1.8370 - Val Loss: 1.5358
Learning rate changed: 8.536998e-04 -> 8.424313e-04
Best model updated at epoch 26 
Epoch 27/100 - Duration: 16.98s - Train Loss: 1.8357 - Val Loss: 1.5674
Learning rate changed: 8.424313e-04 -> 8.308253e-04
No improvement at epoch 27 (patience: 1/15)
Epoch 28/100 - Duration: 16.98s - Train Loss: 1.8277 - Val Loss: 1.5605
Learning rate changed: 8.308253e-04 -> 8.188933e-04
No improvement at epoch 28 (patience: 2/15)
Epoch 29/100 - Duration: 16.98s - Train Loss: 1.8238 - Val Loss: 1.5484
Learning rate changed: 8.188933e-04 -> 8.066471e-04
No improvement at epoch 29 (patience: 3/15)
Epoch 30/100 - Duration: 16.98s - Train Loss: 1.8128 - Val Loss: 1.5328
Learning rate changed: 8.066471e-04 -> 7.940987e-04
Best model updated at epoch 30 
Epoch 31/100 - Duration: 16.96s - Train Loss: 1.8054 - Val Loss: 1.5572
Learning rate changed: 7.940987e-04 -> 7.812606e-04
No improvement at epoch 31 (patience: 1/15)
Epoch 32/100 - Duration: 16.96s - Train Loss: 1.8062 - Val Loss: 1.5139
Learning rate changed: 7.812606e-04 -> 7.681455e-04
Best model updated at epoch 32 
Epoch 33/100 - Duration: 16.94s - Train Loss: 1.8001 - Val Loss: 1.5100
Learning rate changed: 7.681455e-04 -> 7.547662e-04
Best model updated at epoch 33 
Epoch 34/100 - Duration: 16.94s - Train Loss: 1.7887 - Val Loss: 1.5160
Learning rate changed: 7.547662e-04 -> 7.411360e-04
No improvement at epoch 34 (patience: 1/15)
Epoch 35/100 - Duration: 16.94s - Train Loss: 1.7886 - Val Loss: 1.5085
Learning rate changed: 7.411360e-04 -> 7.272683e-04
Best model updated at epoch 35 
Epoch 36/100 - Duration: 16.93s - Train Loss: 1.7842 - Val Loss: 1.4988
Learning rate changed: 7.272683e-04 -> 7.131768e-04
Best model updated at epoch 36 
Epoch 37/100 - Duration: 16.93s - Train Loss: 1.7709 - Val Loss: 1.4932
Learning rate changed: 7.131768e-04 -> 6.988754e-04
Best model updated at epoch 37 
Epoch 38/100 - Duration: 16.93s - Train Loss: 1.7723 - Val Loss: 1.4739
Learning rate changed: 6.988754e-04 -> 6.843782e-04
Best model updated at epoch 38 
Epoch 39/100 - Duration: 16.94s - Train Loss: 1.7681 - Val Loss: 1.4902
Learning rate changed: 6.843782e-04 -> 6.696996e-04
No improvement at epoch 39 (patience: 1/15)
Epoch 40/100 - Duration: 16.94s - Train Loss: 1.7646 - Val Loss: 1.4772
Learning rate changed: 6.696996e-04 -> 6.548540e-04
No improvement at epoch 40 (patience: 2/15)
Epoch 41/100 - Duration: 16.94s - Train Loss: 1.7637 - Val Loss: 1.4702
Learning rate changed: 6.548540e-04 -> 6.398561e-04
Best model updated at epoch 41 
Epoch 42/100 - Duration: 16.94s - Train Loss: 1.7607 - Val Loss: 1.4839
Learning rate changed: 6.398561e-04 -> 6.247206e-04
No improvement at epoch 42 (patience: 1/15)
Epoch 43/100 - Duration: 16.94s - Train Loss: 1.7492 - Val Loss: 1.4695
Learning rate changed: 6.247206e-04 -> 6.094625e-04
Best model updated at epoch 43 
Epoch 44/100 - Duration: 16.94s - Train Loss: 1.7474 - Val Loss: 1.4633
Learning rate changed: 6.094625e-04 -> 5.940970e-04
Best model updated at epoch 44 
Epoch 45/100 - Duration: 16.94s - Train Loss: 1.7524 - Val Loss: 1.4584
Learning rate changed: 5.940970e-04 -> 5.786390e-04
Best model updated at epoch 45 
Epoch 46/100 - Duration: 16.94s - Train Loss: 1.7385 - Val Loss: 1.4453
Learning rate changed: 5.786390e-04 -> 5.631040e-04
Best model updated at epoch 46 
Epoch 47/100 - Duration: 16.94s - Train Loss: 1.7323 - Val Loss: 1.4262
Learning rate changed: 5.631040e-04 -> 5.475071e-04
Best model updated at epoch 47 
Epoch 48/100 - Duration: 16.94s - Train Loss: 1.7326 - Val Loss: 1.4472
Learning rate changed: 5.475071e-04 -> 5.318639e-04
No improvement at epoch 48 (patience: 1/15)
Epoch 49/100 - Duration: 16.94s - Train Loss: 1.7307 - Val Loss: 1.4535
Learning rate changed: 5.318639e-04 -> 5.161897e-04
No improvement at epoch 49 (patience: 2/15)
Epoch 50/100 - Duration: 16.94s - Train Loss: 1.7309 - Val Loss: 1.4388
Learning rate changed: 5.161897e-04 -> 5.005000e-04
No improvement at epoch 50 (patience: 3/15)
Epoch 51/100 - Duration: 16.94s - Train Loss: 1.7233 - Val Loss: 1.4647
Learning rate changed: 5.005000e-04 -> 4.848103e-04
No improvement at epoch 51 (patience: 4/15)
Epoch 52/100 - Duration: 16.94s - Train Loss: 1.7184 - Val Loss: 1.4409
Learning rate changed: 4.848103e-04 -> 4.691361e-04
No improvement at epoch 52 (patience: 5/15)
Epoch 53/100 - Duration: 16.94s - Train Loss: 1.7244 - Val Loss: 1.4447
Learning rate changed: 4.691361e-04 -> 4.534929e-04
No improvement at epoch 53 (patience: 6/15)
Epoch 54/100 - Duration: 16.94s - Train Loss: 1.7100 - Val Loss: 1.4431
Learning rate changed: 4.534929e-04 -> 4.378960e-04
No improvement at epoch 54 (patience: 7/15)
Epoch 55/100 - Duration: 16.94s - Train Loss: 1.7072 - Val Loss: 1.4181
Learning rate changed: 4.378960e-04 -> 4.223610e-04
Best model updated at epoch 55 
Epoch 56/100 - Duration: 16.94s - Train Loss: 1.7053 - Val Loss: 1.4194
Learning rate changed: 4.223610e-04 -> 4.069030e-04
No improvement at epoch 56 (patience: 1/15)
Epoch 57/100 - Duration: 16.94s - Train Loss: 1.7139 - Val Loss: 1.4389
Learning rate changed: 4.069030e-04 -> 3.915375e-04
No improvement at epoch 57 (patience: 2/15)
Epoch 58/100 - Duration: 16.94s - Train Loss: 1.7074 - Val Loss: 1.4366
Learning rate changed: 3.915375e-04 -> 3.762794e-04
No improvement at epoch 58 (patience: 3/15)
Epoch 59/100 - Duration: 16.94s - Train Loss: 1.7021 - Val Loss: 1.4263
Learning rate changed: 3.762794e-04 -> 3.611439e-04
No improvement at epoch 59 (patience: 4/15)
Epoch 60/100 - Duration: 16.94s - Train Loss: 1.6924 - Val Loss: 1.4312
Learning rate changed: 3.611439e-04 -> 3.461460e-04
No improvement at epoch 60 (patience: 5/15)
Epoch 61/100 - Duration: 16.94s - Train Loss: 1.6861 - Val Loss: 1.4138
Learning rate changed: 3.461460e-04 -> 3.313004e-04
Best model updated at epoch 61 
Epoch 62/100 - Duration: 16.94s - Train Loss: 1.6861 - Val Loss: 1.4155
Learning rate changed: 3.313004e-04 -> 3.166218e-04
No improvement at epoch 62 (patience: 1/15)
Epoch 63/100 - Duration: 16.94s - Train Loss: 1.6908 - Val Loss: 1.4088
Learning rate changed: 3.166218e-04 -> 3.021246e-04
Best model updated at epoch 63 
Epoch 64/100 - Duration: 16.98s - Train Loss: 1.6913 - Val Loss: 1.4164
Learning rate changed: 3.021246e-04 -> 2.878232e-04
No improvement at epoch 64 (patience: 1/15)
Epoch 65/100 - Duration: 16.98s - Train Loss: 1.6780 - Val Loss: 1.3930
Learning rate changed: 2.878232e-04 -> 2.737317e-04
Best model updated at epoch 65 
Epoch 66/100 - Duration: 16.98s - Train Loss: 1.6787 - Val Loss: 1.4026
Learning rate changed: 2.737317e-04 -> 2.598640e-04
No improvement at epoch 66 (patience: 1/15)
Epoch 67/100 - Duration: 16.98s - Train Loss: 1.6744 - Val Loss: 1.4010
Learning rate changed: 2.598640e-04 -> 2.462338e-04
No improvement at epoch 67 (patience: 2/15)
Epoch 68/100 - Duration: 16.98s - Train Loss: 1.6747 - Val Loss: 1.3949
Learning rate changed: 2.462338e-04 -> 2.328545e-04
No improvement at epoch 68 (patience: 3/15)
Epoch 69/100 - Duration: 16.98s - Train Loss: 1.6731 - Val Loss: 1.3859
Learning rate changed: 2.328545e-04 -> 2.197394e-04
Best model updated at epoch 69 
Epoch 70/100 - Duration: 16.96s - Train Loss: 1.6660 - Val Loss: 1.3916
Learning rate changed: 2.197394e-04 -> 2.069013e-04
No improvement at epoch 70 (patience: 1/15)
Epoch 71/100 - Duration: 16.96s - Train Loss: 1.6736 - Val Loss: 1.3824
Learning rate changed: 2.069013e-04 -> 1.943529e-04
Best model updated at epoch 71 
Epoch 72/100 - Duration: 16.96s - Train Loss: 1.6662 - Val Loss: 1.3931
Learning rate changed: 1.943529e-04 -> 1.821067e-04
No improvement at epoch 72 (patience: 1/15)
Epoch 73/100 - Duration: 16.96s - Train Loss: 1.6637 - Val Loss: 1.3786
Learning rate changed: 1.821067e-04 -> 1.701747e-04
Best model updated at epoch 73 
Epoch 74/100 - Duration: 16.98s - Train Loss: 1.6680 - Val Loss: 1.4029
Learning rate changed: 1.701747e-04 -> 1.585687e-04
No improvement at epoch 74 (patience: 1/15)
Epoch 75/100 - Duration: 16.99s - Train Loss: 1.6598 - Val Loss: 1.3782
Learning rate changed: 1.585687e-04 -> 1.473002e-04
Best model updated at epoch 75 
Epoch 76/100 - Duration: 16.99s - Train Loss: 1.6568 - Val Loss: 1.3777
Learning rate changed: 1.473002e-04 -> 1.363802e-04
Best model updated at epoch 76 
Epoch 77/100 - Duration: 16.98s - Train Loss: 1.6619 - Val Loss: 1.3754
Learning rate changed: 1.363802e-04 -> 1.258195e-04
Best model updated at epoch 77 
Epoch 78/100 - Duration: 16.97s - Train Loss: 1.6542 - Val Loss: 1.3723
Learning rate changed: 1.258195e-04 -> 1.156286e-04
Best model updated at epoch 78 
Epoch 79/100 - Duration: 16.94s - Train Loss: 1.6565 - Val Loss: 1.3765
Learning rate changed: 1.156286e-04 -> 1.058176e-04
No improvement at epoch 79 (patience: 1/15)
Epoch 80/100 - Duration: 16.94s - Train Loss: 1.6528 - Val Loss: 1.3710
Learning rate changed: 1.058176e-04 -> 9.639601e-05
Best model updated at epoch 80 
Epoch 81/100 - Duration: 16.94s - Train Loss: 1.6502 - Val Loss: 1.3757
Learning rate changed: 9.639601e-05 -> 8.737325e-05
No improvement at epoch 81 (patience: 1/15)
Epoch 82/100 - Duration: 16.94s - Train Loss: 1.6509 - Val Loss: 1.3713
Learning rate changed: 8.737325e-05 -> 7.875820e-05
No improvement at epoch 82 (patience: 2/15)
Epoch 83/100 - Duration: 16.94s - Train Loss: 1.6497 - Val Loss: 1.3703
Learning rate changed: 7.875820e-05 -> 7.055936e-05
Best model updated at epoch 83 
Epoch 84/100 - Duration: 16.94s - Train Loss: 1.6572 - Val Loss: 1.3720
Learning rate changed: 7.055936e-05 -> 6.278481e-05
No improvement at epoch 84 (patience: 1/15)
Epoch 85/100 - Duration: 16.94s - Train Loss: 1.6383 - Val Loss: 1.3664
Learning rate changed: 6.278481e-05 -> 5.544224e-05
Best model updated at epoch 85 
Epoch 86/100 - Duration: 16.96s - Train Loss: 1.6489 - Val Loss: 1.3750
Learning rate changed: 5.544224e-05 -> 4.853889e-05
No improvement at epoch 86 (patience: 1/15)
Epoch 87/100 - Duration: 16.97s - Train Loss: 1.6525 - Val Loss: 1.3679
Learning rate changed: 4.853889e-05 -> 4.208156e-05
No improvement at epoch 87 (patience: 2/15)
Epoch 88/100 - Duration: 16.96s - Train Loss: 1.6403 - Val Loss: 1.3630
Learning rate changed: 4.208156e-05 -> 3.607665e-05
Best model updated at epoch 88 
Epoch 89/100 - Duration: 16.96s - Train Loss: 1.6435 - Val Loss: 1.3606
Learning rate changed: 3.607665e-05 -> 3.053006e-05
Best model updated at epoch 89 
Epoch 90/100 - Duration: 16.96s - Train Loss: 1.6456 - Val Loss: 1.3647
Learning rate changed: 3.053006e-05 -> 2.544727e-05
No improvement at epoch 90 (patience: 1/15)
Epoch 91/100 - Duration: 16.96s - Train Loss: 1.6463 - Val Loss: 1.3694
Learning rate changed: 2.544727e-05 -> 2.083330e-05
No improvement at epoch 91 (patience: 2/15)
Epoch 92/100 - Duration: 16.95s - Train Loss: 1.6443 - Val Loss: 1.3649
Learning rate changed: 2.083330e-05 -> 1.669271e-05
No improvement at epoch 92 (patience: 3/15)
Epoch 93/100 - Duration: 16.95s - Train Loss: 1.6475 - Val Loss: 1.3638
Learning rate changed: 1.669271e-05 -> 1.302958e-05
No improvement at epoch 93 (patience: 4/15)
Epoch 94/100 - Duration: 16.95s - Train Loss: 1.6495 - Val Loss: 1.3657
Learning rate changed: 1.302958e-05 -> 9.847518e-06
No improvement at epoch 94 (patience: 5/15)
Epoch 95/100 - Duration: 16.96s - Train Loss: 1.6415 - Val Loss: 1.3656
Learning rate changed: 9.847518e-06 -> 7.149674e-06
No improvement at epoch 95 (patience: 6/15)
Epoch 96/100 - Duration: 16.96s - Train Loss: 1.6382 - Val Loss: 1.3621
Learning rate changed: 7.149674e-06 -> 4.938707e-06
No improvement at epoch 96 (patience: 7/15)
Epoch 97/100 - Duration: 16.96s - Train Loss: 1.6419 - Val Loss: 1.3617
Learning rate changed: 4.938707e-06 -> 3.216799e-06
No improvement at epoch 97 (patience: 8/15)
Epoch 98/100 - Duration: 16.96s - Train Loss: 1.6440 - Val Loss: 1.3617
Learning rate changed: 3.216799e-06 -> 1.985649e-06
No improvement at epoch 98 (patience: 9/15)
Epoch 99/100 - Duration: 16.96s - Train Loss: 1.6460 - Val Loss: 1.3625
Learning rate changed: 1.985649e-06 -> 1.246473e-06
No improvement at epoch 99 (patience: 10/15)
Epoch 100/100 - Duration: 16.96s - Train Loss: 1.6403 - Val Loss: 1.3629
Learning rate changed: 1.246473e-06 -> 1.000000e-06
No improvement at epoch 100 (patience: 11/15)

=========== Training Summary ===========
Best epoch         : 89
Best monitored loss: 1.3606
LAST model saved   : /srv/data/mohammad.elaabaribao/work/interns/y2026/temp/ds_temp_intern/temp/results/unet1_loss_gaussian/models/unet1_temp_last.pth
BEST model saved   : /srv/data/mohammad.elaabaribao/work/interns/y2026/temp/ds_temp_intern/temp/results/unet1_loss_gaussian/models/unet1_temp_best.pth
Results directory  : /srv/data/mohammad.elaabaribao/work/interns/y2026/temp/ds_temp_intern/temp/results/unet1_loss_gaussian
========================================
Finished training for ../configs/unet/unet1_loss_gaussian.yaml
