Starting training for ../configs/unet/unet1_loss_mse.yaml
Using device: cuda
Using device: cuda
=== Starting training process for temp ===
=== Loading datasets (src=era5, target=mswt) ===
Loading temp file: /home/mohammad.elaabaribao/lustre/climat-um6p-st-iwri-7ksifkvwkuy/users/mohammad.elaabaribao/data/mswep/mswt_1979_2020.nc
→ Applying spatial mask
  [BEFORE MASK]
   dims        : FrozenMappingWarningOnValuesAccess({'time': 15341, 'lat': 220, 'lon': 220})
   shape       : (15341, 220, 220)
   lon range   : -20.950000762939453 → 0.9500091671943665
   lat range   : 19.049999237060547 → 40.95000076293945
  [AFTER MASK]
   dims        : FrozenMappingWarningOnValuesAccess({'time': 15341, 'lat': 160, 'lon': 180})
   shape       : (15341, 160, 180)
  Mask applied: lon=slice(-18.0, 0.0, None), lat=slice(21.0, 37.0, None)
TEMP shapes → train=(9862, 160, 180), test=(5479, 160, 180)
Checking target time resolution...
   [STATS] temp (train): mean=21.6071, min=-13.8125, max=43.75
   [STATS] temp (test): mean=22.1381, min=-12.5625, max=43.75
Loading merged variable file: /home/mohammad.elaabaribao/lustre/climat-um6p-st-iwri-7ksifkvwkuy/users/mohammad.elaabaribao/data//era5ztquv/1979_2020/all_data/z_1979-2020_levels.nc...
→ Applying spatial mask
  [BEFORE MASK]
   dims        : FrozenMappingWarningOnValuesAccess({'level': 4, 'time': 15341, 'latitude': 81, 'longitude': 81})
   shape       : (4, 15341, 81, 81)
   lon range   : -20.0 → 0.0
   lat range   : 20.0 → 40.0
  [AFTER MASK]
   dims        : FrozenMappingWarningOnValuesAccess({'level': 4, 'time': 15341, 'latitude': 65, 'longitude': 73})
   shape       : (4, 15341, 65, 73)
  Mask applied: lon=slice(-18.0, 0.0, None), lat=slice(21.0, 37.0, None)
  → Extracting level 500 from z
   [STATS] z_500: mean=57051.9, min=51355.7, max=58985.4
  → Extracting level 700 from z
   [STATS] z_700: mean=30934.4, min=27009.6, max=32387.8
  → Extracting level 850 from z
   [STATS] z_850: mean=15056.9, min=11703.2, max=16740.1
  → Extracting level 1000 from z
   [STATS] z_1000: mean=1404.33, min=-1629.04, max=3461.49
Loading merged variable file: /home/mohammad.elaabaribao/lustre/climat-um6p-st-iwri-7ksifkvwkuy/users/mohammad.elaabaribao/data//era5ztquv/1979_2020/all_data/t_1979-2020_levels.nc...
→ Applying spatial mask
  [BEFORE MASK]
   dims        : FrozenMappingWarningOnValuesAccess({'level': 4, 'time': 15341, 'latitude': 81, 'longitude': 81})
   shape       : (4, 15341, 81, 81)
   lon range   : -20.0 → 0.0
   lat range   : 20.0 → 40.0
  [AFTER MASK]
   dims        : FrozenMappingWarningOnValuesAccess({'level': 4, 'time': 15341, 'latitude': 65, 'longitude': 73})
   shape       : (4, 15341, 65, 73)
  Mask applied: lon=slice(-18.0, 0.0, None), lat=slice(21.0, 37.0, None)
  → Extracting level 500 from t
   [STATS] t_500: mean=-11.9415, min=-37.6865, max=-0.750632
  → Extracting level 700 from t
   [STATS] t_700: mean=6.14864, min=-20.3726, max=18.2581
  → Extracting level 850 from t
   [STATS] t_850: mean=15.8876, min=-9.36083, max=34.181
  → Extracting level 1000 from t
   [STATS] t_1000: mean=15.8876, min=-9.36083, max=34.181
Loading merged variable file: /home/mohammad.elaabaribao/lustre/climat-um6p-st-iwri-7ksifkvwkuy/users/mohammad.elaabaribao/data//era5ztquv/1979_2020/all_data/q_1979-2020_levels.nc...
→ Applying spatial mask
  [BEFORE MASK]
   dims        : FrozenMappingWarningOnValuesAccess({'level': 4, 'time': 15341, 'latitude': 81, 'longitude': 81})
   shape       : (4, 15341, 81, 81)
   lon range   : -20.0 → 0.0
   lat range   : 20.0 → 40.0
  [AFTER MASK]
   dims        : FrozenMappingWarningOnValuesAccess({'level': 4, 'time': 15341, 'latitude': 65, 'longitude': 73})
   shape       : (4, 15341, 65, 73)
  Mask applied: lon=slice(-18.0, 0.0, None), lat=slice(21.0, 37.0, None)
  → Extracting level 500 from q
   [STATS] q_500: mean=0.000881568, min=2.47326e-07, max=0.00508807
  → Extracting level 700 from q
   [STATS] q_700: mean=0.00240559, min=2.47326e-07, max=0.0101267
  → Extracting level 850 from q
   [STATS] q_850: mean=0.00401532, min=3.40433e-06, max=0.0160928
  → Extracting level 1000 from q
   [STATS] q_1000: mean=0.00703118, min=0.000379719, max=0.0196681
Loading merged variable file: /home/mohammad.elaabaribao/lustre/climat-um6p-st-iwri-7ksifkvwkuy/users/mohammad.elaabaribao/data//era5ztquv/1979_2020/all_data/u_1979-2020_levels.nc...
→ Applying spatial mask
  [BEFORE MASK]
   dims        : FrozenMappingWarningOnValuesAccess({'level': 4, 'time': 15341, 'latitude': 81, 'longitude': 81})
   shape       : (4, 15341, 81, 81)
   lon range   : -20.0 → 0.0
   lat range   : 20.0 → 40.0
  [AFTER MASK]
   dims        : FrozenMappingWarningOnValuesAccess({'level': 4, 'time': 15341, 'latitude': 65, 'longitude': 73})
   shape       : (4, 15341, 65, 73)
  Mask applied: lon=slice(-18.0, 0.0, None), lat=slice(21.0, 37.0, None)
  → Extracting level 500 from u
   [STATS] u_500: mean=7.43552, min=-37.2602, max=57.0537
  → Extracting level 700 from u
   [STATS] u_700: mean=3.44468, min=-30.728, max=41.3677
  → Extracting level 850 from u
   [STATS] u_850: mean=-0.0928136, min=-30.6586, max=35.1178
  → Extracting level 1000 from u
   [STATS] u_1000: mean=-1.23506, min=-21.4339, max=21.492
Loading merged variable file: /home/mohammad.elaabaribao/lustre/climat-um6p-st-iwri-7ksifkvwkuy/users/mohammad.elaabaribao/data//era5ztquv/1979_2020/all_data/v_1979-2020_levels.nc...
→ Applying spatial mask
  [BEFORE MASK]
   dims        : FrozenMappingWarningOnValuesAccess({'level': 4, 'time': 15341, 'latitude': 81, 'longitude': 81})
   shape       : (4, 15341, 81, 81)
   lon range   : -20.0 → 0.0
   lat range   : 20.0 → 40.0
  [AFTER MASK]
   dims        : FrozenMappingWarningOnValuesAccess({'level': 4, 'time': 15341, 'latitude': 65, 'longitude': 73})
   shape       : (4, 15341, 65, 73)
  Mask applied: lon=slice(-18.0, 0.0, None), lat=slice(21.0, 37.0, None)
  → Extracting level 500 from v
   [STATS] v_500: mean=0.419974, min=-58.1839, max=48.7587
  → Extracting level 700 from v
   [STATS] v_700: mean=0.343843, min=-37.9504, max=37.6175
  → Extracting level 850 from v
   [STATS] v_850: mean=-0.860284, min=-29.7655, max=34.6308
  → Extracting level 1000 from v
   [STATS] v_1000: mean=-2.17165, min=-26.2215, max=22.4446
Checking time resolution...
Predictor Shape (X): (15341, 20, 9, 10)
Target Train Shape (y_train): torch.Size([9862, 160, 180])
Target Test Shape (y_test): torch.Size([5479, 160, 180])
=== Finished loading datasets ===
=== Preprocessing data ===
Applying normalization mode: gridbox
Normalization done.
--- Processing temp (train) ---
train raw [degree_Celsius] → min=-13.81, max=43.75, mean=21.61
  Units already in Celsius → skipping conversion
train converted [C] → min=-13.81, max=43.75, mean=21.61
--- Processing temp (test) ---
test raw [degree_Celsius] → min=-12.56, max=43.75, mean=22.14
  Units already in Celsius → skipping conversion
test converted [C] → min=-12.56, max=43.75, mean=22.14
=== Preprocessing complete ===
Initializing model for training...

----------- Machine Features -----------
 OS: Linux 4.18.0-553.124.1.el8_10.0.2.x86_64
 CPU: x86_64 (Unknown (psutil missing) cores)
 RAM: Unknown (psutil missing) GB
 GPU 0: NVIDIA A100-SXM4-80GB (79.25 GB)
----------------------------------------
Epoch 1/100 - Duration: 16.95s - Train Loss: 259.8864 - Val Loss: 72.9216
Estimated training process duration: 28:14

Learning rate changed: 1.000000e-03 -> 9.997535e-04
Best model updated at epoch 1 
Epoch 2/100 - Duration: 16.67s - Train Loss: 23.8629 - Val Loss: 3.9107
Learning rate changed: 9.997535e-04 -> 9.990144e-04
Best model updated at epoch 2 
Epoch 3/100 - Duration: 16.68s - Train Loss: 5.7798 - Val Loss: 3.2557
Learning rate changed: 9.990144e-04 -> 9.977832e-04
Best model updated at epoch 3 
Epoch 4/100 - Duration: 16.69s - Train Loss: 5.1110 - Val Loss: 2.7121
Learning rate changed: 9.977832e-04 -> 9.960613e-04
Best model updated at epoch 4 
Epoch 5/100 - Duration: 16.69s - Train Loss: 4.7528 - Val Loss: 2.2051
Learning rate changed: 9.960613e-04 -> 9.938503e-04
Best model updated at epoch 5 
Epoch 6/100 - Duration: 16.73s - Train Loss: 4.5103 - Val Loss: 2.1062
Learning rate changed: 9.938503e-04 -> 9.911525e-04
Best model updated at epoch 6 
Epoch 7/100 - Duration: 16.72s - Train Loss: 4.2851 - Val Loss: 2.0145
Learning rate changed: 9.911525e-04 -> 9.879704e-04
Best model updated at epoch 7 
Epoch 8/100 - Duration: 16.72s - Train Loss: 4.1373 - Val Loss: 1.8878
Learning rate changed: 9.879704e-04 -> 9.843073e-04
Best model updated at epoch 8 
Epoch 9/100 - Duration: 16.72s - Train Loss: 4.1044 - Val Loss: 1.6767
Learning rate changed: 9.843073e-04 -> 9.801667e-04
Best model updated at epoch 9 
Epoch 10/100 - Duration: 16.72s - Train Loss: 3.9060 - Val Loss: 1.6698
Learning rate changed: 9.801667e-04 -> 9.755527e-04
Best model updated at epoch 10 
Epoch 11/100 - Duration: 16.69s - Train Loss: 3.8699 - Val Loss: 1.6419
Learning rate changed: 9.755527e-04 -> 9.704699e-04
Best model updated at epoch 11 
Epoch 12/100 - Duration: 16.69s - Train Loss: 3.7300 - Val Loss: 1.4852
Learning rate changed: 9.704699e-04 -> 9.649234e-04
Best model updated at epoch 12 
Epoch 13/100 - Duration: 16.69s - Train Loss: 3.6480 - Val Loss: 1.5223
Learning rate changed: 9.649234e-04 -> 9.589184e-04
No improvement at epoch 13 (patience: 1/15)
Epoch 14/100 - Duration: 16.68s - Train Loss: 3.5683 - Val Loss: 1.7049
Learning rate changed: 9.589184e-04 -> 9.524611e-04
No improvement at epoch 14 (patience: 2/15)
Epoch 15/100 - Duration: 16.69s - Train Loss: 3.6004 - Val Loss: 1.5322
Learning rate changed: 9.524611e-04 -> 9.455578e-04
No improvement at epoch 15 (patience: 3/15)
Epoch 16/100 - Duration: 16.68s - Train Loss: 3.4502 - Val Loss: 1.4259
Learning rate changed: 9.455578e-04 -> 9.382152e-04
Best model updated at epoch 16 
Epoch 17/100 - Duration: 16.68s - Train Loss: 3.4098 - Val Loss: 1.6111
Learning rate changed: 9.382152e-04 -> 9.304406e-04
No improvement at epoch 17 (patience: 1/15)
Epoch 18/100 - Duration: 16.68s - Train Loss: 3.4020 - Val Loss: 1.2896
Learning rate changed: 9.304406e-04 -> 9.222418e-04
Best model updated at epoch 18 
Epoch 19/100 - Duration: 16.68s - Train Loss: 3.2717 - Val Loss: 1.3622
Learning rate changed: 9.222418e-04 -> 9.136267e-04
No improvement at epoch 19 (patience: 1/15)
Epoch 20/100 - Duration: 16.68s - Train Loss: 3.3123 - Val Loss: 1.2999
Learning rate changed: 9.136267e-04 -> 9.046040e-04
No improvement at epoch 20 (patience: 2/15)
Epoch 21/100 - Duration: 16.68s - Train Loss: 3.2801 - Val Loss: 1.3094
Learning rate changed: 9.046040e-04 -> 8.951824e-04
No improvement at epoch 21 (patience: 3/15)
Epoch 22/100 - Duration: 16.68s - Train Loss: 3.2632 - Val Loss: 1.2423
Learning rate changed: 8.951824e-04 -> 8.853714e-04
Best model updated at epoch 22 
Epoch 23/100 - Duration: 16.71s - Train Loss: 3.1891 - Val Loss: 1.2455
Learning rate changed: 8.853714e-04 -> 8.751805e-04
No improvement at epoch 23 (patience: 1/15)
Epoch 24/100 - Duration: 16.71s - Train Loss: 3.1253 - Val Loss: 1.2803
Learning rate changed: 8.751805e-04 -> 8.646198e-04
No improvement at epoch 24 (patience: 2/15)
Epoch 25/100 - Duration: 16.71s - Train Loss: 3.0271 - Val Loss: 1.1956
Learning rate changed: 8.646198e-04 -> 8.536998e-04
Best model updated at epoch 25 
Epoch 26/100 - Duration: 16.71s - Train Loss: 3.0147 - Val Loss: 1.2886
Learning rate changed: 8.536998e-04 -> 8.424313e-04
No improvement at epoch 26 (patience: 1/15)
Epoch 27/100 - Duration: 16.70s - Train Loss: 3.0109 - Val Loss: 1.1667
Learning rate changed: 8.424313e-04 -> 8.308253e-04
Best model updated at epoch 27 
Epoch 28/100 - Duration: 16.70s - Train Loss: 2.9356 - Val Loss: 1.1591
Learning rate changed: 8.308253e-04 -> 8.188933e-04
Best model updated at epoch 28 
Epoch 29/100 - Duration: 16.68s - Train Loss: 2.8818 - Val Loss: 1.1246
Learning rate changed: 8.188933e-04 -> 8.066471e-04
Best model updated at epoch 29 
Epoch 30/100 - Duration: 16.71s - Train Loss: 2.8332 - Val Loss: 1.1510
Learning rate changed: 8.066471e-04 -> 7.940987e-04
No improvement at epoch 30 (patience: 1/15)
Epoch 31/100 - Duration: 16.70s - Train Loss: 2.8628 - Val Loss: 1.3463
Learning rate changed: 7.940987e-04 -> 7.812606e-04
No improvement at epoch 31 (patience: 2/15)
Epoch 32/100 - Duration: 16.70s - Train Loss: 2.7467 - Val Loss: 1.1023
Learning rate changed: 7.812606e-04 -> 7.681455e-04
Best model updated at epoch 32 
Epoch 33/100 - Duration: 16.71s - Train Loss: 2.7789 - Val Loss: 1.0727
Learning rate changed: 7.681455e-04 -> 7.547662e-04
Best model updated at epoch 33 
Epoch 34/100 - Duration: 16.70s - Train Loss: 2.7634 - Val Loss: 1.1753
Learning rate changed: 7.547662e-04 -> 7.411360e-04
No improvement at epoch 34 (patience: 1/15)
Epoch 35/100 - Duration: 16.70s - Train Loss: 2.7234 - Val Loss: 1.0745
Learning rate changed: 7.411360e-04 -> 7.272683e-04
No improvement at epoch 35 (patience: 2/15)
Epoch 36/100 - Duration: 16.70s - Train Loss: 2.6797 - Val Loss: 1.0609
Learning rate changed: 7.272683e-04 -> 7.131768e-04
Best model updated at epoch 36 
Epoch 37/100 - Duration: 16.72s - Train Loss: 2.6619 - Val Loss: 1.0185
Learning rate changed: 7.131768e-04 -> 6.988754e-04
Best model updated at epoch 37 
Epoch 38/100 - Duration: 16.72s - Train Loss: 2.5751 - Val Loss: 1.0338
Learning rate changed: 6.988754e-04 -> 6.843782e-04
No improvement at epoch 38 (patience: 1/15)
Epoch 39/100 - Duration: 16.72s - Train Loss: 2.5150 - Val Loss: 1.0449
Learning rate changed: 6.843782e-04 -> 6.696996e-04
No improvement at epoch 39 (patience: 2/15)
Epoch 40/100 - Duration: 16.72s - Train Loss: 2.5327 - Val Loss: 1.0343
Learning rate changed: 6.696996e-04 -> 6.548540e-04
No improvement at epoch 40 (patience: 3/15)
Epoch 41/100 - Duration: 16.71s - Train Loss: 2.5198 - Val Loss: 1.0328
Learning rate changed: 6.548540e-04 -> 6.398561e-04
No improvement at epoch 41 (patience: 4/15)
Epoch 42/100 - Duration: 16.71s - Train Loss: 2.5012 - Val Loss: 1.0155
Learning rate changed: 6.398561e-04 -> 6.247206e-04
Best model updated at epoch 42 
Epoch 43/100 - Duration: 16.69s - Train Loss: 2.4654 - Val Loss: 1.0121
Learning rate changed: 6.247206e-04 -> 6.094625e-04
Best model updated at epoch 43 
Epoch 44/100 - Duration: 16.65s - Train Loss: 2.4057 - Val Loss: 1.0329
Learning rate changed: 6.094625e-04 -> 5.940970e-04
No improvement at epoch 44 (patience: 1/15)
Epoch 45/100 - Duration: 16.65s - Train Loss: 2.3950 - Val Loss: 1.0029
Learning rate changed: 5.940970e-04 -> 5.786390e-04
Best model updated at epoch 45 
Epoch 46/100 - Duration: 16.65s - Train Loss: 2.3807 - Val Loss: 1.0673
Learning rate changed: 5.786390e-04 -> 5.631040e-04
No improvement at epoch 46 (patience: 1/15)
Epoch 47/100 - Duration: 16.65s - Train Loss: 2.3250 - Val Loss: 1.0376
Learning rate changed: 5.631040e-04 -> 5.475071e-04
No improvement at epoch 47 (patience: 2/15)
Epoch 48/100 - Duration: 16.65s - Train Loss: 2.3735 - Val Loss: 0.9595
Learning rate changed: 5.475071e-04 -> 5.318639e-04
Best model updated at epoch 48 
Epoch 49/100 - Duration: 16.65s - Train Loss: 2.3212 - Val Loss: 0.9554
Learning rate changed: 5.318639e-04 -> 5.161897e-04
Best model updated at epoch 49 
Epoch 50/100 - Duration: 16.65s - Train Loss: 2.3026 - Val Loss: 0.9270
Learning rate changed: 5.161897e-04 -> 5.005000e-04
Best model updated at epoch 50 
Epoch 51/100 - Duration: 16.68s - Train Loss: 2.2898 - Val Loss: 1.0022
Learning rate changed: 5.005000e-04 -> 4.848103e-04
No improvement at epoch 51 (patience: 1/15)
Epoch 52/100 - Duration: 16.68s - Train Loss: 2.2557 - Val Loss: 0.9234
Learning rate changed: 4.848103e-04 -> 4.691361e-04
Best model updated at epoch 52 
Epoch 53/100 - Duration: 16.68s - Train Loss: 2.2129 - Val Loss: 0.9510
Learning rate changed: 4.691361e-04 -> 4.534929e-04
No improvement at epoch 53 (patience: 1/15)
Epoch 54/100 - Duration: 16.68s - Train Loss: 2.2288 - Val Loss: 0.9586
Learning rate changed: 4.534929e-04 -> 4.378960e-04
No improvement at epoch 54 (patience: 2/15)
Epoch 55/100 - Duration: 16.68s - Train Loss: 2.2039 - Val Loss: 0.9483
Learning rate changed: 4.378960e-04 -> 4.223610e-04
No improvement at epoch 55 (patience: 3/15)
Epoch 56/100 - Duration: 16.68s - Train Loss: 2.2055 - Val Loss: 0.9221
Learning rate changed: 4.223610e-04 -> 4.069030e-04
Best model updated at epoch 56 
Epoch 57/100 - Duration: 16.70s - Train Loss: 2.2038 - Val Loss: 0.9274
Learning rate changed: 4.069030e-04 -> 3.915375e-04
No improvement at epoch 57 (patience: 1/15)
Epoch 58/100 - Duration: 16.70s - Train Loss: 2.1547 - Val Loss: 0.9967
Learning rate changed: 3.915375e-04 -> 3.762794e-04
No improvement at epoch 58 (patience: 2/15)
Epoch 59/100 - Duration: 16.70s - Train Loss: 2.1265 - Val Loss: 0.8572
Learning rate changed: 3.762794e-04 -> 3.611439e-04
Best model updated at epoch 59 
Epoch 60/100 - Duration: 16.65s - Train Loss: 2.1540 - Val Loss: 0.9254
Learning rate changed: 3.611439e-04 -> 3.461460e-04
No improvement at epoch 60 (patience: 1/15)
Epoch 61/100 - Duration: 16.65s - Train Loss: 2.1310 - Val Loss: 0.8709
Learning rate changed: 3.461460e-04 -> 3.313004e-04
No improvement at epoch 61 (patience: 2/15)
Epoch 62/100 - Duration: 16.65s - Train Loss: 2.0887 - Val Loss: 0.8832
Learning rate changed: 3.313004e-04 -> 3.166218e-04
No improvement at epoch 62 (patience: 3/15)
Epoch 63/100 - Duration: 16.65s - Train Loss: 2.1156 - Val Loss: 0.9173
Learning rate changed: 3.166218e-04 -> 3.021246e-04
No improvement at epoch 63 (patience: 4/15)
Epoch 64/100 - Duration: 16.65s - Train Loss: 2.0804 - Val Loss: 0.9297
Learning rate changed: 3.021246e-04 -> 2.878232e-04
No improvement at epoch 64 (patience: 5/15)
Epoch 65/100 - Duration: 16.65s - Train Loss: 2.0590 - Val Loss: 0.8788
Learning rate changed: 2.878232e-04 -> 2.737317e-04
No improvement at epoch 65 (patience: 6/15)
Epoch 66/100 - Duration: 16.65s - Train Loss: 2.0664 - Val Loss: 0.8768
Learning rate changed: 2.737317e-04 -> 2.598640e-04
No improvement at epoch 66 (patience: 7/15)
Epoch 67/100 - Duration: 16.65s - Train Loss: 2.0726 - Val Loss: 0.8553
Learning rate changed: 2.598640e-04 -> 2.462338e-04
Best model updated at epoch 67 
Epoch 68/100 - Duration: 16.65s - Train Loss: 2.0323 - Val Loss: 0.8739
Learning rate changed: 2.462338e-04 -> 2.328545e-04
No improvement at epoch 68 (patience: 1/15)
Epoch 69/100 - Duration: 16.65s - Train Loss: 2.0009 - Val Loss: 0.8399
Learning rate changed: 2.328545e-04 -> 2.197394e-04
Best model updated at epoch 69 
Epoch 70/100 - Duration: 16.66s - Train Loss: 2.0306 - Val Loss: 0.8417
Learning rate changed: 2.197394e-04 -> 2.069013e-04
No improvement at epoch 70 (patience: 1/15)
Epoch 71/100 - Duration: 16.66s - Train Loss: 2.0120 - Val Loss: 0.8335
Learning rate changed: 2.069013e-04 -> 1.943529e-04
Best model updated at epoch 71 
Epoch 72/100 - Duration: 16.65s - Train Loss: 2.0182 - Val Loss: 0.8178
Learning rate changed: 1.943529e-04 -> 1.821067e-04
Best model updated at epoch 72 
Epoch 73/100 - Duration: 16.65s - Train Loss: 1.9398 - Val Loss: 0.8455
Learning rate changed: 1.821067e-04 -> 1.701747e-04
No improvement at epoch 73 (patience: 1/15)
Epoch 74/100 - Duration: 16.65s - Train Loss: 1.9950 - Val Loss: 0.8534
Learning rate changed: 1.701747e-04 -> 1.585687e-04
No improvement at epoch 74 (patience: 2/15)
Epoch 75/100 - Duration: 16.65s - Train Loss: 1.9554 - Val Loss: 0.8115
Learning rate changed: 1.585687e-04 -> 1.473002e-04
Best model updated at epoch 75 
Epoch 76/100 - Duration: 16.65s - Train Loss: 1.9433 - Val Loss: 0.8206
Learning rate changed: 1.473002e-04 -> 1.363802e-04
No improvement at epoch 76 (patience: 1/15)
Epoch 77/100 - Duration: 16.65s - Train Loss: 1.9655 - Val Loss: 0.8038
Learning rate changed: 1.363802e-04 -> 1.258195e-04
Best model updated at epoch 77 
Epoch 78/100 - Duration: 16.68s - Train Loss: 1.9192 - Val Loss: 0.8175
Learning rate changed: 1.258195e-04 -> 1.156286e-04
No improvement at epoch 78 (patience: 1/15)
Epoch 79/100 - Duration: 16.69s - Train Loss: 1.9457 - Val Loss: 0.8117
Learning rate changed: 1.156286e-04 -> 1.058176e-04
No improvement at epoch 79 (patience: 2/15)
Epoch 80/100 - Duration: 16.68s - Train Loss: 1.9283 - Val Loss: 0.8216
Learning rate changed: 1.058176e-04 -> 9.639601e-05
No improvement at epoch 80 (patience: 3/15)
Epoch 81/100 - Duration: 16.68s - Train Loss: 1.9401 - Val Loss: 0.8045
Learning rate changed: 9.639601e-05 -> 8.737325e-05
No improvement at epoch 81 (patience: 4/15)
Epoch 82/100 - Duration: 16.68s - Train Loss: 1.9489 - Val Loss: 0.8162
Learning rate changed: 8.737325e-05 -> 7.875820e-05
No improvement at epoch 82 (patience: 5/15)
Epoch 83/100 - Duration: 16.69s - Train Loss: 1.9338 - Val Loss: 0.8061
Learning rate changed: 7.875820e-05 -> 7.055936e-05
No improvement at epoch 83 (patience: 6/15)
Epoch 84/100 - Duration: 16.68s - Train Loss: 1.9315 - Val Loss: 0.7955
Learning rate changed: 7.055936e-05 -> 6.278481e-05
Best model updated at epoch 84 
Epoch 85/100 - Duration: 16.68s - Train Loss: 1.9114 - Val Loss: 0.7959
Learning rate changed: 6.278481e-05 -> 5.544224e-05
No improvement at epoch 85 (patience: 1/15)
Epoch 86/100 - Duration: 16.68s - Train Loss: 1.9262 - Val Loss: 0.7908
Learning rate changed: 5.544224e-05 -> 4.853889e-05
Best model updated at epoch 86 
Epoch 87/100 - Duration: 16.70s - Train Loss: 1.9230 - Val Loss: 0.7995
Learning rate changed: 4.853889e-05 -> 4.208156e-05
No improvement at epoch 87 (patience: 1/15)
Epoch 88/100 - Duration: 16.70s - Train Loss: 1.8663 - Val Loss: 0.7866
Learning rate changed: 4.208156e-05 -> 3.607665e-05
Best model updated at epoch 88 
Epoch 89/100 - Duration: 16.69s - Train Loss: 1.9037 - Val Loss: 0.7936
Learning rate changed: 3.607665e-05 -> 3.053006e-05
No improvement at epoch 89 (patience: 1/15)
Epoch 90/100 - Duration: 16.69s - Train Loss: 1.9056 - Val Loss: 0.7938
Learning rate changed: 3.053006e-05 -> 2.544727e-05
No improvement at epoch 90 (patience: 2/15)
Epoch 91/100 - Duration: 16.70s - Train Loss: 1.9166 - Val Loss: 0.7854
Learning rate changed: 2.544727e-05 -> 2.083330e-05
Best model updated at epoch 91 
Epoch 92/100 - Duration: 16.65s - Train Loss: 1.8919 - Val Loss: 0.7911
Learning rate changed: 2.083330e-05 -> 1.669271e-05
No improvement at epoch 92 (patience: 1/15)
Epoch 93/100 - Duration: 16.65s - Train Loss: 1.8802 - Val Loss: 0.7861
Learning rate changed: 1.669271e-05 -> 1.302958e-05
No improvement at epoch 93 (patience: 2/15)
Epoch 94/100 - Duration: 16.65s - Train Loss: 1.9178 - Val Loss: 0.7893
Learning rate changed: 1.302958e-05 -> 9.847518e-06
No improvement at epoch 94 (patience: 3/15)
Epoch 95/100 - Duration: 16.65s - Train Loss: 1.8764 - Val Loss: 0.7849
Learning rate changed: 9.847518e-06 -> 7.149674e-06
Best model updated at epoch 95 
Epoch 96/100 - Duration: 16.70s - Train Loss: 1.8765 - Val Loss: 0.7877
Learning rate changed: 7.149674e-06 -> 4.938707e-06
No improvement at epoch 96 (patience: 1/15)
Epoch 97/100 - Duration: 16.70s - Train Loss: 1.9169 - Val Loss: 0.7876
Learning rate changed: 4.938707e-06 -> 3.216799e-06
No improvement at epoch 97 (patience: 2/15)
Epoch 98/100 - Duration: 16.70s - Train Loss: 1.9024 - Val Loss: 0.7845
Learning rate changed: 3.216799e-06 -> 1.985649e-06
Best model updated at epoch 98 
Epoch 99/100 - Duration: 16.68s - Train Loss: 1.8674 - Val Loss: 0.7842
Learning rate changed: 1.985649e-06 -> 1.246473e-06
Best model updated at epoch 99 
Epoch 100/100 - Duration: 16.65s - Train Loss: 1.8951 - Val Loss: 0.7840
Learning rate changed: 1.246473e-06 -> 1.000000e-06
Best model updated at epoch 100 

=========== Training Summary ===========
Best epoch         : 100
Best monitored loss: 0.7840
LAST model saved   : /srv/data/mohammad.elaabaribao/work/interns/y2026/temp/ds_temp_intern/temp/results/unet1_loss_mse/models/unet1_temp_last.pth
BEST model saved   : /srv/data/mohammad.elaabaribao/work/interns/y2026/temp/ds_temp_intern/temp/results/unet1_loss_mse/models/unet1_temp_best.pth
Results directory  : /srv/data/mohammad.elaabaribao/work/interns/y2026/temp/ds_temp_intern/temp/results/unet1_loss_mse
========================================
Finished training for ../configs/unet/unet1_loss_mse.yaml
