Traceback (most recent call last):
  File "/home/mohammad.elaabaribao/.conda/envs/clean_env_Pytorch/lib/python3.9/site-packages/xarray/backends/file_manager.py", line 211, in _acquire_with_cache_info
    file = self._cache[self._key]
  File "/home/mohammad.elaabaribao/.conda/envs/clean_env_Pytorch/lib/python3.9/site-packages/xarray/backends/lru_cache.py", line 56, in __getitem__
    value = self._cache[key]
KeyError: [<class 'netCDF4._netCDF4.Dataset'>, ('/srv/data/mohammad.elaabaribao/work/interns/y2026/temp/ds_temp_intern/temp/main/DATA1/predictand_mswet/mswt_1979_2020.nc',), 'r', (('clobber', True), ('diskless', False), ('format', 'NETCDF4'), ('persist', False)), '47d3377f-4810-4278-ad86-e4f92066983b']

During handling of the above exception, another exception occurred:

Traceback (most recent call last):
  File "/srv/data/mohammad.elaabaribao/work/interns/y2026/temp/ds_temp_intern/temp/main/train.py", line 119, in <module>
    main()
  File "/srv/data/mohammad.elaabaribao/work/interns/y2026/temp/ds_temp_intern/temp/main/train.py", line 41, in main
    datasets = load_datasets(cfg)
  File "/srv/data/mohammad.elaabaribao/work/interns/y2026/temp/ds_temp_intern/temp/main/src/data/data_loading.py", line 325, in load_datasets
    ds_temp_check = xr.open_dataset(pr_file)
  File "/home/mohammad.elaabaribao/.conda/envs/clean_env_Pytorch/lib/python3.9/site-packages/xarray/backends/api.py", line 588, in open_dataset
    backend_ds = backend.open_dataset(
  File "/home/mohammad.elaabaribao/.conda/envs/clean_env_Pytorch/lib/python3.9/site-packages/xarray/backends/netCDF4_.py", line 645, in open_dataset
    store = NetCDF4DataStore.open(
  File "/home/mohammad.elaabaribao/.conda/envs/clean_env_Pytorch/lib/python3.9/site-packages/xarray/backends/netCDF4_.py", line 408, in open
    return cls(manager, group=group, mode=mode, lock=lock, autoclose=autoclose)
  File "/home/mohammad.elaabaribao/.conda/envs/clean_env_Pytorch/lib/python3.9/site-packages/xarray/backends/netCDF4_.py", line 355, in __init__
    self.format = self.ds.data_model
  File "/home/mohammad.elaabaribao/.conda/envs/clean_env_Pytorch/lib/python3.9/site-packages/xarray/backends/netCDF4_.py", line 417, in ds
    return self._acquire()
  File "/home/mohammad.elaabaribao/.conda/envs/clean_env_Pytorch/lib/python3.9/site-packages/xarray/backends/netCDF4_.py", line 411, in _acquire
    with self._manager.acquire_context(needs_lock) as root:
  File "/home/mohammad.elaabaribao/.conda/envs/clean_env_Pytorch/lib/python3.9/contextlib.py", line 119, in __enter__
    return next(self.gen)
  File "/home/mohammad.elaabaribao/.conda/envs/clean_env_Pytorch/lib/python3.9/site-packages/xarray/backends/file_manager.py", line 199, in acquire_context
    file, cached = self._acquire_with_cache_info(needs_lock)
  File "/home/mohammad.elaabaribao/.conda/envs/clean_env_Pytorch/lib/python3.9/site-packages/xarray/backends/file_manager.py", line 217, in _acquire_with_cache_info
    file = self._opener(*self._args, **kwargs)
  File "src/netCDF4/_netCDF4.pyx", line 2521, in netCDF4._netCDF4.Dataset.__init__
  File "src/netCDF4/_netCDF4.pyx", line 2158, in netCDF4._netCDF4._ensure_nc_success
FileNotFoundError: [Errno 2] No such file or directory: '/srv/data/mohammad.elaabaribao/work/interns/y2026/temp/ds_temp_intern/temp/main/DATA1/predictand_mswet/mswt_1979_2020.nc'
