Starting training for ../configs/unet/unet_lr_1e4.yaml
Using device: cuda
Using device: cuda
=== Starting training process for temp ===
=== Loading datasets (src=era5, target=mswt) ===
Loading temp file: /home/mohammad.elaabaribao/lustre/climat-um6p-st-iwri-7ksifkvwkuy/users/mohammad.elaabaribao/data/obs/mswep/mswt_1979_2020.nc
→ Applying spatial mask
  [BEFORE MASK]
   dims        : FrozenMappingWarningOnValuesAccess({'time': 15341, 'lat': 220, 'lon': 220})
   shape       : (15341, 220, 220)
   lon range   : -20.950000762939453 → 0.9500091671943665
   lat range   : 19.049999237060547 → 40.95000076293945
  [AFTER MASK]
   dims        : FrozenMappingWarningOnValuesAccess({'time': 15341, 'lat': 160, 'lon': 180})
   shape       : (15341, 160, 180)
  Mask applied: lon=slice(-18.0, 0.0, None), lat=slice(21.0, 37.0, None)
TEMP shapes → train=(9862, 160, 180), test=(5479, 160, 180)
Checking target time resolution...
   [STATS] temp (train): mean=21.6071, min=-13.8125, max=43.75
   [STATS] temp (test): mean=22.1381, min=-12.5625, max=43.75
Loading merged variable file: /home/mohammad.elaabaribao/lustre/climat-um6p-st-iwri-7ksifkvwkuy/users/mohammad.elaabaribao/data/reanalysis/era5/z_1979-2020_levels.nc...
→ Applying spatial mask
  [BEFORE MASK]
   dims        : FrozenMappingWarningOnValuesAccess({'level': 4, 'time': 15341, 'latitude': 81, 'longitude': 81})
   shape       : (4, 15341, 81, 81)
   lon range   : -20.0 → 0.0
   lat range   : 20.0 → 40.0
  [AFTER MASK]
   dims        : FrozenMappingWarningOnValuesAccess({'level': 4, 'time': 15341, 'latitude': 65, 'longitude': 73})
   shape       : (4, 15341, 65, 73)
  Mask applied: lon=slice(-18.0, 0.0, None), lat=slice(21.0, 37.0, None)
  → Extracting level 500 from z
   [STATS] z_500: mean=57051.9, min=51355.7, max=58985.4
  → Extracting level 700 from z
   [STATS] z_700: mean=30934.4, min=27009.6, max=32387.8
  → Extracting level 850 from z
   [STATS] z_850: mean=15056.9, min=11703.2, max=16740.1
  → Extracting level 1000 from z
   [STATS] z_1000: mean=1404.33, min=-1629.04, max=3461.49
Loading merged variable file: /home/mohammad.elaabaribao/lustre/climat-um6p-st-iwri-7ksifkvwkuy/users/mohammad.elaabaribao/data/reanalysis/era5/t_1979-2020_levels.nc...
→ Applying spatial mask
  [BEFORE MASK]
   dims        : FrozenMappingWarningOnValuesAccess({'level': 4, 'time': 15341, 'latitude': 81, 'longitude': 81})
   shape       : (4, 15341, 81, 81)
   lon range   : -20.0 → 0.0
   lat range   : 20.0 → 40.0
  [AFTER MASK]
   dims        : FrozenMappingWarningOnValuesAccess({'level': 4, 'time': 15341, 'latitude': 65, 'longitude': 73})
   shape       : (4, 15341, 65, 73)
  Mask applied: lon=slice(-18.0, 0.0, None), lat=slice(21.0, 37.0, None)
  → Extracting level 500 from t
   [STATS] t_500: mean=-11.9415, min=-37.6865, max=-0.750632
  → Extracting level 700 from t
   [STATS] t_700: mean=6.14864, min=-20.3726, max=18.2581
  → Extracting level 850 from t
   [STATS] t_850: mean=15.8876, min=-9.36083, max=34.181
  → Extracting level 1000 from t
   [STATS] t_1000: mean=15.8876, min=-9.36083, max=34.181
Loading merged variable file: /home/mohammad.elaabaribao/lustre/climat-um6p-st-iwri-7ksifkvwkuy/users/mohammad.elaabaribao/data/reanalysis/era5/q_1979-2020_levels.nc...
  ERROR: [Errno -101] NetCDF: HDF error: '/home/mohammad.elaabaribao/lustre/climat-um6p-st-iwri-7ksifkvwkuy/users/mohammad.elaabaribao/data/reanalysis/era5/q_1979-2020_levels.nc'
Loading merged variable file: /home/mohammad.elaabaribao/lustre/climat-um6p-st-iwri-7ksifkvwkuy/users/mohammad.elaabaribao/data/reanalysis/era5/u_1979-2020_levels.nc...
  ERROR: [Errno -101] NetCDF: HDF error: '/home/mohammad.elaabaribao/lustre/climat-um6p-st-iwri-7ksifkvwkuy/users/mohammad.elaabaribao/data/reanalysis/era5/u_1979-2020_levels.nc'
Loading merged variable file: /home/mohammad.elaabaribao/lustre/climat-um6p-st-iwri-7ksifkvwkuy/users/mohammad.elaabaribao/data/reanalysis/era5/v_1979-2020_levels.nc...
  ERROR: [Errno -101] NetCDF: HDF error: '/home/mohammad.elaabaribao/lustre/climat-um6p-st-iwri-7ksifkvwkuy/users/mohammad.elaabaribao/data/reanalysis/era5/v_1979-2020_levels.nc'
Checking time resolution...
Predictor Shape (X): (15341, 8, 9, 10)
Target Train Shape (y_train): torch.Size([9862, 160, 180])
Target Test Shape (y_test): torch.Size([5479, 160, 180])
=== Finished loading datasets ===
=== Preprocessing data ===
Applying normalization mode: gridbox
Normalization done.
--- Processing temp (train) ---
train raw [degree_Celsius] → min=-13.81, max=43.75, mean=21.61
  Units already in Celsius → skipping conversion
train converted [C] → min=-13.81, max=43.75, mean=21.61
--- Processing temp (test) ---
test raw [degree_Celsius] → min=-12.56, max=43.75, mean=22.14
  Units already in Celsius → skipping conversion
test converted [C] → min=-12.56, max=43.75, mean=22.14
=== Preprocessing complete ===
Initializing model for training...

----------- Machine Features -----------
 OS: Linux 4.18.0-553.124.1.el8_10.0.2.x86_64
 CPU: x86_64 (Unknown (psutil missing) cores)
 RAM: Unknown (psutil missing) GB
 GPU 0: NVIDIA A100-SXM4-80GB (79.25 GB)
----------------------------------------
Epoch 1/100 - Duration: 17.25s - Train Loss: 39.0600 - Val Loss: 18.0879
Estimated training process duration: 28:45

Learning rate changed: 1.000000e-04 -> 9.997557e-05
Best model updated at epoch 1 
Epoch 2/100 - Duration: 16.97s - Train Loss: 12.8879 - Val Loss: 8.3637
Learning rate changed: 9.997557e-05 -> 9.990232e-05
Best model updated at epoch 2 
Epoch 3/100 - Duration: 16.97s - Train Loss: 6.6147 - Val Loss: 5.0181
Learning rate changed: 9.990232e-05 -> 9.978032e-05
Best model updated at epoch 3 
Epoch 4/100 - Duration: 16.98s - Train Loss: 4.6120 - Val Loss: 4.2345
Learning rate changed: 9.978032e-05 -> 9.960968e-05
Best model updated at epoch 4 
Epoch 5/100 - Duration: 16.98s - Train Loss: 4.1928 - Val Loss: 4.0349
Learning rate changed: 9.960968e-05 -> 9.939057e-05
Best model updated at epoch 5 
Epoch 6/100 - Duration: 16.98s - Train Loss: 4.0250 - Val Loss: 3.8649
Learning rate changed: 9.939057e-05 -> 9.912322e-05
Best model updated at epoch 6 
Epoch 7/100 - Duration: 17.00s - Train Loss: 3.8161 - Val Loss: 3.5823
Learning rate changed: 9.912322e-05 -> 9.880788e-05
Best model updated at epoch 7 
Epoch 8/100 - Duration: 16.98s - Train Loss: 3.5301 - Val Loss: 3.2648
Learning rate changed: 9.880788e-05 -> 9.844487e-05
Best model updated at epoch 8 
Epoch 9/100 - Duration: 16.98s - Train Loss: 3.2594 - Val Loss: 2.9494
Learning rate changed: 9.844487e-05 -> 9.803454e-05
Best model updated at epoch 9 
Epoch 10/100 - Duration: 16.99s - Train Loss: 3.0287 - Val Loss: 2.7366
Learning rate changed: 9.803454e-05 -> 9.757730e-05
Best model updated at epoch 10 
Epoch 11/100 - Duration: 16.96s - Train Loss: 2.8862 - Val Loss: 2.5770
Learning rate changed: 9.757730e-05 -> 9.707360e-05
Best model updated at epoch 11 
Epoch 12/100 - Duration: 16.98s - Train Loss: 2.7774 - Val Loss: 2.4968
Learning rate changed: 9.707360e-05 -> 9.652394e-05
Best model updated at epoch 12 
Epoch 13/100 - Duration: 16.97s - Train Loss: 2.6938 - Val Loss: 2.4008
Learning rate changed: 9.652394e-05 -> 9.592885e-05
Best model updated at epoch 13 
Epoch 14/100 - Duration: 17.00s - Train Loss: 2.6098 - Val Loss: 2.2945
Learning rate changed: 9.592885e-05 -> 9.528894e-05
Best model updated at epoch 14 
Epoch 15/100 - Duration: 16.97s - Train Loss: 2.5473 - Val Loss: 2.2362
Learning rate changed: 9.528894e-05 -> 9.460482e-05
Best model updated at epoch 15 
Epoch 16/100 - Duration: 16.98s - Train Loss: 2.4908 - Val Loss: 2.2112
Learning rate changed: 9.460482e-05 -> 9.387718e-05
Best model updated at epoch 16 
Epoch 17/100 - Duration: 16.96s - Train Loss: 2.4441 - Val Loss: 2.1322
Learning rate changed: 9.387718e-05 -> 9.310673e-05
Best model updated at epoch 17 
Epoch 18/100 - Duration: 17.00s - Train Loss: 2.3894 - Val Loss: 2.1245
Learning rate changed: 9.310673e-05 -> 9.229423e-05
Best model updated at epoch 18 
Epoch 19/100 - Duration: 16.98s - Train Loss: 2.3554 - Val Loss: 2.0481
Learning rate changed: 9.229423e-05 -> 9.144049e-05
Best model updated at epoch 19 
Epoch 20/100 - Duration: 16.98s - Train Loss: 2.3236 - Val Loss: 1.9576
Learning rate changed: 9.144049e-05 -> 9.054634e-05
Best model updated at epoch 20 
Epoch 21/100 - Duration: 16.98s - Train Loss: 2.2917 - Val Loss: 1.9643
Learning rate changed: 9.054634e-05 -> 8.961267e-05
No improvement at epoch 21 (patience: 1/15)
Epoch 22/100 - Duration: 16.98s - Train Loss: 2.2681 - Val Loss: 1.9179
Learning rate changed: 8.961267e-05 -> 8.864041e-05
Best model updated at epoch 22 
Epoch 23/100 - Duration: 16.97s - Train Loss: 2.2250 - Val Loss: 1.8783
Learning rate changed: 8.864041e-05 -> 8.763050e-05
Best model updated at epoch 23 
Epoch 24/100 - Duration: 16.97s - Train Loss: 2.2134 - Val Loss: 1.9231
Learning rate changed: 8.763050e-05 -> 8.658395e-05
No improvement at epoch 24 (patience: 1/15)
Epoch 25/100 - Duration: 16.98s - Train Loss: 2.1675 - Val Loss: 1.8628
Learning rate changed: 8.658395e-05 -> 8.550179e-05
Best model updated at epoch 25 
Epoch 26/100 - Duration: 16.98s - Train Loss: 2.1589 - Val Loss: 1.8365
Learning rate changed: 8.550179e-05 -> 8.438508e-05
Best model updated at epoch 26 
Epoch 27/100 - Duration: 16.98s - Train Loss: 2.1445 - Val Loss: 1.8452
Learning rate changed: 8.438508e-05 -> 8.323494e-05
No improvement at epoch 27 (patience: 1/15)
Epoch 28/100 - Duration: 16.98s - Train Loss: 2.1206 - Val Loss: 1.7922
Learning rate changed: 8.323494e-05 -> 8.205249e-05
Best model updated at epoch 28 
Epoch 29/100 - Duration: 16.97s - Train Loss: 2.1084 - Val Loss: 1.7817
Learning rate changed: 8.205249e-05 -> 8.083890e-05
Best model updated at epoch 29 
Epoch 30/100 - Duration: 16.97s - Train Loss: 2.0985 - Val Loss: 1.7551
Learning rate changed: 8.083890e-05 -> 7.959537e-05
Best model updated at epoch 30 
Epoch 31/100 - Duration: 16.98s - Train Loss: 2.0764 - Val Loss: 1.7740
Learning rate changed: 7.959537e-05 -> 7.832313e-05
No improvement at epoch 31 (patience: 1/15)
Epoch 32/100 - Duration: 16.98s - Train Loss: 2.0715 - Val Loss: 1.7711
Learning rate changed: 7.832313e-05 -> 7.702343e-05
No improvement at epoch 32 (patience: 2/15)
Epoch 33/100 - Duration: 16.98s - Train Loss: 2.0721 - Val Loss: 1.7740
Learning rate changed: 7.702343e-05 -> 7.569755e-05
No improvement at epoch 33 (patience: 3/15)
Epoch 34/100 - Duration: 16.98s - Train Loss: 2.0671 - Val Loss: 1.7582
Learning rate changed: 7.569755e-05 -> 7.434681e-05
No improvement at epoch 34 (patience: 4/15)
Epoch 35/100 - Duration: 16.98s - Train Loss: 2.0693 - Val Loss: 1.7651
Learning rate changed: 7.434681e-05 -> 7.297253e-05
No improvement at epoch 35 (patience: 5/15)
Epoch 36/100 - Duration: 16.98s - Train Loss: 2.0560 - Val Loss: 1.7579
Learning rate changed: 7.297253e-05 -> 7.157607e-05
No improvement at epoch 36 (patience: 6/15)
Epoch 37/100 - Duration: 16.98s - Train Loss: 2.0405 - Val Loss: 1.7216
Learning rate changed: 7.157607e-05 -> 7.015882e-05
Best model updated at epoch 37 
Epoch 38/100 - Duration: 16.97s - Train Loss: 2.0468 - Val Loss: 1.7482
Learning rate changed: 7.015882e-05 -> 6.872217e-05
No improvement at epoch 38 (patience: 1/15)
Epoch 39/100 - Duration: 16.97s - Train Loss: 2.0362 - Val Loss: 1.7328
Learning rate changed: 6.872217e-05 -> 6.726753e-05
No improvement at epoch 39 (patience: 2/15)
Epoch 40/100 - Duration: 16.97s - Train Loss: 2.0276 - Val Loss: 1.7040
Learning rate changed: 6.726753e-05 -> 6.579634e-05
Best model updated at epoch 40 
Epoch 41/100 - Duration: 16.97s - Train Loss: 2.0360 - Val Loss: 1.7186
Learning rate changed: 6.579634e-05 -> 6.431006e-05
No improvement at epoch 41 (patience: 1/15)
Epoch 42/100 - Duration: 16.97s - Train Loss: 2.0289 - Val Loss: 1.7222
Learning rate changed: 6.431006e-05 -> 6.281015e-05
No improvement at epoch 42 (patience: 2/15)
Epoch 43/100 - Duration: 16.96s - Train Loss: 2.0214 - Val Loss: 1.6926
Learning rate changed: 6.281015e-05 -> 6.129809e-05
Best model updated at epoch 43 
Epoch 44/100 - Duration: 16.97s - Train Loss: 2.0267 - Val Loss: 1.6857
Learning rate changed: 6.129809e-05 -> 5.977538e-05
Best model updated at epoch 44 
Epoch 45/100 - Duration: 16.97s - Train Loss: 2.0210 - Val Loss: 1.6814
Learning rate changed: 5.977538e-05 -> 5.824351e-05
Best model updated at epoch 45 
Epoch 46/100 - Duration: 16.98s - Train Loss: 1.9996 - Val Loss: 1.6953
Learning rate changed: 5.824351e-05 -> 5.670400e-05
No improvement at epoch 46 (patience: 1/15)
Epoch 47/100 - Duration: 16.97s - Train Loss: 2.0155 - Val Loss: 1.7009
Learning rate changed: 5.670400e-05 -> 5.515836e-05
No improvement at epoch 47 (patience: 2/15)
Epoch 48/100 - Duration: 16.98s - Train Loss: 2.0088 - Val Loss: 1.6821
Learning rate changed: 5.515836e-05 -> 5.360813e-05
No improvement at epoch 48 (patience: 3/15)
Epoch 49/100 - Duration: 16.98s - Train Loss: 2.0011 - Val Loss: 1.6713
Learning rate changed: 5.360813e-05 -> 5.205483e-05
Best model updated at epoch 49 
Epoch 50/100 - Duration: 16.97s - Train Loss: 2.0032 - Val Loss: 1.6565
Learning rate changed: 5.205483e-05 -> 5.050000e-05
Best model updated at epoch 50 
Epoch 51/100 - Duration: 16.98s - Train Loss: 1.9954 - Val Loss: 1.6802
Learning rate changed: 5.050000e-05 -> 4.894517e-05
No improvement at epoch 51 (patience: 1/15)
Epoch 52/100 - Duration: 16.98s - Train Loss: 2.0046 - Val Loss: 1.6819
Learning rate changed: 4.894517e-05 -> 4.739187e-05
No improvement at epoch 52 (patience: 2/15)
Epoch 53/100 - Duration: 16.98s - Train Loss: 1.9826 - Val Loss: 1.6695
Learning rate changed: 4.739187e-05 -> 4.584164e-05
No improvement at epoch 53 (patience: 3/15)
Epoch 54/100 - Duration: 16.97s - Train Loss: 1.9886 - Val Loss: 1.6638
Learning rate changed: 4.584164e-05 -> 4.429600e-05
No improvement at epoch 54 (patience: 4/15)
Epoch 55/100 - Duration: 16.98s - Train Loss: 1.9833 - Val Loss: 1.6507
Learning rate changed: 4.429600e-05 -> 4.275649e-05
Best model updated at epoch 55 
Epoch 56/100 - Duration: 17.00s - Train Loss: 1.9751 - Val Loss: 1.6338
Learning rate changed: 4.275649e-05 -> 4.122462e-05
Best model updated at epoch 56 
Epoch 57/100 - Duration: 16.97s - Train Loss: 1.9891 - Val Loss: 1.6686
Learning rate changed: 4.122462e-05 -> 3.970191e-05
No improvement at epoch 57 (patience: 1/15)
Epoch 58/100 - Duration: 16.97s - Train Loss: 1.9726 - Val Loss: 1.6515
Learning rate changed: 3.970191e-05 -> 3.818985e-05
No improvement at epoch 58 (patience: 2/15)
Epoch 59/100 - Duration: 16.97s - Train Loss: 1.9718 - Val Loss: 1.6505
Learning rate changed: 3.818985e-05 -> 3.668994e-05
No improvement at epoch 59 (patience: 3/15)
Epoch 60/100 - Duration: 16.97s - Train Loss: 1.9798 - Val Loss: 1.6466
Learning rate changed: 3.668994e-05 -> 3.520366e-05
No improvement at epoch 60 (patience: 4/15)
Epoch 61/100 - Duration: 16.96s - Train Loss: 1.9704 - Val Loss: 1.6390
Learning rate changed: 3.520366e-05 -> 3.373247e-05
No improvement at epoch 61 (patience: 5/15)
Epoch 62/100 - Duration: 16.97s - Train Loss: 1.9729 - Val Loss: 1.6399
Learning rate changed: 3.373247e-05 -> 3.227783e-05
No improvement at epoch 62 (patience: 6/15)
Epoch 63/100 - Duration: 16.97s - Train Loss: 1.9674 - Val Loss: 1.6459
Learning rate changed: 3.227783e-05 -> 3.084118e-05
No improvement at epoch 63 (patience: 7/15)
Epoch 64/100 - Duration: 16.97s - Train Loss: 1.9747 - Val Loss: 1.6384
Learning rate changed: 3.084118e-05 -> 2.942393e-05
No improvement at epoch 64 (patience: 8/15)
Epoch 65/100 - Duration: 16.97s - Train Loss: 1.9658 - Val Loss: 1.6389
Learning rate changed: 2.942393e-05 -> 2.802747e-05
No improvement at epoch 65 (patience: 9/15)
Epoch 66/100 - Duration: 16.97s - Train Loss: 1.9667 - Val Loss: 1.6558
Learning rate changed: 2.802747e-05 -> 2.665319e-05
No improvement at epoch 66 (patience: 10/15)
Epoch 67/100 - Duration: 16.97s - Train Loss: 1.9523 - Val Loss: 1.6185
Learning rate changed: 2.665319e-05 -> 2.530245e-05
Best model updated at epoch 67 
Epoch 68/100 - Duration: 16.97s - Train Loss: 1.9590 - Val Loss: 1.6576
Learning rate changed: 2.530245e-05 -> 2.397657e-05
No improvement at epoch 68 (patience: 1/15)
Epoch 69/100 - Duration: 16.97s - Train Loss: 1.9630 - Val Loss: 1.6327
Learning rate changed: 2.397657e-05 -> 2.267687e-05
No improvement at epoch 69 (patience: 2/15)
Epoch 70/100 - Duration: 16.97s - Train Loss: 1.9493 - Val Loss: 1.6136
Learning rate changed: 2.267687e-05 -> 2.140463e-05
Best model updated at epoch 70 
Epoch 71/100 - Duration: 16.97s - Train Loss: 1.9513 - Val Loss: 1.6174
Learning rate changed: 2.140463e-05 -> 2.016110e-05
No improvement at epoch 71 (patience: 1/15)
Epoch 72/100 - Duration: 16.97s - Train Loss: 1.9539 - Val Loss: 1.6188
Learning rate changed: 2.016110e-05 -> 1.894751e-05
No improvement at epoch 72 (patience: 2/15)
Epoch 73/100 - Duration: 16.97s - Train Loss: 1.9544 - Val Loss: 1.6210
Learning rate changed: 1.894751e-05 -> 1.776506e-05
No improvement at epoch 73 (patience: 3/15)
Epoch 74/100 - Duration: 16.97s - Train Loss: 1.9535 - Val Loss: 1.6191
Learning rate changed: 1.776506e-05 -> 1.661492e-05
No improvement at epoch 74 (patience: 4/15)
Epoch 75/100 - Duration: 16.97s - Train Loss: 1.9451 - Val Loss: 1.6192
Learning rate changed: 1.661492e-05 -> 1.549821e-05
No improvement at epoch 75 (patience: 5/15)
Epoch 76/100 - Duration: 16.97s - Train Loss: 1.9479 - Val Loss: 1.6126
Learning rate changed: 1.549821e-05 -> 1.441605e-05
Best model updated at epoch 76 
Epoch 77/100 - Duration: 16.97s - Train Loss: 1.9528 - Val Loss: 1.6183
Learning rate changed: 1.441605e-05 -> 1.336950e-05
No improvement at epoch 77 (patience: 1/15)
Epoch 78/100 - Duration: 16.97s - Train Loss: 1.9530 - Val Loss: 1.6151
Learning rate changed: 1.336950e-05 -> 1.235959e-05
No improvement at epoch 78 (patience: 2/15)
Epoch 79/100 - Duration: 16.97s - Train Loss: 1.9405 - Val Loss: 1.6254
Learning rate changed: 1.235959e-05 -> 1.138733e-05
No improvement at epoch 79 (patience: 3/15)
Epoch 80/100 - Duration: 16.97s - Train Loss: 1.9366 - Val Loss: 1.6136
Learning rate changed: 1.138733e-05 -> 1.045366e-05
No improvement at epoch 80 (patience: 4/15)
Epoch 81/100 - Duration: 16.97s - Train Loss: 1.9406 - Val Loss: 1.6144
Learning rate changed: 1.045366e-05 -> 9.559512e-06
No improvement at epoch 81 (patience: 5/15)
Epoch 82/100 - Duration: 16.97s - Train Loss: 1.9452 - Val Loss: 1.6160
Learning rate changed: 9.559512e-06 -> 8.705768e-06
No improvement at epoch 82 (patience: 6/15)
Epoch 83/100 - Duration: 16.97s - Train Loss: 1.9454 - Val Loss: 1.6178
Learning rate changed: 8.705768e-06 -> 7.893270e-06
No improvement at epoch 83 (patience: 7/15)
Epoch 84/100 - Duration: 16.97s - Train Loss: 1.9461 - Val Loss: 1.6198
Learning rate changed: 7.893270e-06 -> 7.122819e-06
No improvement at epoch 84 (patience: 8/15)
Epoch 85/100 - Duration: 16.97s - Train Loss: 1.9315 - Val Loss: 1.6142
Learning rate changed: 7.122819e-06 -> 6.395177e-06
No improvement at epoch 85 (patience: 9/15)
Epoch 86/100 - Duration: 16.97s - Train Loss: 1.9487 - Val Loss: 1.6177
Learning rate changed: 6.395177e-06 -> 5.711061e-06
No improvement at epoch 86 (patience: 10/15)
Epoch 87/100 - Duration: 16.97s - Train Loss: 1.9406 - Val Loss: 1.6080
Learning rate changed: 5.711061e-06 -> 5.071146e-06
Best model updated at epoch 87 
Epoch 88/100 - Duration: 17.00s - Train Loss: 1.9440 - Val Loss: 1.6077
Learning rate changed: 5.071146e-06 -> 4.476064e-06
Best model updated at epoch 88 
Epoch 89/100 - Duration: 16.98s - Train Loss: 1.9336 - Val Loss: 1.6021
Learning rate changed: 4.476064e-06 -> 3.926402e-06
Best model updated at epoch 89 
Epoch 90/100 - Duration: 17.00s - Train Loss: 1.9303 - Val Loss: 1.5999
Learning rate changed: 3.926402e-06 -> 3.422702e-06
Best model updated at epoch 90 
Epoch 91/100 - Duration: 16.98s - Train Loss: 1.9379 - Val Loss: 1.5983
Learning rate changed: 3.422702e-06 -> 2.965463e-06
Best model updated at epoch 91 
Epoch 92/100 - Duration: 16.98s - Train Loss: 1.9347 - Val Loss: 1.6039
Learning rate changed: 2.965463e-06 -> 2.555134e-06
No improvement at epoch 92 (patience: 1/15)
Epoch 93/100 - Duration: 16.98s - Train Loss: 1.9269 - Val Loss: 1.5993
Learning rate changed: 2.555134e-06 -> 2.192120e-06
No improvement at epoch 93 (patience: 2/15)
Epoch 94/100 - Duration: 16.98s - Train Loss: 1.9383 - Val Loss: 1.6029
Learning rate changed: 2.192120e-06 -> 1.876781e-06
No improvement at epoch 94 (patience: 3/15)
Epoch 95/100 - Duration: 16.98s - Train Loss: 1.9293 - Val Loss: 1.6048
Learning rate changed: 1.876781e-06 -> 1.609427e-06
No improvement at epoch 95 (patience: 4/15)
Epoch 96/100 - Duration: 16.98s - Train Loss: 1.9324 - Val Loss: 1.6011
Learning rate changed: 1.609427e-06 -> 1.390322e-06
No improvement at epoch 96 (patience: 5/15)
Epoch 97/100 - Duration: 16.98s - Train Loss: 1.9346 - Val Loss: 1.6028
Learning rate changed: 1.390322e-06 -> 1.219683e-06
No improvement at epoch 97 (patience: 6/15)
Epoch 98/100 - Duration: 16.98s - Train Loss: 1.9292 - Val Loss: 1.6014
Learning rate changed: 1.219683e-06 -> 1.097677e-06
No improvement at epoch 98 (patience: 7/15)
Epoch 99/100 - Duration: 16.98s - Train Loss: 1.9224 - Val Loss: 1.6017
Learning rate changed: 1.097677e-06 -> 1.024425e-06
No improvement at epoch 99 (patience: 8/15)
Epoch 100/100 - Duration: 16.98s - Train Loss: 1.9373 - Val Loss: 1.6030
Learning rate changed: 1.024425e-06 -> 1.000000e-06
No improvement at epoch 100 (patience: 9/15)

=========== Training Summary ===========
Best epoch         : 91
Best monitored loss: 1.5983
LAST model saved   : /srv/data/mohammad.elaabaribao/work/interns/y2026/temp/ds_temp_intern/temp/results/unet_lr_1e4/models/unet1_temp_last.pth
BEST model saved   : /srv/data/mohammad.elaabaribao/work/interns/y2026/temp/ds_temp_intern/temp/results/unet_lr_1e4/models/unet1_temp_best.pth
Results directory  : /srv/data/mohammad.elaabaribao/work/interns/y2026/temp/ds_temp_intern/temp/results/unet_lr_1e4
========================================
Finished training for ../configs/unet/unet_lr_1e4.yaml
