Starting training for ../configs/unet/unet_dropout_02.yaml
Using device: cuda
Using device: cuda
=== Starting training process for temp ===
=== Loading datasets (src=era5, target=mswt) ===
Loading temp file: /home/mohammad.elaabaribao/lustre/climat-um6p-st-iwri-7ksifkvwkuy/users/mohammad.elaabaribao/data/obs/mswep/mswt_1979_2020.nc
→ Applying spatial mask
  [BEFORE MASK]
   dims        : FrozenMappingWarningOnValuesAccess({'time': 15341, 'lat': 220, 'lon': 220})
   shape       : (15341, 220, 220)
   lon range   : -20.950000762939453 → 0.9500091671943665
   lat range   : 19.049999237060547 → 40.95000076293945
  [AFTER MASK]
   dims        : FrozenMappingWarningOnValuesAccess({'time': 15341, 'lat': 160, 'lon': 180})
   shape       : (15341, 160, 180)
  Mask applied: lon=slice(-18.0, 0.0, None), lat=slice(21.0, 37.0, None)
TEMP shapes → train=(9862, 160, 180), test=(5479, 160, 180)
Checking target time resolution...
   [STATS] temp (train): mean=21.6071, min=-13.8125, max=43.75
   [STATS] temp (test): mean=22.1381, min=-12.5625, max=43.75
Loading merged variable file: /home/mohammad.elaabaribao/lustre/climat-um6p-st-iwri-7ksifkvwkuy/users/mohammad.elaabaribao/data/reanalysis/era5/z_1979-2020_levels.nc...
→ Applying spatial mask
  [BEFORE MASK]
   dims        : FrozenMappingWarningOnValuesAccess({'level': 4, 'time': 15341, 'latitude': 81, 'longitude': 81})
   shape       : (4, 15341, 81, 81)
   lon range   : -20.0 → 0.0
   lat range   : 20.0 → 40.0
  [AFTER MASK]
   dims        : FrozenMappingWarningOnValuesAccess({'level': 4, 'time': 15341, 'latitude': 65, 'longitude': 73})
   shape       : (4, 15341, 65, 73)
  Mask applied: lon=slice(-18.0, 0.0, None), lat=slice(21.0, 37.0, None)
  → Extracting level 500 from z
   [STATS] z_500: mean=57051.9, min=51355.7, max=58985.4
  → Extracting level 700 from z
   [STATS] z_700: mean=30934.4, min=27009.6, max=32387.8
  → Extracting level 850 from z
   [STATS] z_850: mean=15056.9, min=11703.2, max=16740.1
  → Extracting level 1000 from z
   [STATS] z_1000: mean=1404.33, min=-1629.04, max=3461.49
Loading merged variable file: /home/mohammad.elaabaribao/lustre/climat-um6p-st-iwri-7ksifkvwkuy/users/mohammad.elaabaribao/data/reanalysis/era5/t_1979-2020_levels.nc...
→ Applying spatial mask
  [BEFORE MASK]
   dims        : FrozenMappingWarningOnValuesAccess({'level': 4, 'time': 15341, 'latitude': 81, 'longitude': 81})
   shape       : (4, 15341, 81, 81)
   lon range   : -20.0 → 0.0
   lat range   : 20.0 → 40.0
  [AFTER MASK]
   dims        : FrozenMappingWarningOnValuesAccess({'level': 4, 'time': 15341, 'latitude': 65, 'longitude': 73})
   shape       : (4, 15341, 65, 73)
  Mask applied: lon=slice(-18.0, 0.0, None), lat=slice(21.0, 37.0, None)
  → Extracting level 500 from t
   [STATS] t_500: mean=-11.9415, min=-37.6865, max=-0.750632
  → Extracting level 700 from t
   [STATS] t_700: mean=6.14864, min=-20.3726, max=18.2581
  → Extracting level 850 from t
   [STATS] t_850: mean=15.8876, min=-9.36083, max=34.181
  → Extracting level 1000 from t
   [STATS] t_1000: mean=15.8876, min=-9.36083, max=34.181
Loading merged variable file: /home/mohammad.elaabaribao/lustre/climat-um6p-st-iwri-7ksifkvwkuy/users/mohammad.elaabaribao/data/reanalysis/era5/q_1979-2020_levels.nc...
  ERROR: [Errno -101] NetCDF: HDF error: '/home/mohammad.elaabaribao/lustre/climat-um6p-st-iwri-7ksifkvwkuy/users/mohammad.elaabaribao/data/reanalysis/era5/q_1979-2020_levels.nc'
Loading merged variable file: /home/mohammad.elaabaribao/lustre/climat-um6p-st-iwri-7ksifkvwkuy/users/mohammad.elaabaribao/data/reanalysis/era5/u_1979-2020_levels.nc...
  ERROR: [Errno -101] NetCDF: HDF error: '/home/mohammad.elaabaribao/lustre/climat-um6p-st-iwri-7ksifkvwkuy/users/mohammad.elaabaribao/data/reanalysis/era5/u_1979-2020_levels.nc'
Loading merged variable file: /home/mohammad.elaabaribao/lustre/climat-um6p-st-iwri-7ksifkvwkuy/users/mohammad.elaabaribao/data/reanalysis/era5/v_1979-2020_levels.nc...
  ERROR: [Errno -101] NetCDF: HDF error: '/home/mohammad.elaabaribao/lustre/climat-um6p-st-iwri-7ksifkvwkuy/users/mohammad.elaabaribao/data/reanalysis/era5/v_1979-2020_levels.nc'
Checking time resolution...
Predictor Shape (X): (15341, 8, 9, 10)
Target Train Shape (y_train): torch.Size([9862, 160, 180])
Target Test Shape (y_test): torch.Size([5479, 160, 180])
=== Finished loading datasets ===
=== Preprocessing data ===
Applying normalization mode: gridbox
Normalization done.
--- Processing temp (train) ---
train raw [degree_Celsius] → min=-13.81, max=43.75, mean=21.61
  Units already in Celsius → skipping conversion
train converted [C] → min=-13.81, max=43.75, mean=21.61
--- Processing temp (test) ---
test raw [degree_Celsius] → min=-12.56, max=43.75, mean=22.14
  Units already in Celsius → skipping conversion
test converted [C] → min=-12.56, max=43.75, mean=22.14
=== Preprocessing complete ===
Initializing model for training...

----------- Machine Features -----------
 OS: Linux 4.18.0-553.124.1.el8_10.0.2.x86_64
 CPU: x86_64 (Unknown (psutil missing) cores)
 RAM: Unknown (psutil missing) GB
 GPU 0: NVIDIA A100-SXM4-80GB (79.25 GB)
----------------------------------------
Epoch 1/100 - Duration: 17.24s - Train Loss: 9.5919 - Val Loss: 3.2399
Estimated training process duration: 28:43

Learning rate changed: 1.000000e-03 -> 9.997535e-04
Best model updated at epoch 1 
Epoch 2/100 - Duration: 16.96s - Train Loss: 2.8824 - Val Loss: 2.3826
Learning rate changed: 9.997535e-04 -> 9.990144e-04
Best model updated at epoch 2 
Epoch 3/100 - Duration: 16.96s - Train Loss: 2.5486 - Val Loss: 2.2119
Learning rate changed: 9.990144e-04 -> 9.977832e-04
Best model updated at epoch 3 
Epoch 4/100 - Duration: 16.96s - Train Loss: 2.4871 - Val Loss: 2.2148
Learning rate changed: 9.977832e-04 -> 9.960613e-04
No improvement at epoch 4 (patience: 1/15)
Epoch 5/100 - Duration: 16.96s - Train Loss: 2.4355 - Val Loss: 2.1728
Learning rate changed: 9.960613e-04 -> 9.938503e-04
Best model updated at epoch 5 
Epoch 6/100 - Duration: 16.96s - Train Loss: 2.4160 - Val Loss: 2.1073
Learning rate changed: 9.938503e-04 -> 9.911525e-04
Best model updated at epoch 6 
Epoch 7/100 - Duration: 16.96s - Train Loss: 2.3768 - Val Loss: 2.1171
Learning rate changed: 9.911525e-04 -> 9.879704e-04
No improvement at epoch 7 (patience: 1/15)
Epoch 8/100 - Duration: 16.96s - Train Loss: 2.3605 - Val Loss: 2.0560
Learning rate changed: 9.879704e-04 -> 9.843073e-04
Best model updated at epoch 8 
Epoch 9/100 - Duration: 16.96s - Train Loss: 2.3507 - Val Loss: 2.0436
Learning rate changed: 9.843073e-04 -> 9.801667e-04
Best model updated at epoch 9 
Epoch 10/100 - Duration: 16.97s - Train Loss: 2.3203 - Val Loss: 1.9969
Learning rate changed: 9.801667e-04 -> 9.755527e-04
Best model updated at epoch 10 
Epoch 11/100 - Duration: 16.96s - Train Loss: 2.2960 - Val Loss: 1.9891
Learning rate changed: 9.755527e-04 -> 9.704699e-04
Best model updated at epoch 11 
Epoch 12/100 - Duration: 16.97s - Train Loss: 2.2891 - Val Loss: 1.9522
Learning rate changed: 9.704699e-04 -> 9.649234e-04
Best model updated at epoch 12 
Epoch 13/100 - Duration: 16.96s - Train Loss: 2.2658 - Val Loss: 1.9283
Learning rate changed: 9.649234e-04 -> 9.589184e-04
Best model updated at epoch 13 
Epoch 14/100 - Duration: 16.97s - Train Loss: 2.2588 - Val Loss: 1.9544
Learning rate changed: 9.589184e-04 -> 9.524611e-04
No improvement at epoch 14 (patience: 1/15)
Epoch 15/100 - Duration: 16.96s - Train Loss: 2.2431 - Val Loss: 1.9932
Learning rate changed: 9.524611e-04 -> 9.455578e-04
No improvement at epoch 15 (patience: 2/15)
Epoch 16/100 - Duration: 16.96s - Train Loss: 2.2323 - Val Loss: 1.9109
Learning rate changed: 9.455578e-04 -> 9.382152e-04
Best model updated at epoch 16 
Epoch 17/100 - Duration: 16.96s - Train Loss: 2.2188 - Val Loss: 1.9175
Learning rate changed: 9.382152e-04 -> 9.304406e-04
No improvement at epoch 17 (patience: 1/15)
Epoch 18/100 - Duration: 16.96s - Train Loss: 2.2194 - Val Loss: 1.8976
Learning rate changed: 9.304406e-04 -> 9.222418e-04
Best model updated at epoch 18 
Epoch 19/100 - Duration: 16.96s - Train Loss: 2.2089 - Val Loss: 1.9053
Learning rate changed: 9.222418e-04 -> 9.136267e-04
No improvement at epoch 19 (patience: 1/15)
Epoch 20/100 - Duration: 16.96s - Train Loss: 2.1996 - Val Loss: 1.8790
Learning rate changed: 9.136267e-04 -> 9.046040e-04
Best model updated at epoch 20 
Epoch 21/100 - Duration: 16.96s - Train Loss: 2.1887 - Val Loss: 1.8736
Learning rate changed: 9.046040e-04 -> 8.951824e-04
Best model updated at epoch 21 
Epoch 22/100 - Duration: 16.94s - Train Loss: 2.1847 - Val Loss: 1.8577
Learning rate changed: 8.951824e-04 -> 8.853714e-04
Best model updated at epoch 22 
Epoch 23/100 - Duration: 16.98s - Train Loss: 2.1909 - Val Loss: 1.9414
Learning rate changed: 8.853714e-04 -> 8.751805e-04
No improvement at epoch 23 (patience: 1/15)
Epoch 24/100 - Duration: 16.98s - Train Loss: 2.1711 - Val Loss: 1.8462
Learning rate changed: 8.751805e-04 -> 8.646198e-04
Best model updated at epoch 24 
Epoch 25/100 - Duration: 16.96s - Train Loss: 2.1719 - Val Loss: 1.8636
Learning rate changed: 8.646198e-04 -> 8.536998e-04
No improvement at epoch 25 (patience: 1/15)
Epoch 26/100 - Duration: 16.96s - Train Loss: 2.1533 - Val Loss: 1.8803
Learning rate changed: 8.536998e-04 -> 8.424313e-04
No improvement at epoch 26 (patience: 2/15)
Epoch 27/100 - Duration: 16.95s - Train Loss: 2.1480 - Val Loss: 1.8372
Learning rate changed: 8.424313e-04 -> 8.308253e-04
Best model updated at epoch 27 
Epoch 28/100 - Duration: 16.96s - Train Loss: 2.1444 - Val Loss: 1.8307
Learning rate changed: 8.308253e-04 -> 8.188933e-04
Best model updated at epoch 28 
Epoch 29/100 - Duration: 16.94s - Train Loss: 2.1428 - Val Loss: 1.8298
Learning rate changed: 8.188933e-04 -> 8.066471e-04
Best model updated at epoch 29 
Epoch 30/100 - Duration: 16.96s - Train Loss: 2.1348 - Val Loss: 1.8571
Learning rate changed: 8.066471e-04 -> 7.940987e-04
No improvement at epoch 30 (patience: 1/15)
Epoch 31/100 - Duration: 16.96s - Train Loss: 2.1296 - Val Loss: 1.8411
Learning rate changed: 7.940987e-04 -> 7.812606e-04
No improvement at epoch 31 (patience: 2/15)
Epoch 32/100 - Duration: 16.97s - Train Loss: 2.1242 - Val Loss: 1.8065
Learning rate changed: 7.812606e-04 -> 7.681455e-04
Best model updated at epoch 32 
Epoch 33/100 - Duration: 16.98s - Train Loss: 2.1225 - Val Loss: 1.8042
Learning rate changed: 7.681455e-04 -> 7.547662e-04
Best model updated at epoch 33 
Epoch 34/100 - Duration: 16.96s - Train Loss: 2.1079 - Val Loss: 1.8070
Learning rate changed: 7.547662e-04 -> 7.411360e-04
No improvement at epoch 34 (patience: 1/15)
Epoch 35/100 - Duration: 16.95s - Train Loss: 2.1133 - Val Loss: 1.7876
Learning rate changed: 7.411360e-04 -> 7.272683e-04
Best model updated at epoch 35 
Epoch 36/100 - Duration: 16.94s - Train Loss: 2.0992 - Val Loss: 1.8049
Learning rate changed: 7.272683e-04 -> 7.131768e-04
No improvement at epoch 36 (patience: 1/15)
Epoch 37/100 - Duration: 16.94s - Train Loss: 2.0966 - Val Loss: 1.8144
Learning rate changed: 7.131768e-04 -> 6.988754e-04
No improvement at epoch 37 (patience: 2/15)
Epoch 38/100 - Duration: 16.94s - Train Loss: 2.0922 - Val Loss: 1.7631
Learning rate changed: 6.988754e-04 -> 6.843782e-04
Best model updated at epoch 38 
Epoch 39/100 - Duration: 16.96s - Train Loss: 2.0919 - Val Loss: 1.7853
Learning rate changed: 6.843782e-04 -> 6.696996e-04
No improvement at epoch 39 (patience: 1/15)
Epoch 40/100 - Duration: 16.96s - Train Loss: 2.0861 - Val Loss: 1.7920
Learning rate changed: 6.696996e-04 -> 6.548540e-04
No improvement at epoch 40 (patience: 2/15)
Epoch 41/100 - Duration: 16.96s - Train Loss: 2.0814 - Val Loss: 1.7570
Learning rate changed: 6.548540e-04 -> 6.398561e-04
Best model updated at epoch 41 
Epoch 42/100 - Duration: 16.96s - Train Loss: 2.0859 - Val Loss: 1.7903
Learning rate changed: 6.398561e-04 -> 6.247206e-04
No improvement at epoch 42 (patience: 1/15)
Epoch 43/100 - Duration: 16.96s - Train Loss: 2.0690 - Val Loss: 1.7571
Learning rate changed: 6.247206e-04 -> 6.094625e-04
No improvement at epoch 43 (patience: 2/15)
Epoch 44/100 - Duration: 16.96s - Train Loss: 2.0773 - Val Loss: 1.7775
Learning rate changed: 6.094625e-04 -> 5.940970e-04
No improvement at epoch 44 (patience: 3/15)
Epoch 45/100 - Duration: 16.96s - Train Loss: 2.0659 - Val Loss: 1.8071
Learning rate changed: 5.940970e-04 -> 5.786390e-04
No improvement at epoch 45 (patience: 4/15)
Epoch 46/100 - Duration: 16.96s - Train Loss: 2.0652 - Val Loss: 1.7511
Learning rate changed: 5.786390e-04 -> 5.631040e-04
Best model updated at epoch 46 
Epoch 47/100 - Duration: 16.94s - Train Loss: 2.0606 - Val Loss: 1.7253
Learning rate changed: 5.631040e-04 -> 5.475071e-04
Best model updated at epoch 47 
Epoch 48/100 - Duration: 16.94s - Train Loss: 2.0572 - Val Loss: 1.7520
Learning rate changed: 5.475071e-04 -> 5.318639e-04
No improvement at epoch 48 (patience: 1/15)
Epoch 49/100 - Duration: 16.94s - Train Loss: 2.0515 - Val Loss: 1.7419
Learning rate changed: 5.318639e-04 -> 5.161897e-04
No improvement at epoch 49 (patience: 2/15)
Epoch 50/100 - Duration: 16.94s - Train Loss: 2.0437 - Val Loss: 1.7389
Learning rate changed: 5.161897e-04 -> 5.005000e-04
No improvement at epoch 50 (patience: 3/15)
Epoch 51/100 - Duration: 16.94s - Train Loss: 2.0357 - Val Loss: 1.7455
Learning rate changed: 5.005000e-04 -> 4.848103e-04
No improvement at epoch 51 (patience: 4/15)
Epoch 52/100 - Duration: 16.94s - Train Loss: 2.0401 - Val Loss: 1.7640
Learning rate changed: 4.848103e-04 -> 4.691361e-04
No improvement at epoch 52 (patience: 5/15)
Epoch 53/100 - Duration: 16.94s - Train Loss: 2.0376 - Val Loss: 1.7319
Learning rate changed: 4.691361e-04 -> 4.534929e-04
No improvement at epoch 53 (patience: 6/15)
Epoch 54/100 - Duration: 16.94s - Train Loss: 2.0363 - Val Loss: 1.7197
Learning rate changed: 4.534929e-04 -> 4.378960e-04
Best model updated at epoch 54 
Epoch 55/100 - Duration: 16.95s - Train Loss: 2.0330 - Val Loss: 1.7372
Learning rate changed: 4.378960e-04 -> 4.223610e-04
No improvement at epoch 55 (patience: 1/15)
Epoch 56/100 - Duration: 16.96s - Train Loss: 2.0290 - Val Loss: 1.7447
Learning rate changed: 4.223610e-04 -> 4.069030e-04
No improvement at epoch 56 (patience: 2/15)
Epoch 57/100 - Duration: 16.96s - Train Loss: 2.0273 - Val Loss: 1.7430
Learning rate changed: 4.069030e-04 -> 3.915375e-04
No improvement at epoch 57 (patience: 3/15)
Epoch 58/100 - Duration: 16.95s - Train Loss: 2.0283 - Val Loss: 1.7134
Learning rate changed: 3.915375e-04 -> 3.762794e-04
Best model updated at epoch 58 
Epoch 59/100 - Duration: 16.94s - Train Loss: 2.0190 - Val Loss: 1.6967
Learning rate changed: 3.762794e-04 -> 3.611439e-04
Best model updated at epoch 59 
Epoch 60/100 - Duration: 16.96s - Train Loss: 2.0163 - Val Loss: 1.6896
Learning rate changed: 3.611439e-04 -> 3.461460e-04
Best model updated at epoch 60 
Epoch 61/100 - Duration: 16.96s - Train Loss: 2.0165 - Val Loss: 1.7172
Learning rate changed: 3.461460e-04 -> 3.313004e-04
No improvement at epoch 61 (patience: 1/15)
Epoch 62/100 - Duration: 16.96s - Train Loss: 2.0172 - Val Loss: 1.7049
Learning rate changed: 3.313004e-04 -> 3.166218e-04
No improvement at epoch 62 (patience: 2/15)
Epoch 63/100 - Duration: 16.96s - Train Loss: 2.0097 - Val Loss: 1.6956
Learning rate changed: 3.166218e-04 -> 3.021246e-04
No improvement at epoch 63 (patience: 3/15)
Epoch 64/100 - Duration: 16.96s - Train Loss: 2.0099 - Val Loss: 1.7052
Learning rate changed: 3.021246e-04 -> 2.878232e-04
No improvement at epoch 64 (patience: 4/15)
Epoch 65/100 - Duration: 16.96s - Train Loss: 2.0132 - Val Loss: 1.6920
Learning rate changed: 2.878232e-04 -> 2.737317e-04
No improvement at epoch 65 (patience: 5/15)
Epoch 66/100 - Duration: 16.96s - Train Loss: 2.0016 - Val Loss: 1.6716
Learning rate changed: 2.737317e-04 -> 2.598640e-04
Best model updated at epoch 66 
Epoch 67/100 - Duration: 16.96s - Train Loss: 2.0074 - Val Loss: 1.6860
Learning rate changed: 2.598640e-04 -> 2.462338e-04
No improvement at epoch 67 (patience: 1/15)
Epoch 68/100 - Duration: 16.96s - Train Loss: 1.9996 - Val Loss: 1.6843
Learning rate changed: 2.462338e-04 -> 2.328545e-04
No improvement at epoch 68 (patience: 2/15)
Epoch 69/100 - Duration: 16.96s - Train Loss: 1.9999 - Val Loss: 1.6875
Learning rate changed: 2.328545e-04 -> 2.197394e-04
No improvement at epoch 69 (patience: 3/15)
Epoch 70/100 - Duration: 16.96s - Train Loss: 1.9990 - Val Loss: 1.6930
Learning rate changed: 2.197394e-04 -> 2.069013e-04
No improvement at epoch 70 (patience: 4/15)
Epoch 71/100 - Duration: 16.96s - Train Loss: 1.9851 - Val Loss: 1.6788
Learning rate changed: 2.069013e-04 -> 1.943529e-04
No improvement at epoch 71 (patience: 5/15)
Epoch 72/100 - Duration: 16.96s - Train Loss: 1.9994 - Val Loss: 1.6859
Learning rate changed: 1.943529e-04 -> 1.821067e-04
No improvement at epoch 72 (patience: 6/15)
Epoch 73/100 - Duration: 16.96s - Train Loss: 1.9927 - Val Loss: 1.6839
Learning rate changed: 1.821067e-04 -> 1.701747e-04
No improvement at epoch 73 (patience: 7/15)
Epoch 74/100 - Duration: 16.96s - Train Loss: 1.9880 - Val Loss: 1.6866
Learning rate changed: 1.701747e-04 -> 1.585687e-04
No improvement at epoch 74 (patience: 8/15)
Epoch 75/100 - Duration: 16.96s - Train Loss: 1.9944 - Val Loss: 1.6838
Learning rate changed: 1.585687e-04 -> 1.473002e-04
No improvement at epoch 75 (patience: 9/15)
Epoch 76/100 - Duration: 16.96s - Train Loss: 1.9887 - Val Loss: 1.6796
Learning rate changed: 1.473002e-04 -> 1.363802e-04
No improvement at epoch 76 (patience: 10/15)
Epoch 77/100 - Duration: 16.96s - Train Loss: 1.9853 - Val Loss: 1.6894
Learning rate changed: 1.363802e-04 -> 1.258195e-04
No improvement at epoch 77 (patience: 11/15)
Epoch 78/100 - Duration: 16.96s - Train Loss: 1.9846 - Val Loss: 1.6701
Learning rate changed: 1.258195e-04 -> 1.156286e-04
Best model updated at epoch 78 
Epoch 79/100 - Duration: 16.96s - Train Loss: 1.9874 - Val Loss: 1.6823
Learning rate changed: 1.156286e-04 -> 1.058176e-04
No improvement at epoch 79 (patience: 1/15)
Epoch 80/100 - Duration: 16.96s - Train Loss: 1.9806 - Val Loss: 1.6728
Learning rate changed: 1.058176e-04 -> 9.639601e-05
No improvement at epoch 80 (patience: 2/15)
Epoch 81/100 - Duration: 16.96s - Train Loss: 1.9884 - Val Loss: 1.6623
Learning rate changed: 9.639601e-05 -> 8.737325e-05
Best model updated at epoch 81 
Epoch 82/100 - Duration: 16.93s - Train Loss: 1.9835 - Val Loss: 1.6753
Learning rate changed: 8.737325e-05 -> 7.875820e-05
No improvement at epoch 82 (patience: 1/15)
Epoch 83/100 - Duration: 16.93s - Train Loss: 1.9703 - Val Loss: 1.6599
Learning rate changed: 7.875820e-05 -> 7.055936e-05
Best model updated at epoch 83 
Epoch 84/100 - Duration: 16.93s - Train Loss: 1.9742 - Val Loss: 1.6739
Learning rate changed: 7.055936e-05 -> 6.278481e-05
No improvement at epoch 84 (patience: 1/15)
Epoch 85/100 - Duration: 16.93s - Train Loss: 1.9799 - Val Loss: 1.6637
Learning rate changed: 6.278481e-05 -> 5.544224e-05
No improvement at epoch 85 (patience: 2/15)
Epoch 86/100 - Duration: 16.93s - Train Loss: 1.9689 - Val Loss: 1.6581
Learning rate changed: 5.544224e-05 -> 4.853889e-05
Best model updated at epoch 86 
Epoch 87/100 - Duration: 16.93s - Train Loss: 1.9710 - Val Loss: 1.6567
Learning rate changed: 4.853889e-05 -> 4.208156e-05
Best model updated at epoch 87 
Epoch 88/100 - Duration: 16.94s - Train Loss: 1.9775 - Val Loss: 1.6622
Learning rate changed: 4.208156e-05 -> 3.607665e-05
No improvement at epoch 88 (patience: 1/15)
Epoch 89/100 - Duration: 16.94s - Train Loss: 1.9752 - Val Loss: 1.6642
Learning rate changed: 3.607665e-05 -> 3.053006e-05
No improvement at epoch 89 (patience: 2/15)
Epoch 90/100 - Duration: 16.94s - Train Loss: 1.9701 - Val Loss: 1.6595
Learning rate changed: 3.053006e-05 -> 2.544727e-05
No improvement at epoch 90 (patience: 3/15)
Epoch 91/100 - Duration: 16.94s - Train Loss: 1.9791 - Val Loss: 1.6593
Learning rate changed: 2.544727e-05 -> 2.083330e-05
No improvement at epoch 91 (patience: 4/15)
Epoch 92/100 - Duration: 16.94s - Train Loss: 1.9704 - Val Loss: 1.6596
Learning rate changed: 2.083330e-05 -> 1.669271e-05
No improvement at epoch 92 (patience: 5/15)
Epoch 93/100 - Duration: 16.94s - Train Loss: 1.9687 - Val Loss: 1.6542
Learning rate changed: 1.669271e-05 -> 1.302958e-05
Best model updated at epoch 93 
Epoch 94/100 - Duration: 16.95s - Train Loss: 1.9617 - Val Loss: 1.6545
Learning rate changed: 1.302958e-05 -> 9.847518e-06
No improvement at epoch 94 (patience: 1/15)
Epoch 95/100 - Duration: 16.95s - Train Loss: 1.9741 - Val Loss: 1.6548
Learning rate changed: 9.847518e-06 -> 7.149674e-06
No improvement at epoch 95 (patience: 2/15)
Epoch 96/100 - Duration: 16.95s - Train Loss: 1.9751 - Val Loss: 1.6599
Learning rate changed: 7.149674e-06 -> 4.938707e-06
No improvement at epoch 96 (patience: 3/15)
Epoch 97/100 - Duration: 16.95s - Train Loss: 1.9731 - Val Loss: 1.6603
Learning rate changed: 4.938707e-06 -> 3.216799e-06
No improvement at epoch 97 (patience: 4/15)
Epoch 98/100 - Duration: 16.95s - Train Loss: 1.9673 - Val Loss: 1.6579
Learning rate changed: 3.216799e-06 -> 1.985649e-06
No improvement at epoch 98 (patience: 5/15)
Epoch 99/100 - Duration: 16.95s - Train Loss: 1.9703 - Val Loss: 1.6578
Learning rate changed: 1.985649e-06 -> 1.246473e-06
No improvement at epoch 99 (patience: 6/15)
Epoch 100/100 - Duration: 16.95s - Train Loss: 1.9705 - Val Loss: 1.6573
Learning rate changed: 1.246473e-06 -> 1.000000e-06
No improvement at epoch 100 (patience: 7/15)

=========== Training Summary ===========
Best epoch         : 93
Best monitored loss: 1.6542
LAST model saved   : /srv/data/mohammad.elaabaribao/work/interns/y2026/temp/ds_temp_intern/temp/results/unet_dropout_02/models/unet1_temp_last.pth
BEST model saved   : /srv/data/mohammad.elaabaribao/work/interns/y2026/temp/ds_temp_intern/temp/results/unet_dropout_02/models/unet1_temp_best.pth
Results directory  : /srv/data/mohammad.elaabaribao/work/interns/y2026/temp/ds_temp_intern/temp/results/unet_dropout_02
========================================
Finished training for ../configs/unet/unet_dropout_02.yaml
