Starting training for ../configs/unet/unet_no_scheduler.yaml
Using device: cuda
Using device: cuda
=== Starting training process for temp ===
=== Loading datasets (src=era5, target=mswt) ===
Loading temp file: /home/mohammad.elaabaribao/lustre/climat-um6p-st-iwri-7ksifkvwkuy/users/mohammad.elaabaribao/data/obs/mswep/mswt_1979_2020.nc
→ Applying spatial mask
  [BEFORE MASK]
   dims        : FrozenMappingWarningOnValuesAccess({'time': 15341, 'lat': 220, 'lon': 220})
   shape       : (15341, 220, 220)
   lon range   : -20.950000762939453 → 0.9500091671943665
   lat range   : 19.049999237060547 → 40.95000076293945
  [AFTER MASK]
   dims        : FrozenMappingWarningOnValuesAccess({'time': 15341, 'lat': 160, 'lon': 180})
   shape       : (15341, 160, 180)
  Mask applied: lon=slice(-18.0, 0.0, None), lat=slice(21.0, 37.0, None)
TEMP shapes → train=(9862, 160, 180), test=(5479, 160, 180)
Checking target time resolution...
   [STATS] temp (train): mean=21.6071, min=-13.8125, max=43.75
   [STATS] temp (test): mean=22.1381, min=-12.5625, max=43.75
Loading merged variable file: /home/mohammad.elaabaribao/lustre/climat-um6p-st-iwri-7ksifkvwkuy/users/mohammad.elaabaribao/data/reanalysis/era5/z_1979-2020_levels.nc...
→ Applying spatial mask
  [BEFORE MASK]
   dims        : FrozenMappingWarningOnValuesAccess({'level': 4, 'time': 15341, 'latitude': 81, 'longitude': 81})
   shape       : (4, 15341, 81, 81)
   lon range   : -20.0 → 0.0
   lat range   : 20.0 → 40.0
  [AFTER MASK]
   dims        : FrozenMappingWarningOnValuesAccess({'level': 4, 'time': 15341, 'latitude': 65, 'longitude': 73})
   shape       : (4, 15341, 65, 73)
  Mask applied: lon=slice(-18.0, 0.0, None), lat=slice(21.0, 37.0, None)
  → Extracting level 500 from z
   [STATS] z_500: mean=57051.9, min=51355.7, max=58985.4
  → Extracting level 700 from z
   [STATS] z_700: mean=30934.4, min=27009.6, max=32387.8
  → Extracting level 850 from z
   [STATS] z_850: mean=15056.9, min=11703.2, max=16740.1
  → Extracting level 1000 from z
   [STATS] z_1000: mean=1404.33, min=-1629.04, max=3461.49
Loading merged variable file: /home/mohammad.elaabaribao/lustre/climat-um6p-st-iwri-7ksifkvwkuy/users/mohammad.elaabaribao/data/reanalysis/era5/t_1979-2020_levels.nc...
→ Applying spatial mask
  [BEFORE MASK]
   dims        : FrozenMappingWarningOnValuesAccess({'level': 4, 'time': 15341, 'latitude': 81, 'longitude': 81})
   shape       : (4, 15341, 81, 81)
   lon range   : -20.0 → 0.0
   lat range   : 20.0 → 40.0
  [AFTER MASK]
   dims        : FrozenMappingWarningOnValuesAccess({'level': 4, 'time': 15341, 'latitude': 65, 'longitude': 73})
   shape       : (4, 15341, 65, 73)
  Mask applied: lon=slice(-18.0, 0.0, None), lat=slice(21.0, 37.0, None)
  → Extracting level 500 from t
   [STATS] t_500: mean=-11.9415, min=-37.6865, max=-0.750632
  → Extracting level 700 from t
   [STATS] t_700: mean=6.14864, min=-20.3726, max=18.2581
  → Extracting level 850 from t
   [STATS] t_850: mean=15.8876, min=-9.36083, max=34.181
  → Extracting level 1000 from t
   [STATS] t_1000: mean=15.8876, min=-9.36083, max=34.181
Loading merged variable file: /home/mohammad.elaabaribao/lustre/climat-um6p-st-iwri-7ksifkvwkuy/users/mohammad.elaabaribao/data/reanalysis/era5/q_1979-2020_levels.nc...
  ERROR: [Errno -101] NetCDF: HDF error: '/home/mohammad.elaabaribao/lustre/climat-um6p-st-iwri-7ksifkvwkuy/users/mohammad.elaabaribao/data/reanalysis/era5/q_1979-2020_levels.nc'
Loading merged variable file: /home/mohammad.elaabaribao/lustre/climat-um6p-st-iwri-7ksifkvwkuy/users/mohammad.elaabaribao/data/reanalysis/era5/u_1979-2020_levels.nc...
  ERROR: [Errno -101] NetCDF: HDF error: '/home/mohammad.elaabaribao/lustre/climat-um6p-st-iwri-7ksifkvwkuy/users/mohammad.elaabaribao/data/reanalysis/era5/u_1979-2020_levels.nc'
Loading merged variable file: /home/mohammad.elaabaribao/lustre/climat-um6p-st-iwri-7ksifkvwkuy/users/mohammad.elaabaribao/data/reanalysis/era5/v_1979-2020_levels.nc...
  ERROR: [Errno -101] NetCDF: HDF error: '/home/mohammad.elaabaribao/lustre/climat-um6p-st-iwri-7ksifkvwkuy/users/mohammad.elaabaribao/data/reanalysis/era5/v_1979-2020_levels.nc'
Checking time resolution...
Predictor Shape (X): (15341, 8, 9, 10)
Target Train Shape (y_train): torch.Size([9862, 160, 180])
Target Test Shape (y_test): torch.Size([5479, 160, 180])
=== Finished loading datasets ===
=== Preprocessing data ===
Applying normalization mode: gridbox
Normalization done.
--- Processing temp (train) ---
train raw [degree_Celsius] → min=-13.81, max=43.75, mean=21.61
  Units already in Celsius → skipping conversion
train converted [C] → min=-13.81, max=43.75, mean=21.61
--- Processing temp (test) ---
test raw [degree_Celsius] → min=-12.56, max=43.75, mean=22.14
  Units already in Celsius → skipping conversion
test converted [C] → min=-12.56, max=43.75, mean=22.14
=== Preprocessing complete ===
Initializing model for training...

----------- Machine Features -----------
 OS: Linux 4.18.0-553.124.1.el8_10.0.2.x86_64
 CPU: x86_64 (Unknown (psutil missing) cores)
 RAM: Unknown (psutil missing) GB
 GPU 0: NVIDIA A100-SXM4-80GB (79.25 GB)
----------------------------------------
Epoch 1/100 - Duration: 17.22s - Train Loss: 14.6930 - Val Loss: 2.9871
Estimated training process duration: 28:42

Best model updated at epoch 1 
Epoch 2/100 - Duration: 16.96s - Train Loss: 2.6594 - Val Loss: 2.1412
Best model updated at epoch 2 
Epoch 3/100 - Duration: 16.96s - Train Loss: 2.3371 - Val Loss: 2.0073
Best model updated at epoch 3 
Epoch 4/100 - Duration: 16.97s - Train Loss: 2.2355 - Val Loss: 1.9674
Best model updated at epoch 4 
Epoch 5/100 - Duration: 16.97s - Train Loss: 2.1986 - Val Loss: 1.8910
Best model updated at epoch 5 
Epoch 6/100 - Duration: 16.96s - Train Loss: 2.1702 - Val Loss: 1.9300
No improvement at epoch 6 (patience: 1/15)
Epoch 7/100 - Duration: 16.96s - Train Loss: 2.1286 - Val Loss: 1.8733
Best model updated at epoch 7 
Epoch 8/100 - Duration: 16.94s - Train Loss: 2.1064 - Val Loss: 1.8384
Best model updated at epoch 8 
Epoch 9/100 - Duration: 16.96s - Train Loss: 2.0809 - Val Loss: 1.7996
Best model updated at epoch 9 
Epoch 10/100 - Duration: 16.97s - Train Loss: 2.0691 - Val Loss: 1.8214
No improvement at epoch 10 (patience: 1/15)
Epoch 11/100 - Duration: 16.97s - Train Loss: 2.0427 - Val Loss: 1.7598
Best model updated at epoch 11 
Epoch 12/100 - Duration: 16.97s - Train Loss: 2.0352 - Val Loss: 1.7409
Best model updated at epoch 12 
Epoch 13/100 - Duration: 16.97s - Train Loss: 2.0234 - Val Loss: 1.7680
No improvement at epoch 13 (patience: 1/15)
Epoch 14/100 - Duration: 16.97s - Train Loss: 2.0152 - Val Loss: 1.7471
No improvement at epoch 14 (patience: 2/15)
Epoch 15/100 - Duration: 16.97s - Train Loss: 1.9974 - Val Loss: 1.7143
Best model updated at epoch 15 
Epoch 16/100 - Duration: 16.97s - Train Loss: 1.9693 - Val Loss: 1.7758
No improvement at epoch 16 (patience: 1/15)
Epoch 17/100 - Duration: 16.96s - Train Loss: 1.9739 - Val Loss: 1.7129
Best model updated at epoch 17 
Epoch 18/100 - Duration: 16.97s - Train Loss: 1.9663 - Val Loss: 1.7596
No improvement at epoch 18 (patience: 1/15)
Epoch 19/100 - Duration: 16.97s - Train Loss: 1.9472 - Val Loss: 1.6770
Best model updated at epoch 19 
Epoch 20/100 - Duration: 16.97s - Train Loss: 1.9445 - Val Loss: 1.6584
Best model updated at epoch 20 
Epoch 21/100 - Duration: 16.96s - Train Loss: 1.9352 - Val Loss: 1.7029
No improvement at epoch 21 (patience: 1/15)
Epoch 22/100 - Duration: 16.96s - Train Loss: 1.9324 - Val Loss: 1.6797
No improvement at epoch 22 (patience: 2/15)
Epoch 23/100 - Duration: 16.96s - Train Loss: 1.9236 - Val Loss: 1.6601
No improvement at epoch 23 (patience: 3/15)
Epoch 24/100 - Duration: 16.96s - Train Loss: 1.9119 - Val Loss: 1.6442
Best model updated at epoch 24 
Epoch 25/100 - Duration: 16.96s - Train Loss: 1.8970 - Val Loss: 1.6174
Best model updated at epoch 25 
Epoch 26/100 - Duration: 16.97s - Train Loss: 1.9033 - Val Loss: 1.6303
No improvement at epoch 26 (patience: 1/15)
Epoch 27/100 - Duration: 16.97s - Train Loss: 1.8907 - Val Loss: 1.6278
No improvement at epoch 27 (patience: 2/15)
Epoch 28/100 - Duration: 16.96s - Train Loss: 1.8827 - Val Loss: 1.6489
No improvement at epoch 28 (patience: 3/15)
Epoch 29/100 - Duration: 16.97s - Train Loss: 1.8814 - Val Loss: 1.6161
Best model updated at epoch 29 
Epoch 30/100 - Duration: 16.96s - Train Loss: 1.8767 - Val Loss: 1.6391
No improvement at epoch 30 (patience: 1/15)
Epoch 31/100 - Duration: 16.95s - Train Loss: 1.8758 - Val Loss: 1.5966
Best model updated at epoch 31 
Epoch 32/100 - Duration: 16.96s - Train Loss: 1.8607 - Val Loss: 1.5714
Best model updated at epoch 32 
Epoch 33/100 - Duration: 16.96s - Train Loss: 1.8552 - Val Loss: 1.6618
No improvement at epoch 33 (patience: 1/15)
Epoch 34/100 - Duration: 16.96s - Train Loss: 1.8606 - Val Loss: 1.6335
No improvement at epoch 34 (patience: 2/15)
Epoch 35/100 - Duration: 16.96s - Train Loss: 1.8404 - Val Loss: 1.5764
No improvement at epoch 35 (patience: 3/15)
Epoch 36/100 - Duration: 16.96s - Train Loss: 1.8406 - Val Loss: 1.5872
No improvement at epoch 36 (patience: 4/15)
Epoch 37/100 - Duration: 16.96s - Train Loss: 1.8310 - Val Loss: 1.5780
No improvement at epoch 37 (patience: 5/15)
Epoch 38/100 - Duration: 16.96s - Train Loss: 1.8356 - Val Loss: 1.5747
No improvement at epoch 38 (patience: 6/15)
Epoch 39/100 - Duration: 16.96s - Train Loss: 1.8376 - Val Loss: 1.5779
No improvement at epoch 39 (patience: 7/15)
Epoch 40/100 - Duration: 16.96s - Train Loss: 1.8385 - Val Loss: 1.6011
No improvement at epoch 40 (patience: 8/15)
Epoch 41/100 - Duration: 16.96s - Train Loss: 1.8275 - Val Loss: 1.6101
No improvement at epoch 41 (patience: 9/15)
Epoch 42/100 - Duration: 16.96s - Train Loss: 1.8199 - Val Loss: 1.5916
No improvement at epoch 42 (patience: 10/15)
Epoch 43/100 - Duration: 16.96s - Train Loss: 1.8164 - Val Loss: 1.5913
No improvement at epoch 43 (patience: 11/15)
Epoch 44/100 - Duration: 16.96s - Train Loss: 1.8145 - Val Loss: 1.5244
Best model updated at epoch 44 
Epoch 45/100 - Duration: 16.98s - Train Loss: 1.8080 - Val Loss: 1.5658
No improvement at epoch 45 (patience: 1/15)
Epoch 46/100 - Duration: 16.98s - Train Loss: 1.8023 - Val Loss: 1.5551
No improvement at epoch 46 (patience: 2/15)
Epoch 47/100 - Duration: 16.97s - Train Loss: 1.8025 - Val Loss: 1.5041
Best model updated at epoch 47 
Epoch 48/100 - Duration: 16.96s - Train Loss: 1.7968 - Val Loss: 1.5517
No improvement at epoch 48 (patience: 1/15)
Epoch 49/100 - Duration: 16.96s - Train Loss: 1.7912 - Val Loss: 1.5160
No improvement at epoch 49 (patience: 2/15)
Epoch 50/100 - Duration: 16.96s - Train Loss: 1.7878 - Val Loss: 1.5098
No improvement at epoch 50 (patience: 3/15)
Epoch 51/100 - Duration: 16.97s - Train Loss: 1.7801 - Val Loss: 1.5188
No improvement at epoch 51 (patience: 4/15)
Epoch 52/100 - Duration: 16.96s - Train Loss: 1.7777 - Val Loss: 1.5176
No improvement at epoch 52 (patience: 5/15)
Epoch 53/100 - Duration: 16.96s - Train Loss: 1.7773 - Val Loss: 1.5251
No improvement at epoch 53 (patience: 6/15)
Epoch 54/100 - Duration: 16.96s - Train Loss: 1.7724 - Val Loss: 1.5579
No improvement at epoch 54 (patience: 7/15)
Epoch 55/100 - Duration: 16.96s - Train Loss: 1.7636 - Val Loss: 1.5040
Best model updated at epoch 55 
Epoch 56/100 - Duration: 16.97s - Train Loss: 1.7579 - Val Loss: 1.5192
No improvement at epoch 56 (patience: 1/15)
Epoch 57/100 - Duration: 16.97s - Train Loss: 1.7660 - Val Loss: 1.5299
No improvement at epoch 57 (patience: 2/15)
Epoch 58/100 - Duration: 16.97s - Train Loss: 1.7581 - Val Loss: 1.5270
No improvement at epoch 58 (patience: 3/15)
Epoch 59/100 - Duration: 16.97s - Train Loss: 1.7538 - Val Loss: 1.5451
No improvement at epoch 59 (patience: 4/15)
Epoch 60/100 - Duration: 16.96s - Train Loss: 1.7600 - Val Loss: 1.4960
Best model updated at epoch 60 
Epoch 61/100 - Duration: 16.95s - Train Loss: 1.7468 - Val Loss: 1.4955
Best model updated at epoch 61 
Epoch 62/100 - Duration: 16.96s - Train Loss: 1.7441 - Val Loss: 1.5121
No improvement at epoch 62 (patience: 1/15)
Epoch 63/100 - Duration: 16.96s - Train Loss: 1.7440 - Val Loss: 1.4872
Best model updated at epoch 63 
Epoch 64/100 - Duration: 16.96s - Train Loss: 1.7312 - Val Loss: 1.4671
Best model updated at epoch 64 
Epoch 65/100 - Duration: 16.95s - Train Loss: 1.7336 - Val Loss: 1.5086
No improvement at epoch 65 (patience: 1/15)
Epoch 66/100 - Duration: 16.95s - Train Loss: 1.7359 - Val Loss: 1.5267
No improvement at epoch 66 (patience: 2/15)
Epoch 67/100 - Duration: 16.95s - Train Loss: 1.7299 - Val Loss: 1.4799
No improvement at epoch 67 (patience: 3/15)
Epoch 68/100 - Duration: 16.95s - Train Loss: 1.7278 - Val Loss: 1.5090
No improvement at epoch 68 (patience: 4/15)
Epoch 69/100 - Duration: 16.95s - Train Loss: 1.7184 - Val Loss: 1.4880
No improvement at epoch 69 (patience: 5/15)
Epoch 70/100 - Duration: 16.95s - Train Loss: 1.7185 - Val Loss: 1.5021
No improvement at epoch 70 (patience: 6/15)
Epoch 71/100 - Duration: 16.95s - Train Loss: 1.7195 - Val Loss: 1.5069
No improvement at epoch 71 (patience: 7/15)
Epoch 72/100 - Duration: 16.95s - Train Loss: 1.7115 - Val Loss: 1.4838
No improvement at epoch 72 (patience: 8/15)
Epoch 73/100 - Duration: 16.95s - Train Loss: 1.7060 - Val Loss: 1.4764
No improvement at epoch 73 (patience: 9/15)
Epoch 74/100 - Duration: 16.95s - Train Loss: 1.7110 - Val Loss: 1.4590
Best model updated at epoch 74 
Epoch 75/100 - Duration: 16.94s - Train Loss: 1.7018 - Val Loss: 1.4724
No improvement at epoch 75 (patience: 1/15)
Epoch 76/100 - Duration: 16.94s - Train Loss: 1.7061 - Val Loss: 1.4725
No improvement at epoch 76 (patience: 2/15)
Epoch 77/100 - Duration: 16.94s - Train Loss: 1.6999 - Val Loss: 1.4698
No improvement at epoch 77 (patience: 3/15)
Epoch 78/100 - Duration: 16.94s - Train Loss: 1.6917 - Val Loss: 1.4540
Best model updated at epoch 78 
Epoch 79/100 - Duration: 16.96s - Train Loss: 1.6858 - Val Loss: 1.4228
Best model updated at epoch 79 
Epoch 80/100 - Duration: 16.96s - Train Loss: 1.6869 - Val Loss: 1.4670
No improvement at epoch 80 (patience: 1/15)
Epoch 81/100 - Duration: 16.95s - Train Loss: 1.6856 - Val Loss: 1.4583
No improvement at epoch 81 (patience: 2/15)
Epoch 82/100 - Duration: 16.95s - Train Loss: 1.6826 - Val Loss: 1.4606
No improvement at epoch 82 (patience: 3/15)
Epoch 83/100 - Duration: 16.95s - Train Loss: 1.6827 - Val Loss: 1.4504
No improvement at epoch 83 (patience: 4/15)
Epoch 84/100 - Duration: 16.95s - Train Loss: 1.6778 - Val Loss: 1.4766
No improvement at epoch 84 (patience: 5/15)
Epoch 85/100 - Duration: 16.95s - Train Loss: 1.6755 - Val Loss: 1.4820
No improvement at epoch 85 (patience: 6/15)
Epoch 86/100 - Duration: 16.95s - Train Loss: 1.6747 - Val Loss: 1.4323
No improvement at epoch 86 (patience: 7/15)
Epoch 87/100 - Duration: 16.95s - Train Loss: 1.6767 - Val Loss: 1.4649
No improvement at epoch 87 (patience: 8/15)
Epoch 88/100 - Duration: 16.95s - Train Loss: 1.6714 - Val Loss: 1.4259
No improvement at epoch 88 (patience: 9/15)
Epoch 89/100 - Duration: 16.94s - Train Loss: 1.6660 - Val Loss: 1.4389
No improvement at epoch 89 (patience: 10/15)
Epoch 90/100 - Duration: 16.95s - Train Loss: 1.6614 - Val Loss: 1.4631
No improvement at epoch 90 (patience: 11/15)
Epoch 91/100 - Duration: 16.95s - Train Loss: 1.6629 - Val Loss: 1.4489
No improvement at epoch 91 (patience: 12/15)
Epoch 92/100 - Duration: 16.95s - Train Loss: 1.6652 - Val Loss: 1.4316
No improvement at epoch 92 (patience: 13/15)
Epoch 93/100 - Duration: 16.95s - Train Loss: 1.6536 - Val Loss: 1.4724
No improvement at epoch 93 (patience: 14/15)
Epoch 94/100 - Duration: 16.95s - Train Loss: 1.6488 - Val Loss: 1.4568
No improvement at epoch 94 (patience: 15/15)
Early stopping triggered at epoch 94/100. Best model was found at epoch 79 with monitored loss = 1.4228.

=========== Training Summary ===========
Best epoch         : 79
Best monitored loss: 1.4228
LAST model saved   : /srv/data/mohammad.elaabaribao/work/interns/y2026/temp/ds_temp_intern/temp/results/unet_no_scheduler/models/unet1_temp_last.pth
BEST model saved   : /srv/data/mohammad.elaabaribao/work/interns/y2026/temp/ds_temp_intern/temp/results/unet_no_scheduler/models/unet1_temp_best.pth
Results directory  : /srv/data/mohammad.elaabaribao/work/interns/y2026/temp/ds_temp_intern/temp/results/unet_no_scheduler
========================================
Finished training for ../configs/unet/unet_no_scheduler.yaml
