Starting training for ../configs/unet/unet_weight_decay_1e3.yaml
Using device: cuda
Using device: cuda
=== Starting training process for temp ===
=== Loading datasets (src=era5, target=mswt) ===
Loading temp file: /home/mohammad.elaabaribao/lustre/climat-um6p-st-iwri-7ksifkvwkuy/users/mohammad.elaabaribao/data/obs/mswep/mswt_1979_2020.nc
→ Applying spatial mask
  [BEFORE MASK]
   dims        : FrozenMappingWarningOnValuesAccess({'time': 15341, 'lat': 220, 'lon': 220})
   shape       : (15341, 220, 220)
   lon range   : -20.950000762939453 → 0.9500091671943665
   lat range   : 19.049999237060547 → 40.95000076293945
  [AFTER MASK]
   dims        : FrozenMappingWarningOnValuesAccess({'time': 15341, 'lat': 160, 'lon': 180})
   shape       : (15341, 160, 180)
  Mask applied: lon=slice(-18.0, 0.0, None), lat=slice(21.0, 37.0, None)
TEMP shapes → train=(9862, 160, 180), test=(5479, 160, 180)
Checking target time resolution...
   [STATS] temp (train): mean=21.6071, min=-13.8125, max=43.75
   [STATS] temp (test): mean=22.1381, min=-12.5625, max=43.75
Loading merged variable file: /home/mohammad.elaabaribao/lustre/climat-um6p-st-iwri-7ksifkvwkuy/users/mohammad.elaabaribao/data/reanalysis/era5/z_1979-2020_levels.nc...
→ Applying spatial mask
  [BEFORE MASK]
   dims        : FrozenMappingWarningOnValuesAccess({'level': 4, 'time': 15341, 'latitude': 81, 'longitude': 81})
   shape       : (4, 15341, 81, 81)
   lon range   : -20.0 → 0.0
   lat range   : 20.0 → 40.0
  [AFTER MASK]
   dims        : FrozenMappingWarningOnValuesAccess({'level': 4, 'time': 15341, 'latitude': 65, 'longitude': 73})
   shape       : (4, 15341, 65, 73)
  Mask applied: lon=slice(-18.0, 0.0, None), lat=slice(21.0, 37.0, None)
  → Extracting level 500 from z
   [STATS] z_500: mean=57051.9, min=51355.7, max=58985.4
  → Extracting level 700 from z
   [STATS] z_700: mean=30934.4, min=27009.6, max=32387.8
  → Extracting level 850 from z
   [STATS] z_850: mean=15056.9, min=11703.2, max=16740.1
  → Extracting level 1000 from z
   [STATS] z_1000: mean=1404.33, min=-1629.04, max=3461.49
Loading merged variable file: /home/mohammad.elaabaribao/lustre/climat-um6p-st-iwri-7ksifkvwkuy/users/mohammad.elaabaribao/data/reanalysis/era5/t_1979-2020_levels.nc...
→ Applying spatial mask
  [BEFORE MASK]
   dims        : FrozenMappingWarningOnValuesAccess({'level': 4, 'time': 15341, 'latitude': 81, 'longitude': 81})
   shape       : (4, 15341, 81, 81)
   lon range   : -20.0 → 0.0
   lat range   : 20.0 → 40.0
  [AFTER MASK]
   dims        : FrozenMappingWarningOnValuesAccess({'level': 4, 'time': 15341, 'latitude': 65, 'longitude': 73})
   shape       : (4, 15341, 65, 73)
  Mask applied: lon=slice(-18.0, 0.0, None), lat=slice(21.0, 37.0, None)
  → Extracting level 500 from t
   [STATS] t_500: mean=-11.9415, min=-37.6865, max=-0.750632
  → Extracting level 700 from t
   [STATS] t_700: mean=6.14864, min=-20.3726, max=18.2581
  → Extracting level 850 from t
   [STATS] t_850: mean=15.8876, min=-9.36083, max=34.181
  → Extracting level 1000 from t
   [STATS] t_1000: mean=15.8876, min=-9.36083, max=34.181
Loading merged variable file: /home/mohammad.elaabaribao/lustre/climat-um6p-st-iwri-7ksifkvwkuy/users/mohammad.elaabaribao/data/reanalysis/era5/q_1979-2020_levels.nc...
  ERROR: [Errno -101] NetCDF: HDF error: '/home/mohammad.elaabaribao/lustre/climat-um6p-st-iwri-7ksifkvwkuy/users/mohammad.elaabaribao/data/reanalysis/era5/q_1979-2020_levels.nc'
Loading merged variable file: /home/mohammad.elaabaribao/lustre/climat-um6p-st-iwri-7ksifkvwkuy/users/mohammad.elaabaribao/data/reanalysis/era5/u_1979-2020_levels.nc...
  ERROR: [Errno -101] NetCDF: HDF error: '/home/mohammad.elaabaribao/lustre/climat-um6p-st-iwri-7ksifkvwkuy/users/mohammad.elaabaribao/data/reanalysis/era5/u_1979-2020_levels.nc'
Loading merged variable file: /home/mohammad.elaabaribao/lustre/climat-um6p-st-iwri-7ksifkvwkuy/users/mohammad.elaabaribao/data/reanalysis/era5/v_1979-2020_levels.nc...
  ERROR: [Errno -101] NetCDF: HDF error: '/home/mohammad.elaabaribao/lustre/climat-um6p-st-iwri-7ksifkvwkuy/users/mohammad.elaabaribao/data/reanalysis/era5/v_1979-2020_levels.nc'
Checking time resolution...
Predictor Shape (X): (15341, 8, 9, 10)
Target Train Shape (y_train): torch.Size([9862, 160, 180])
Target Test Shape (y_test): torch.Size([5479, 160, 180])
=== Finished loading datasets ===
=== Preprocessing data ===
Applying normalization mode: gridbox
Normalization done.
--- Processing temp (train) ---
train raw [degree_Celsius] → min=-13.81, max=43.75, mean=21.61
  Units already in Celsius → skipping conversion
train converted [C] → min=-13.81, max=43.75, mean=21.61
--- Processing temp (test) ---
test raw [degree_Celsius] → min=-12.56, max=43.75, mean=22.14
  Units already in Celsius → skipping conversion
test converted [C] → min=-12.56, max=43.75, mean=22.14
=== Preprocessing complete ===
Initializing model for training...

----------- Machine Features -----------
 OS: Linux 4.18.0-553.124.1.el8_10.0.2.x86_64
 CPU: x86_64 (Unknown (psutil missing) cores)
 RAM: Unknown (psutil missing) GB
 GPU 0: NVIDIA A100-SXM4-80GB (79.25 GB)
----------------------------------------
Epoch 1/100 - Duration: 17.28s - Train Loss: 8.1528 - Val Loss: 2.8895
Estimated training process duration: 28:47

Learning rate changed: 1.000000e-03 -> 9.997535e-04
Best model updated at epoch 1 
Epoch 2/100 - Duration: 16.95s - Train Loss: 2.6555 - Val Loss: 2.1771
Learning rate changed: 9.997535e-04 -> 9.990144e-04
Best model updated at epoch 2 
Epoch 3/100 - Duration: 16.95s - Train Loss: 2.3104 - Val Loss: 1.9488
Learning rate changed: 9.990144e-04 -> 9.977832e-04
Best model updated at epoch 3 
Epoch 4/100 - Duration: 16.97s - Train Loss: 2.2221 - Val Loss: 2.0039
Learning rate changed: 9.977832e-04 -> 9.960613e-04
No improvement at epoch 4 (patience: 1/15)
Epoch 5/100 - Duration: 16.97s - Train Loss: 2.1883 - Val Loss: 1.8889
Learning rate changed: 9.960613e-04 -> 9.938503e-04
Best model updated at epoch 5 
Epoch 6/100 - Duration: 16.97s - Train Loss: 2.1575 - Val Loss: 1.8718
Learning rate changed: 9.938503e-04 -> 9.911525e-04
Best model updated at epoch 6 
Epoch 7/100 - Duration: 16.96s - Train Loss: 2.1190 - Val Loss: 1.8645
Learning rate changed: 9.911525e-04 -> 9.879704e-04
Best model updated at epoch 7 
Epoch 8/100 - Duration: 16.98s - Train Loss: 2.1035 - Val Loss: 1.8391
Learning rate changed: 9.879704e-04 -> 9.843073e-04
Best model updated at epoch 8 
Epoch 9/100 - Duration: 16.96s - Train Loss: 2.0874 - Val Loss: 1.8782
Learning rate changed: 9.843073e-04 -> 9.801667e-04
No improvement at epoch 9 (patience: 1/15)
Epoch 10/100 - Duration: 16.96s - Train Loss: 2.0617 - Val Loss: 1.8128
Learning rate changed: 9.801667e-04 -> 9.755527e-04
Best model updated at epoch 10 
Epoch 11/100 - Duration: 16.96s - Train Loss: 2.0516 - Val Loss: 1.8073
Learning rate changed: 9.755527e-04 -> 9.704699e-04
Best model updated at epoch 11 
Epoch 12/100 - Duration: 16.96s - Train Loss: 2.0307 - Val Loss: 1.7835
Learning rate changed: 9.704699e-04 -> 9.649234e-04
Best model updated at epoch 12 
Epoch 13/100 - Duration: 16.93s - Train Loss: 2.0209 - Val Loss: 1.7801
Learning rate changed: 9.649234e-04 -> 9.589184e-04
Best model updated at epoch 13 
Epoch 14/100 - Duration: 16.96s - Train Loss: 2.0124 - Val Loss: 1.7392
Learning rate changed: 9.589184e-04 -> 9.524611e-04
Best model updated at epoch 14 
Epoch 15/100 - Duration: 16.95s - Train Loss: 2.0125 - Val Loss: 1.7841
Learning rate changed: 9.524611e-04 -> 9.455578e-04
No improvement at epoch 15 (patience: 1/15)
Epoch 16/100 - Duration: 16.95s - Train Loss: 1.9865 - Val Loss: 1.7441
Learning rate changed: 9.455578e-04 -> 9.382152e-04
No improvement at epoch 16 (patience: 2/15)
Epoch 17/100 - Duration: 16.95s - Train Loss: 1.9840 - Val Loss: 1.7156
Learning rate changed: 9.382152e-04 -> 9.304406e-04
Best model updated at epoch 17 
Epoch 18/100 - Duration: 16.98s - Train Loss: 1.9741 - Val Loss: 1.7358
Learning rate changed: 9.304406e-04 -> 9.222418e-04
No improvement at epoch 18 (patience: 1/15)
Epoch 19/100 - Duration: 16.98s - Train Loss: 1.9755 - Val Loss: 1.7736
Learning rate changed: 9.222418e-04 -> 9.136267e-04
No improvement at epoch 19 (patience: 2/15)
Epoch 20/100 - Duration: 16.98s - Train Loss: 1.9626 - Val Loss: 1.7146
Learning rate changed: 9.136267e-04 -> 9.046040e-04
Best model updated at epoch 20 
Epoch 21/100 - Duration: 16.95s - Train Loss: 1.9511 - Val Loss: 1.6563
Learning rate changed: 9.046040e-04 -> 8.951824e-04
Best model updated at epoch 21 
Epoch 22/100 - Duration: 16.95s - Train Loss: 1.9391 - Val Loss: 1.6975
Learning rate changed: 8.951824e-04 -> 8.853714e-04
No improvement at epoch 22 (patience: 1/15)
Epoch 23/100 - Duration: 16.95s - Train Loss: 1.9348 - Val Loss: 1.6626
Learning rate changed: 8.853714e-04 -> 8.751805e-04
No improvement at epoch 23 (patience: 2/15)
Epoch 24/100 - Duration: 16.95s - Train Loss: 1.9253 - Val Loss: 1.6782
Learning rate changed: 8.751805e-04 -> 8.646198e-04
No improvement at epoch 24 (patience: 3/15)
Epoch 25/100 - Duration: 16.95s - Train Loss: 1.9149 - Val Loss: 1.6885
Learning rate changed: 8.646198e-04 -> 8.536998e-04
No improvement at epoch 25 (patience: 4/15)
Epoch 26/100 - Duration: 16.95s - Train Loss: 1.9183 - Val Loss: 1.6629
Learning rate changed: 8.536998e-04 -> 8.424313e-04
No improvement at epoch 26 (patience: 5/15)
Epoch 27/100 - Duration: 16.95s - Train Loss: 1.9104 - Val Loss: 1.6080
Learning rate changed: 8.424313e-04 -> 8.308253e-04
Best model updated at epoch 27 
Epoch 28/100 - Duration: 16.95s - Train Loss: 1.9026 - Val Loss: 1.6213
Learning rate changed: 8.308253e-04 -> 8.188933e-04
No improvement at epoch 28 (patience: 1/15)
Epoch 29/100 - Duration: 16.95s - Train Loss: 1.8826 - Val Loss: 1.6535
Learning rate changed: 8.188933e-04 -> 8.066471e-04
No improvement at epoch 29 (patience: 2/15)
Epoch 30/100 - Duration: 16.95s - Train Loss: 1.8817 - Val Loss: 1.6237
Learning rate changed: 8.066471e-04 -> 7.940987e-04
No improvement at epoch 30 (patience: 3/15)
Epoch 31/100 - Duration: 16.96s - Train Loss: 1.8961 - Val Loss: 1.6372
Learning rate changed: 7.940987e-04 -> 7.812606e-04
No improvement at epoch 31 (patience: 4/15)
Epoch 32/100 - Duration: 16.96s - Train Loss: 1.8802 - Val Loss: 1.5781
Learning rate changed: 7.812606e-04 -> 7.681455e-04
Best model updated at epoch 32 
Epoch 33/100 - Duration: 16.95s - Train Loss: 1.8758 - Val Loss: 1.6045
Learning rate changed: 7.681455e-04 -> 7.547662e-04
No improvement at epoch 33 (patience: 1/15)
Epoch 34/100 - Duration: 16.95s - Train Loss: 1.8602 - Val Loss: 1.6052
Learning rate changed: 7.547662e-04 -> 7.411360e-04
No improvement at epoch 34 (patience: 2/15)
Epoch 35/100 - Duration: 16.95s - Train Loss: 1.8756 - Val Loss: 1.6039
Learning rate changed: 7.411360e-04 -> 7.272683e-04
No improvement at epoch 35 (patience: 3/15)
Epoch 36/100 - Duration: 16.95s - Train Loss: 1.8580 - Val Loss: 1.6003
Learning rate changed: 7.272683e-04 -> 7.131768e-04
No improvement at epoch 36 (patience: 4/15)
Epoch 37/100 - Duration: 16.94s - Train Loss: 1.8464 - Val Loss: 1.5804
Learning rate changed: 7.131768e-04 -> 6.988754e-04
No improvement at epoch 37 (patience: 5/15)
Epoch 38/100 - Duration: 16.94s - Train Loss: 1.8512 - Val Loss: 1.5905
Learning rate changed: 6.988754e-04 -> 6.843782e-04
No improvement at epoch 38 (patience: 6/15)
Epoch 39/100 - Duration: 16.95s - Train Loss: 1.8385 - Val Loss: 1.5716
Learning rate changed: 6.843782e-04 -> 6.696996e-04
Best model updated at epoch 39 
Epoch 40/100 - Duration: 16.94s - Train Loss: 1.8282 - Val Loss: 1.5536
Learning rate changed: 6.696996e-04 -> 6.548540e-04
Best model updated at epoch 40 
Epoch 41/100 - Duration: 16.92s - Train Loss: 1.8339 - Val Loss: 1.5651
Learning rate changed: 6.548540e-04 -> 6.398561e-04
No improvement at epoch 41 (patience: 1/15)
Epoch 42/100 - Duration: 16.92s - Train Loss: 1.8235 - Val Loss: 1.5767
Learning rate changed: 6.398561e-04 -> 6.247206e-04
No improvement at epoch 42 (patience: 2/15)
Epoch 43/100 - Duration: 16.93s - Train Loss: 1.8194 - Val Loss: 1.5820
Learning rate changed: 6.247206e-04 -> 6.094625e-04
No improvement at epoch 43 (patience: 3/15)
Epoch 44/100 - Duration: 16.92s - Train Loss: 1.8264 - Val Loss: 1.5398
Learning rate changed: 6.094625e-04 -> 5.940970e-04
Best model updated at epoch 44 
Epoch 45/100 - Duration: 16.95s - Train Loss: 1.8163 - Val Loss: 1.5838
Learning rate changed: 5.940970e-04 -> 5.786390e-04
No improvement at epoch 45 (patience: 1/15)
Epoch 46/100 - Duration: 16.95s - Train Loss: 1.8143 - Val Loss: 1.5758
Learning rate changed: 5.786390e-04 -> 5.631040e-04
No improvement at epoch 46 (patience: 2/15)
Epoch 47/100 - Duration: 16.94s - Train Loss: 1.8099 - Val Loss: 1.5619
Learning rate changed: 5.631040e-04 -> 5.475071e-04
No improvement at epoch 47 (patience: 3/15)
Epoch 48/100 - Duration: 16.95s - Train Loss: 1.8028 - Val Loss: 1.5393
Learning rate changed: 5.475071e-04 -> 5.318639e-04
Best model updated at epoch 48 
Epoch 49/100 - Duration: 16.95s - Train Loss: 1.7943 - Val Loss: 1.5315
Learning rate changed: 5.318639e-04 -> 5.161897e-04
Best model updated at epoch 49 
Epoch 50/100 - Duration: 16.95s - Train Loss: 1.7986 - Val Loss: 1.5671
Learning rate changed: 5.161897e-04 -> 5.005000e-04
No improvement at epoch 50 (patience: 1/15)
Epoch 51/100 - Duration: 16.95s - Train Loss: 1.7911 - Val Loss: 1.5242
Learning rate changed: 5.005000e-04 -> 4.848103e-04
Best model updated at epoch 51 
Epoch 52/100 - Duration: 16.95s - Train Loss: 1.7836 - Val Loss: 1.5355
Learning rate changed: 4.848103e-04 -> 4.691361e-04
No improvement at epoch 52 (patience: 1/15)
Epoch 53/100 - Duration: 16.95s - Train Loss: 1.7856 - Val Loss: 1.5654
Learning rate changed: 4.691361e-04 -> 4.534929e-04
No improvement at epoch 53 (patience: 2/15)
Epoch 54/100 - Duration: 16.95s - Train Loss: 1.7851 - Val Loss: 1.5414
Learning rate changed: 4.534929e-04 -> 4.378960e-04
No improvement at epoch 54 (patience: 3/15)
Epoch 55/100 - Duration: 16.95s - Train Loss: 1.7766 - Val Loss: 1.5151
Learning rate changed: 4.378960e-04 -> 4.223610e-04
Best model updated at epoch 55 
Epoch 56/100 - Duration: 16.96s - Train Loss: 1.7854 - Val Loss: 1.5182
Learning rate changed: 4.223610e-04 -> 4.069030e-04
No improvement at epoch 56 (patience: 1/15)
Epoch 57/100 - Duration: 16.95s - Train Loss: 1.7770 - Val Loss: 1.5013
Learning rate changed: 4.069030e-04 -> 3.915375e-04
Best model updated at epoch 57 
Epoch 58/100 - Duration: 16.95s - Train Loss: 1.7650 - Val Loss: 1.4991
Learning rate changed: 3.915375e-04 -> 3.762794e-04
Best model updated at epoch 58 
Epoch 59/100 - Duration: 16.95s - Train Loss: 1.7688 - Val Loss: 1.5259
Learning rate changed: 3.762794e-04 -> 3.611439e-04
No improvement at epoch 59 (patience: 1/15)
Epoch 60/100 - Duration: 16.96s - Train Loss: 1.7591 - Val Loss: 1.5047
Learning rate changed: 3.611439e-04 -> 3.461460e-04
No improvement at epoch 60 (patience: 2/15)
Epoch 61/100 - Duration: 16.96s - Train Loss: 1.7600 - Val Loss: 1.4981
Learning rate changed: 3.461460e-04 -> 3.313004e-04
Best model updated at epoch 61 
Epoch 62/100 - Duration: 16.96s - Train Loss: 1.7596 - Val Loss: 1.4841
Learning rate changed: 3.313004e-04 -> 3.166218e-04
Best model updated at epoch 62 
Epoch 63/100 - Duration: 16.93s - Train Loss: 1.7514 - Val Loss: 1.4967
Learning rate changed: 3.166218e-04 -> 3.021246e-04
No improvement at epoch 63 (patience: 1/15)
Epoch 64/100 - Duration: 16.93s - Train Loss: 1.7511 - Val Loss: 1.4879
Learning rate changed: 3.021246e-04 -> 2.878232e-04
No improvement at epoch 64 (patience: 2/15)
Epoch 65/100 - Duration: 16.93s - Train Loss: 1.7624 - Val Loss: 1.5182
Learning rate changed: 2.878232e-04 -> 2.737317e-04
No improvement at epoch 65 (patience: 3/15)
Epoch 66/100 - Duration: 16.93s - Train Loss: 1.7464 - Val Loss: 1.4891
Learning rate changed: 2.737317e-04 -> 2.598640e-04
No improvement at epoch 66 (patience: 4/15)
Epoch 67/100 - Duration: 16.93s - Train Loss: 1.7545 - Val Loss: 1.4807
Learning rate changed: 2.598640e-04 -> 2.462338e-04
Best model updated at epoch 67 
Epoch 68/100 - Duration: 16.95s - Train Loss: 1.7370 - Val Loss: 1.4653
Learning rate changed: 2.462338e-04 -> 2.328545e-04
Best model updated at epoch 68 
Epoch 69/100 - Duration: 16.95s - Train Loss: 1.7371 - Val Loss: 1.4814
Learning rate changed: 2.328545e-04 -> 2.197394e-04
No improvement at epoch 69 (patience: 1/15)
Epoch 70/100 - Duration: 16.96s - Train Loss: 1.7291 - Val Loss: 1.5028
Learning rate changed: 2.197394e-04 -> 2.069013e-04
No improvement at epoch 70 (patience: 2/15)
Epoch 71/100 - Duration: 16.95s - Train Loss: 1.7375 - Val Loss: 1.4715
Learning rate changed: 2.069013e-04 -> 1.943529e-04
No improvement at epoch 71 (patience: 3/15)
Epoch 72/100 - Duration: 16.96s - Train Loss: 1.7326 - Val Loss: 1.4621
Learning rate changed: 1.943529e-04 -> 1.821067e-04
Best model updated at epoch 72 
Epoch 73/100 - Duration: 16.92s - Train Loss: 1.7351 - Val Loss: 1.4931
Learning rate changed: 1.821067e-04 -> 1.701747e-04
No improvement at epoch 73 (patience: 1/15)
Epoch 74/100 - Duration: 16.92s - Train Loss: 1.7342 - Val Loss: 1.4725
Learning rate changed: 1.701747e-04 -> 1.585687e-04
No improvement at epoch 74 (patience: 2/15)
Epoch 75/100 - Duration: 16.91s - Train Loss: 1.7370 - Val Loss: 1.4756
Learning rate changed: 1.585687e-04 -> 1.473002e-04
No improvement at epoch 75 (patience: 3/15)
Epoch 76/100 - Duration: 16.92s - Train Loss: 1.7304 - Val Loss: 1.4697
Learning rate changed: 1.473002e-04 -> 1.363802e-04
No improvement at epoch 76 (patience: 4/15)
Epoch 77/100 - Duration: 16.92s - Train Loss: 1.7319 - Val Loss: 1.4750
Learning rate changed: 1.363802e-04 -> 1.258195e-04
No improvement at epoch 77 (patience: 5/15)
Epoch 78/100 - Duration: 16.91s - Train Loss: 1.7222 - Val Loss: 1.4667
Learning rate changed: 1.258195e-04 -> 1.156286e-04
No improvement at epoch 78 (patience: 6/15)
Epoch 79/100 - Duration: 16.91s - Train Loss: 1.7253 - Val Loss: 1.4636
Learning rate changed: 1.156286e-04 -> 1.058176e-04
No improvement at epoch 79 (patience: 7/15)
Epoch 80/100 - Duration: 16.92s - Train Loss: 1.7246 - Val Loss: 1.4506
Learning rate changed: 1.058176e-04 -> 9.639601e-05
Best model updated at epoch 80 
Epoch 81/100 - Duration: 16.92s - Train Loss: 1.7113 - Val Loss: 1.4514
Learning rate changed: 9.639601e-05 -> 8.737325e-05
No improvement at epoch 81 (patience: 1/15)
Epoch 82/100 - Duration: 16.92s - Train Loss: 1.7146 - Val Loss: 1.4562
Learning rate changed: 8.737325e-05 -> 7.875820e-05
No improvement at epoch 82 (patience: 2/15)
Epoch 83/100 - Duration: 16.92s - Train Loss: 1.7114 - Val Loss: 1.4558
Learning rate changed: 7.875820e-05 -> 7.055936e-05
No improvement at epoch 83 (patience: 3/15)
Epoch 84/100 - Duration: 16.93s - Train Loss: 1.7204 - Val Loss: 1.4638
Learning rate changed: 7.055936e-05 -> 6.278481e-05
No improvement at epoch 84 (patience: 4/15)
Epoch 85/100 - Duration: 16.93s - Train Loss: 1.7156 - Val Loss: 1.4577
Learning rate changed: 6.278481e-05 -> 5.544224e-05
No improvement at epoch 85 (patience: 5/15)
Epoch 86/100 - Duration: 16.93s - Train Loss: 1.7171 - Val Loss: 1.4526
Learning rate changed: 5.544224e-05 -> 4.853889e-05
No improvement at epoch 86 (patience: 6/15)
Epoch 87/100 - Duration: 16.93s - Train Loss: 1.7131 - Val Loss: 1.4543
Learning rate changed: 4.853889e-05 -> 4.208156e-05
No improvement at epoch 87 (patience: 7/15)
Epoch 88/100 - Duration: 16.93s - Train Loss: 1.7137 - Val Loss: 1.4454
Learning rate changed: 4.208156e-05 -> 3.607665e-05
Best model updated at epoch 88 
Epoch 89/100 - Duration: 16.95s - Train Loss: 1.7081 - Val Loss: 1.4534
Learning rate changed: 3.607665e-05 -> 3.053006e-05
No improvement at epoch 89 (patience: 1/15)
Epoch 90/100 - Duration: 16.95s - Train Loss: 1.7115 - Val Loss: 1.4536
Learning rate changed: 3.053006e-05 -> 2.544727e-05
No improvement at epoch 90 (patience: 2/15)
Epoch 91/100 - Duration: 16.95s - Train Loss: 1.7104 - Val Loss: 1.4489
Learning rate changed: 2.544727e-05 -> 2.083330e-05
No improvement at epoch 91 (patience: 3/15)
Epoch 92/100 - Duration: 16.94s - Train Loss: 1.7065 - Val Loss: 1.4513
Learning rate changed: 2.083330e-05 -> 1.669271e-05
No improvement at epoch 92 (patience: 4/15)
Epoch 93/100 - Duration: 16.94s - Train Loss: 1.7116 - Val Loss: 1.4482
Learning rate changed: 1.669271e-05 -> 1.302958e-05
No improvement at epoch 93 (patience: 5/15)
Epoch 94/100 - Duration: 16.93s - Train Loss: 1.6990 - Val Loss: 1.4430
Learning rate changed: 1.302958e-05 -> 9.847518e-06
Best model updated at epoch 94 
Epoch 95/100 - Duration: 16.94s - Train Loss: 1.7124 - Val Loss: 1.4478
Learning rate changed: 9.847518e-06 -> 7.149674e-06
No improvement at epoch 95 (patience: 1/15)
Epoch 96/100 - Duration: 16.95s - Train Loss: 1.7079 - Val Loss: 1.4478
Learning rate changed: 7.149674e-06 -> 4.938707e-06
No improvement at epoch 96 (patience: 2/15)
Epoch 97/100 - Duration: 16.95s - Train Loss: 1.7063 - Val Loss: 1.4474
Learning rate changed: 4.938707e-06 -> 3.216799e-06
No improvement at epoch 97 (patience: 3/15)
Epoch 98/100 - Duration: 16.95s - Train Loss: 1.7100 - Val Loss: 1.4472
Learning rate changed: 3.216799e-06 -> 1.985649e-06
No improvement at epoch 98 (patience: 4/15)
Epoch 99/100 - Duration: 16.95s - Train Loss: 1.7160 - Val Loss: 1.4469
Learning rate changed: 1.985649e-06 -> 1.246473e-06
No improvement at epoch 99 (patience: 5/15)
Epoch 100/100 - Duration: 16.95s - Train Loss: 1.7055 - Val Loss: 1.4469
Learning rate changed: 1.246473e-06 -> 1.000000e-06
No improvement at epoch 100 (patience: 6/15)

=========== Training Summary ===========
Best epoch         : 94
Best monitored loss: 1.4430
LAST model saved   : /srv/data/mohammad.elaabaribao/work/interns/y2026/temp/ds_temp_intern/temp/results/unet_weight_decay_1e3/models/unet1_temp_last.pth
BEST model saved   : /srv/data/mohammad.elaabaribao/work/interns/y2026/temp/ds_temp_intern/temp/results/unet_weight_decay_1e3/models/unet1_temp_best.pth
Results directory  : /srv/data/mohammad.elaabaribao/work/interns/y2026/temp/ds_temp_intern/temp/results/unet_weight_decay_1e3
========================================
Finished training for ../configs/unet/unet_weight_decay_1e3.yaml
