Starting training for ../configs/unet/config_unet1_mse.yaml
Using device: cuda
Using device: cuda
=== Starting training process for temp ===
=== Loading datasets (src=era5, target=mswt) ===
Loading temp file: /home/mohammad.elaabaribao/lustre/climat-um6p-st-iwri-7ksifkvwkuy/users/mohammad.elaabaribao/data/mswep/mswt_1979_2020.nc
→ Applying spatial mask
  [BEFORE MASK]
   dims        : FrozenMappingWarningOnValuesAccess({'time': 15341, 'lat': 220, 'lon': 220})
   shape       : (15341, 220, 220)
   lon range   : -20.950000762939453 → 0.9500091671943665
   lat range   : 19.049999237060547 → 40.95000076293945
  [AFTER MASK]
   dims        : FrozenMappingWarningOnValuesAccess({'time': 15341, 'lat': 150, 'lon': 180})
   shape       : (15341, 150, 180)
  Mask applied: lon=slice(-18.0, 0.0, None), lat=slice(21.0, 36.0, None)
TEMP shapes → train=(9497, 150, 180), test=(5479, 150, 180)
Checking target time resolution...
   [STATS] temp (train): mean=21.8855, min=-13.8125, max=43.75
   [STATS] temp (test): mean=22.4152, min=-12.5625, max=43.75
Loading merged variable file: /home/mohammad.elaabaribao/lustre/climat-um6p-st-iwri-7ksifkvwkuy/users/mohammad.elaabaribao/data//era5ztquv/1979_2020/all_data/z_1979-2020_levels.nc...
→ Applying spatial mask
  [BEFORE MASK]
   dims        : FrozenMappingWarningOnValuesAccess({'level': 4, 'time': 15341, 'latitude': 81, 'longitude': 81})
   shape       : (4, 15341, 81, 81)
   lon range   : -20.0 → 0.0
   lat range   : 20.0 → 40.0
  [AFTER MASK]
   dims        : FrozenMappingWarningOnValuesAccess({'level': 4, 'time': 15341, 'latitude': 61, 'longitude': 73})
   shape       : (4, 15341, 61, 73)
  Mask applied: lon=slice(-18.0, 0.0, None), lat=slice(21.0, 36.0, None)
  → Extracting level 500 from z
   [STATS] z_500: mean=57130.5, min=51787.2, max=58978.8
  → Extracting level 700 from z
   [STATS] z_700: mean=30976.2, min=27332.9, max=32355.8
  → Extracting level 850 from z
   [STATS] z_850: mean=15065.8, min=11984.3, max=16680
  → Extracting level 1000 from z
   [STATS] z_1000: mean=1382.91, min=-1557.59, max=3422.01
Loading merged variable file: /home/mohammad.elaabaribao/lustre/climat-um6p-st-iwri-7ksifkvwkuy/users/mohammad.elaabaribao/data//era5ztquv/1979_2020/all_data/q_1979-2020_levels.nc...
→ Applying spatial mask
  [BEFORE MASK]
   dims        : FrozenMappingWarningOnValuesAccess({'level': 4, 'time': 15341, 'latitude': 81, 'longitude': 81})
   shape       : (4, 15341, 81, 81)
   lon range   : -20.0 → 0.0
   lat range   : 20.0 → 40.0
  [AFTER MASK]
   dims        : FrozenMappingWarningOnValuesAccess({'level': 4, 'time': 15341, 'latitude': 61, 'longitude': 73})
   shape       : (4, 15341, 61, 73)
  Mask applied: lon=slice(-18.0, 0.0, None), lat=slice(21.0, 36.0, None)
  → Extracting level 500 from q
   [STATS] q_500: mean=0.000900578, min=2.47326e-07, max=0.00508807
  → Extracting level 700 from q
   [STATS] q_700: mean=0.00243845, min=2.47326e-07, max=0.0101267
  → Extracting level 850 from q
   [STATS] q_850: mean=0.00395261, min=3.40433e-06, max=0.0160928
  → Extracting level 1000 from q
   [STATS] q_1000: mean=0.00684954, min=0.000379719, max=0.0195475
Loading merged variable file: /home/mohammad.elaabaribao/lustre/climat-um6p-st-iwri-7ksifkvwkuy/users/mohammad.elaabaribao/data//era5ztquv/1979_2020/all_data/t_1979-2020_levels.nc...
→ Applying spatial mask
  [BEFORE MASK]
   dims        : FrozenMappingWarningOnValuesAccess({'level': 4, 'time': 15341, 'latitude': 81, 'longitude': 81})
   shape       : (4, 15341, 81, 81)
   lon range   : -20.0 → 0.0
   lat range   : 20.0 → 40.0
  [AFTER MASK]
   dims        : FrozenMappingWarningOnValuesAccess({'level': 4, 'time': 15341, 'latitude': 61, 'longitude': 73})
   shape       : (4, 15341, 61, 73)
  Mask applied: lon=slice(-18.0, 0.0, None), lat=slice(21.0, 36.0, None)
  → Extracting level 500 from t
   [STATS] t_500: mean=-11.5997, min=-37.1495, max=-0.750632
  → Extracting level 700 from t
   [STATS] t_700: mean=6.63117, min=-18.7922, max=18.2581
  → Extracting level 850 from t
   [STATS] t_850: mean=16.589, min=-8.39888, max=34.181
  → Extracting level 1000 from t
   [STATS] t_1000: mean=16.589, min=-8.39888, max=34.181
Loading merged variable file: /home/mohammad.elaabaribao/lustre/climat-um6p-st-iwri-7ksifkvwkuy/users/mohammad.elaabaribao/data//era5ztquv/1979_2020/all_data/u_1979-2020_levels.nc...
→ Applying spatial mask
  [BEFORE MASK]
   dims        : FrozenMappingWarningOnValuesAccess({'level': 4, 'time': 15341, 'latitude': 81, 'longitude': 81})
   shape       : (4, 15341, 81, 81)
   lon range   : -20.0 → 0.0
   lat range   : 20.0 → 40.0
  [AFTER MASK]
   dims        : FrozenMappingWarningOnValuesAccess({'level': 4, 'time': 15341, 'latitude': 61, 'longitude': 73})
   shape       : (4, 15341, 61, 73)
  Mask applied: lon=slice(-18.0, 0.0, None), lat=slice(21.0, 36.0, None)
  → Extracting level 500 from u
   [STATS] u_500: mean=7.34529, min=-34.6173, max=57.0537
  → Extracting level 700 from u
   [STATS] u_700: mean=3.29633, min=-30.728, max=41.3677
  → Extracting level 850 from u
   [STATS] u_850: mean=-0.310541, min=-30.6586, max=33.1533
  → Extracting level 1000 from u
   [STATS] u_1000: mean=-1.4136, min=-21.4339, max=20.9522
Loading merged variable file: /home/mohammad.elaabaribao/lustre/climat-um6p-st-iwri-7ksifkvwkuy/users/mohammad.elaabaribao/data//era5ztquv/1979_2020/all_data/v_1979-2020_levels.nc...
→ Applying spatial mask
  [BEFORE MASK]
   dims        : FrozenMappingWarningOnValuesAccess({'level': 4, 'time': 15341, 'latitude': 81, 'longitude': 81})
   shape       : (4, 15341, 81, 81)
   lon range   : -20.0 → 0.0
   lat range   : 20.0 → 40.0
  [AFTER MASK]
   dims        : FrozenMappingWarningOnValuesAccess({'level': 4, 'time': 15341, 'latitude': 61, 'longitude': 73})
   shape       : (4, 15341, 61, 73)
  Mask applied: lon=slice(-18.0, 0.0, None), lat=slice(21.0, 36.0, None)
  → Extracting level 500 from v
   [STATS] v_500: mean=0.608262, min=-55.2543, max=48.489
  → Extracting level 700 from v
   [STATS] v_700: mean=0.470188, min=-36.3606, max=37.6175
  → Extracting level 850 from v
   [STATS] v_850: mean=-0.836218, min=-29.7655, max=34.6308
  → Extracting level 1000 from v
   [STATS] v_1000: mean=-2.25873, min=-22.5506, max=22.4446
Checking time resolution...
Predictor Shape (X): (14976, 20, 8, 10)
Target Train Shape (y_train): torch.Size([9497, 150, 180])
Target Test Shape (y_test): torch.Size([5479, 150, 180])
=== Finished loading datasets ===
=== Preprocessing data ===
Applying normalization mode: gridbox
Normalization done.
--- Processing temp (train) ---
train raw [degree_Celsius] → min=-13.81, max=43.75, mean=21.89
  Units already in Celsius → skipping conversion
train converted [C] → min=-13.81, max=43.75, mean=21.89
--- Processing temp (test) ---
test raw [degree_Celsius] → min=-12.56, max=43.75, mean=22.42
  Units already in Celsius → skipping conversion
test converted [C] → min=-12.56, max=43.75, mean=22.42
=== Preprocessing complete ===
Initializing model for training...

----------- Machine Features -----------
 OS: Linux 4.18.0-553.124.1.el8_10.0.2.x86_64
 CPU: x86_64 (Unknown (psutil missing) cores)
 RAM: Unknown (psutil missing) GB
 GPU 0: NVIDIA A100-SXM4-80GB (79.25 GB)
----------------------------------------
Epoch 1/100 - Duration: 15.06s - Train Loss: 340.6926 - Val Loss: 238.8224
Estimated training process duration: 25:05

Best model updated at epoch 1 
Epoch 2/100 - Duration: 14.73s - Train Loss: 158.7171 - Val Loss: 79.4488
Best model updated at epoch 2 
Epoch 3/100 - Duration: 14.73s - Train Loss: 43.8074 - Val Loss: 11.5653
Best model updated at epoch 3 
Epoch 4/100 - Duration: 14.72s - Train Loss: 9.1747 - Val Loss: 3.5656
Best model updated at epoch 4 
Epoch 5/100 - Duration: 14.72s - Train Loss: 6.2273 - Val Loss: 2.8555
Best model updated at epoch 5 
Epoch 6/100 - Duration: 14.72s - Train Loss: 5.6629 - Val Loss: 2.5946
Best model updated at epoch 6 
Epoch 7/100 - Duration: 14.72s - Train Loss: 5.3730 - Val Loss: 2.3343
Best model updated at epoch 7 
Epoch 8/100 - Duration: 14.73s - Train Loss: 5.1601 - Val Loss: 2.3658
No improvement at epoch 8 (patience: 1/15)
Epoch 9/100 - Duration: 14.73s - Train Loss: 4.9021 - Val Loss: 2.1230
Best model updated at epoch 9 
Epoch 10/100 - Duration: 14.72s - Train Loss: 4.7376 - Val Loss: 2.1972
No improvement at epoch 10 (patience: 1/15)
Epoch 11/100 - Duration: 14.72s - Train Loss: 4.7526 - Val Loss: 2.1666
No improvement at epoch 11 (patience: 2/15)
Epoch 12/100 - Duration: 14.72s - Train Loss: 4.4474 - Val Loss: 1.9100
Best model updated at epoch 12 
Epoch 13/100 - Duration: 14.72s - Train Loss: 4.4252 - Val Loss: 1.8548
Best model updated at epoch 13 
Epoch 14/100 - Duration: 14.72s - Train Loss: 4.3662 - Val Loss: 1.8403
Best model updated at epoch 14 
Epoch 15/100 - Duration: 14.71s - Train Loss: 4.1293 - Val Loss: 1.8891
No improvement at epoch 15 (patience: 1/15)
Epoch 16/100 - Duration: 14.72s - Train Loss: 4.1267 - Val Loss: 1.9824
No improvement at epoch 16 (patience: 2/15)
Epoch 17/100 - Duration: 14.71s - Train Loss: 3.9620 - Val Loss: 1.7330
Best model updated at epoch 17 
Epoch 18/100 - Duration: 14.72s - Train Loss: 4.0079 - Val Loss: 1.6875
Best model updated at epoch 18 
Epoch 19/100 - Duration: 14.72s - Train Loss: 3.8024 - Val Loss: 1.6803
Best model updated at epoch 19 
Epoch 20/100 - Duration: 14.72s - Train Loss: 3.9022 - Val Loss: 1.7484
No improvement at epoch 20 (patience: 1/15)
Epoch 21/100 - Duration: 14.72s - Train Loss: 3.7246 - Val Loss: 1.6380
Best model updated at epoch 21 
Epoch 22/100 - Duration: 14.72s - Train Loss: 3.6764 - Val Loss: 1.4789
Best model updated at epoch 22 
Epoch 23/100 - Duration: 14.72s - Train Loss: 3.5785 - Val Loss: 1.5845
No improvement at epoch 23 (patience: 1/15)
Epoch 24/100 - Duration: 14.72s - Train Loss: 3.6202 - Val Loss: 1.5444
No improvement at epoch 24 (patience: 2/15)
Epoch 25/100 - Duration: 14.72s - Train Loss: 3.5440 - Val Loss: 1.4490
Best model updated at epoch 25 
Epoch 26/100 - Duration: 14.72s - Train Loss: 3.4815 - Val Loss: 1.5515
No improvement at epoch 26 (patience: 1/15)
Epoch 27/100 - Duration: 14.72s - Train Loss: 3.5064 - Val Loss: 1.4926
No improvement at epoch 27 (patience: 2/15)
Epoch 28/100 - Duration: 14.72s - Train Loss: 3.4162 - Val Loss: 1.3920
Best model updated at epoch 28 
Epoch 29/100 - Duration: 14.72s - Train Loss: 3.3501 - Val Loss: 1.3864
Best model updated at epoch 29 
Epoch 30/100 - Duration: 14.71s - Train Loss: 3.3131 - Val Loss: 1.3971
No improvement at epoch 30 (patience: 1/15)
Epoch 31/100 - Duration: 14.72s - Train Loss: 3.2795 - Val Loss: 1.3641
Best model updated at epoch 31 
Epoch 32/100 - Duration: 14.72s - Train Loss: 3.1584 - Val Loss: 1.3403
Best model updated at epoch 32 
Epoch 33/100 - Duration: 14.72s - Train Loss: 3.1460 - Val Loss: 1.2802
Best model updated at epoch 33 
Epoch 34/100 - Duration: 14.72s - Train Loss: 3.0856 - Val Loss: 1.3268
No improvement at epoch 34 (patience: 1/15)
Epoch 35/100 - Duration: 14.72s - Train Loss: 3.0821 - Val Loss: 1.2115
Best model updated at epoch 35 
Epoch 36/100 - Duration: 14.71s - Train Loss: 3.0965 - Val Loss: 1.3849
No improvement at epoch 36 (patience: 1/15)
Epoch 37/100 - Duration: 14.71s - Train Loss: 3.0373 - Val Loss: 1.2432
No improvement at epoch 37 (patience: 2/15)
Epoch 38/100 - Duration: 14.71s - Train Loss: 2.9995 - Val Loss: 1.2657
No improvement at epoch 38 (patience: 3/15)
Epoch 39/100 - Duration: 14.72s - Train Loss: 2.9774 - Val Loss: 1.4278
No improvement at epoch 39 (patience: 4/15)
Epoch 40/100 - Duration: 14.72s - Train Loss: 2.9387 - Val Loss: 1.2951
No improvement at epoch 40 (patience: 5/15)
Epoch 41/100 - Duration: 14.72s - Train Loss: 2.8738 - Val Loss: 1.2616
No improvement at epoch 41 (patience: 6/15)
Epoch 42/100 - Duration: 14.72s - Train Loss: 2.9201 - Val Loss: 1.1580
Best model updated at epoch 42 
Epoch 43/100 - Duration: 14.72s - Train Loss: 2.9101 - Val Loss: 1.2767
No improvement at epoch 43 (patience: 1/15)
Epoch 44/100 - Duration: 14.72s - Train Loss: 2.9196 - Val Loss: 1.1982
No improvement at epoch 44 (patience: 2/15)
Epoch 45/100 - Duration: 14.72s - Train Loss: 2.8256 - Val Loss: 1.1835
No improvement at epoch 45 (patience: 3/15)
Epoch 46/100 - Duration: 14.72s - Train Loss: 2.8705 - Val Loss: 1.2430
No improvement at epoch 46 (patience: 4/15)
Epoch 47/100 - Duration: 14.72s - Train Loss: 2.8344 - Val Loss: 1.2295
No improvement at epoch 47 (patience: 5/15)
Epoch 48/100 - Duration: 14.72s - Train Loss: 2.7535 - Val Loss: 1.2832
No improvement at epoch 48 (patience: 6/15)
Epoch 49/100 - Duration: 14.72s - Train Loss: 2.8059 - Val Loss: 1.3093
No improvement at epoch 49 (patience: 7/15)
Epoch 50/100 - Duration: 14.72s - Train Loss: 2.7471 - Val Loss: 1.1534
Best model updated at epoch 50 
Epoch 51/100 - Duration: 14.72s - Train Loss: 2.8005 - Val Loss: 1.2430
No improvement at epoch 51 (patience: 1/15)
Epoch 52/100 - Duration: 14.73s - Train Loss: 2.7320 - Val Loss: 1.2467
No improvement at epoch 52 (patience: 2/15)
Epoch 53/100 - Duration: 14.72s - Train Loss: 2.7405 - Val Loss: 1.1484
Best model updated at epoch 53 
Epoch 54/100 - Duration: 14.72s - Train Loss: 2.6819 - Val Loss: 1.1144
Best model updated at epoch 54 
Epoch 55/100 - Duration: 14.72s - Train Loss: 2.6753 - Val Loss: 1.1536
No improvement at epoch 55 (patience: 1/15)
Epoch 56/100 - Duration: 14.72s - Train Loss: 2.6669 - Val Loss: 1.0514
Best model updated at epoch 56 
Epoch 57/100 - Duration: 14.72s - Train Loss: 2.6763 - Val Loss: 1.1215
No improvement at epoch 57 (patience: 1/15)
Epoch 58/100 - Duration: 14.72s - Train Loss: 2.6513 - Val Loss: 1.1728
No improvement at epoch 58 (patience: 2/15)
Epoch 59/100 - Duration: 14.72s - Train Loss: 2.6803 - Val Loss: 1.1150
No improvement at epoch 59 (patience: 3/15)
Epoch 60/100 - Duration: 14.72s - Train Loss: 2.6706 - Val Loss: 1.0663
No improvement at epoch 60 (patience: 4/15)
Epoch 61/100 - Duration: 14.72s - Train Loss: 2.6627 - Val Loss: 1.0877
No improvement at epoch 61 (patience: 5/15)
Epoch 62/100 - Duration: 14.72s - Train Loss: 2.6139 - Val Loss: 1.2417
No improvement at epoch 62 (patience: 6/15)
Epoch 63/100 - Duration: 14.72s - Train Loss: 2.6108 - Val Loss: 1.2181
No improvement at epoch 63 (patience: 7/15)
Epoch 64/100 - Duration: 14.72s - Train Loss: 2.6134 - Val Loss: 1.2070
No improvement at epoch 64 (patience: 8/15)
Epoch 65/100 - Duration: 14.72s - Train Loss: 2.5477 - Val Loss: 1.1157
No improvement at epoch 65 (patience: 9/15)
Epoch 66/100 - Duration: 14.72s - Train Loss: 2.5618 - Val Loss: 1.1093
No improvement at epoch 66 (patience: 10/15)
Epoch 67/100 - Duration: 14.72s - Train Loss: 2.6103 - Val Loss: 1.1171
No improvement at epoch 67 (patience: 11/15)
Epoch 68/100 - Duration: 14.72s - Train Loss: 2.5451 - Val Loss: 1.0877
No improvement at epoch 68 (patience: 12/15)
Epoch 69/100 - Duration: 14.72s - Train Loss: 2.5410 - Val Loss: 1.2101
No improvement at epoch 69 (patience: 13/15)
Epoch 70/100 - Duration: 14.72s - Train Loss: 2.5584 - Val Loss: 1.0757
No improvement at epoch 70 (patience: 14/15)
Epoch 71/100 - Duration: 14.72s - Train Loss: 2.4952 - Val Loss: 0.9966
Best model updated at epoch 71 
Epoch 72/100 - Duration: 14.72s - Train Loss: 2.5231 - Val Loss: 1.0186
No improvement at epoch 72 (patience: 1/15)
Epoch 73/100 - Duration: 14.71s - Train Loss: 2.5434 - Val Loss: 1.0442
No improvement at epoch 73 (patience: 2/15)
Epoch 74/100 - Duration: 14.71s - Train Loss: 2.4678 - Val Loss: 1.1135
No improvement at epoch 74 (patience: 3/15)
Epoch 75/100 - Duration: 14.71s - Train Loss: 2.5065 - Val Loss: 1.0087
No improvement at epoch 75 (patience: 4/15)
Epoch 76/100 - Duration: 14.71s - Train Loss: 2.3972 - Val Loss: 1.1413
No improvement at epoch 76 (patience: 5/15)
Epoch 77/100 - Duration: 14.72s - Train Loss: 2.4726 - Val Loss: 1.0179
No improvement at epoch 77 (patience: 6/15)
Epoch 78/100 - Duration: 14.71s - Train Loss: 2.4012 - Val Loss: 0.9997
No improvement at epoch 78 (patience: 7/15)
Epoch 79/100 - Duration: 14.71s - Train Loss: 2.4456 - Val Loss: 1.0132
No improvement at epoch 79 (patience: 8/15)
Epoch 80/100 - Duration: 14.71s - Train Loss: 2.4458 - Val Loss: 1.0925
No improvement at epoch 80 (patience: 9/15)
Epoch 81/100 - Duration: 14.71s - Train Loss: 2.3974 - Val Loss: 1.0482
No improvement at epoch 81 (patience: 10/15)
Epoch 82/100 - Duration: 14.72s - Train Loss: 2.4129 - Val Loss: 1.0509
No improvement at epoch 82 (patience: 11/15)
Epoch 83/100 - Duration: 14.71s - Train Loss: 2.3988 - Val Loss: 1.0368
No improvement at epoch 83 (patience: 12/15)
Epoch 84/100 - Duration: 14.71s - Train Loss: 2.3811 - Val Loss: 1.1161
No improvement at epoch 84 (patience: 13/15)
Epoch 85/100 - Duration: 14.71s - Train Loss: 2.3366 - Val Loss: 1.0721
No improvement at epoch 85 (patience: 14/15)
Epoch 86/100 - Duration: 14.72s - Train Loss: 2.3659 - Val Loss: 1.0215
No improvement at epoch 86 (patience: 15/15)
Early stopping triggered at epoch 86/100. Best model was found at epoch 71 with monitored loss = 0.9966.

=========== Training Summary ===========
Best epoch         : 71
Best monitored loss: 0.9966
LAST model saved   : /srv/data/mohammad.elaabaribao/work/interns/y2026/temp/ds_temp_intern/temp/results/unet1_temp_mse/models/unet1_temp_last.pth
BEST model saved   : /srv/data/mohammad.elaabaribao/work/interns/y2026/temp/ds_temp_intern/temp/results/unet1_temp_mse/models/unet1_temp_best.pth
Results directory  : /srv/data/mohammad.elaabaribao/work/interns/y2026/temp/ds_temp_intern/temp/results/unet1_temp_mse
========================================
Finished training for ../configs/unet/config_unet1_mse.yaml
