Starting training for ../configs/cnn/config.yaml
Using device: cuda
Using device: cuda
=== Starting training process for temp ===
=== Loading datasets (src=era5, target=mswt) ===
Loading temp file: /home/mohammad.elaabaribao/lustre/climat-um6p-st-iwri-7ksifkvwkuy/users/mohammad.elaabaribao/data/mswep/mswt_1979_2020.nc
→ Applying spatial mask
  [BEFORE MASK]
   dims        : FrozenMappingWarningOnValuesAccess({'time': 15341, 'lat': 220, 'lon': 220})
   shape       : (15341, 220, 220)
   lon range   : -20.950000762939453 → 0.9500091671943665
   lat range   : 19.049999237060547 → 40.95000076293945
  [AFTER MASK]
   dims        : FrozenMappingWarningOnValuesAccess({'time': 15341, 'lat': 150, 'lon': 180})
   shape       : (15341, 150, 180)
  Mask applied: lon=slice(-18.0, 0.0, None), lat=slice(21.0, 36.0, None)
TEMP shapes → train=(9862, 150, 180), test=(5479, 150, 180)
Checking target time resolution...
   [STATS] temp (train): mean=21.8716, min=-13.8125, max=43.75
   [STATS] temp (test): mean=22.4152, min=-12.5625, max=43.75
Loading merged variable file: /home/mohammad.elaabaribao/lustre/climat-um6p-st-iwri-7ksifkvwkuy/users/mohammad.elaabaribao/data//era5ztquv/1979_2020/all_data/z_1979-2020_levels.nc...
→ Applying spatial mask
  [BEFORE MASK]
   dims        : FrozenMappingWarningOnValuesAccess({'level': 4, 'time': 15341, 'latitude': 81, 'longitude': 81})
   shape       : (4, 15341, 81, 81)
   lon range   : -20.0 → 0.0
   lat range   : 20.0 → 40.0
  [AFTER MASK]
   dims        : FrozenMappingWarningOnValuesAccess({'level': 4, 'time': 15341, 'latitude': 61, 'longitude': 73})
   shape       : (4, 15341, 61, 73)
  Mask applied: lon=slice(-18.0, 0.0, None), lat=slice(21.0, 36.0, None)
  → Extracting level 500 from z
   [STATS] z_500: mean=57129.4, min=51787.2, max=58985.4
  → Extracting level 700 from z
   [STATS] z_700: mean=30975, min=27332.9, max=32355.8
  → Extracting level 850 from z
   [STATS] z_850: mean=15065, min=11984.3, max=16680
  → Extracting level 1000 from z
   [STATS] z_1000: mean=1382.66, min=-1557.59, max=3422.01
Loading merged variable file: /home/mohammad.elaabaribao/lustre/climat-um6p-st-iwri-7ksifkvwkuy/users/mohammad.elaabaribao/data//era5ztquv/1979_2020/all_data/q_1979-2020_levels.nc...
→ Applying spatial mask
  [BEFORE MASK]
   dims        : FrozenMappingWarningOnValuesAccess({'level': 4, 'time': 15341, 'latitude': 81, 'longitude': 81})
   shape       : (4, 15341, 81, 81)
   lon range   : -20.0 → 0.0
   lat range   : 20.0 → 40.0
  [AFTER MASK]
   dims        : FrozenMappingWarningOnValuesAccess({'level': 4, 'time': 15341, 'latitude': 61, 'longitude': 73})
   shape       : (4, 15341, 61, 73)
  Mask applied: lon=slice(-18.0, 0.0, None), lat=slice(21.0, 36.0, None)
  → Extracting level 500 from q
   [STATS] q_500: mean=0.000899263, min=2.47326e-07, max=0.00508807
  → Extracting level 700 from q
   [STATS] q_700: mean=0.00243861, min=2.47326e-07, max=0.0101267
  → Extracting level 850 from q
   [STATS] q_850: mean=0.00395488, min=3.40433e-06, max=0.0160928
  → Extracting level 1000 from q
   [STATS] q_1000: mean=0.0068499, min=0.000379719, max=0.0195475
Loading merged variable file: /home/mohammad.elaabaribao/lustre/climat-um6p-st-iwri-7ksifkvwkuy/users/mohammad.elaabaribao/data//era5ztquv/1979_2020/all_data/t_1979-2020_levels.nc...
→ Applying spatial mask
  [BEFORE MASK]
   dims        : FrozenMappingWarningOnValuesAccess({'level': 4, 'time': 15341, 'latitude': 81, 'longitude': 81})
   shape       : (4, 15341, 81, 81)
   lon range   : -20.0 → 0.0
   lat range   : 20.0 → 40.0
  [AFTER MASK]
   dims        : FrozenMappingWarningOnValuesAccess({'level': 4, 'time': 15341, 'latitude': 61, 'longitude': 73})
   shape       : (4, 15341, 61, 73)
  Mask applied: lon=slice(-18.0, 0.0, None), lat=slice(21.0, 36.0, None)
  → Extracting level 500 from t
   [STATS] t_500: mean=-11.5954, min=-37.1495, max=-0.750632
  → Extracting level 700 from t
   [STATS] t_700: mean=6.6263, min=-18.7922, max=18.2581
  → Extracting level 850 from t
   [STATS] t_850: mean=16.5782, min=-8.39888, max=34.181
  → Extracting level 1000 from t
   [STATS] t_1000: mean=16.5782, min=-8.39888, max=34.181
Loading merged variable file: /home/mohammad.elaabaribao/lustre/climat-um6p-st-iwri-7ksifkvwkuy/users/mohammad.elaabaribao/data//era5ztquv/1979_2020/all_data/u_1979-2020_levels.nc...
→ Applying spatial mask
  [BEFORE MASK]
   dims        : FrozenMappingWarningOnValuesAccess({'level': 4, 'time': 15341, 'latitude': 81, 'longitude': 81})
   shape       : (4, 15341, 81, 81)
   lon range   : -20.0 → 0.0
   lat range   : 20.0 → 40.0
  [AFTER MASK]
   dims        : FrozenMappingWarningOnValuesAccess({'level': 4, 'time': 15341, 'latitude': 61, 'longitude': 73})
   shape       : (4, 15341, 61, 73)
  Mask applied: lon=slice(-18.0, 0.0, None), lat=slice(21.0, 36.0, None)
  → Extracting level 500 from u
   [STATS] u_500: mean=7.35987, min=-34.6173, max=57.0537
  → Extracting level 700 from u
   [STATS] u_700: mean=3.30959, min=-30.728, max=41.3677
  → Extracting level 850 from u
   [STATS] u_850: mean=-0.300831, min=-30.6586, max=35.1178
  → Extracting level 1000 from u
   [STATS] u_1000: mean=-1.41186, min=-21.4339, max=20.9522
Loading merged variable file: /home/mohammad.elaabaribao/lustre/climat-um6p-st-iwri-7ksifkvwkuy/users/mohammad.elaabaribao/data//era5ztquv/1979_2020/all_data/v_1979-2020_levels.nc...
→ Applying spatial mask
  [BEFORE MASK]
   dims        : FrozenMappingWarningOnValuesAccess({'level': 4, 'time': 15341, 'latitude': 81, 'longitude': 81})
   shape       : (4, 15341, 81, 81)
   lon range   : -20.0 → 0.0
   lat range   : 20.0 → 40.0
  [AFTER MASK]
   dims        : FrozenMappingWarningOnValuesAccess({'level': 4, 'time': 15341, 'latitude': 61, 'longitude': 73})
   shape       : (4, 15341, 61, 73)
  Mask applied: lon=slice(-18.0, 0.0, None), lat=slice(21.0, 36.0, None)
  → Extracting level 500 from v
   [STATS] v_500: mean=0.603175, min=-55.2543, max=48.489
  → Extracting level 700 from v
   [STATS] v_700: mean=0.468335, min=-36.3606, max=37.6175
  → Extracting level 850 from v
   [STATS] v_850: mean=-0.835763, min=-29.7655, max=34.6308
  → Extracting level 1000 from v
   [STATS] v_1000: mean=-2.25803, min=-22.5506, max=22.4446
Checking time resolution...
Predictor Shape (X): (15341, 20, 8, 10)
Target Train Shape (y_train): torch.Size([9862, 150, 180])
Target Test Shape (y_test): torch.Size([5479, 150, 180])
=== Finished loading datasets ===
=== Preprocessing data ===
Applying normalization mode: gridbox
Normalization done.
--- Processing temp (train) ---
train raw [degree_Celsius] → min=-13.81, max=43.75, mean=21.87
  Units already in Celsius → skipping conversion
train converted [C] → min=-13.81, max=43.75, mean=21.87
--- Processing temp (test) ---
test raw [degree_Celsius] → min=-12.56, max=43.75, mean=22.42
  Units already in Celsius → skipping conversion
test converted [C] → min=-12.56, max=43.75, mean=22.42
=== Preprocessing complete ===
Initializing model for training...

----------- Machine Features -----------
 OS: Linux 4.18.0-553.124.1.el8_10.0.2.x86_64
 CPU: x86_64 (Unknown (psutil missing) cores)
 RAM: Unknown (psutil missing) GB
 GPU 0: NVIDIA A100-SXM4-80GB (79.25 GB)
----------------------------------------
Epoch 1/100 - Duration: 1.06s - Train Loss: 19.8200 - Val Loss: 2.5060
Estimated training process duration: 01:45

Best model updated at epoch 1 
Epoch 2/100 - Duration: 0.80s - Train Loss: 2.3991 - Val Loss: 2.2700
Best model updated at epoch 2 
Epoch 3/100 - Duration: 0.81s - Train Loss: 2.2130 - Val Loss: 2.3162
No improvement at epoch 3 (patience: 1/15)
Epoch 4/100 - Duration: 0.81s - Train Loss: 2.1943 - Val Loss: 2.1139
Best model updated at epoch 4 
Epoch 5/100 - Duration: 0.80s - Train Loss: 2.0948 - Val Loss: 1.9834
Best model updated at epoch 5 
Epoch 6/100 - Duration: 0.80s - Train Loss: 2.0905 - Val Loss: 1.8784
Best model updated at epoch 6 
Epoch 7/100 - Duration: 0.81s - Train Loss: 2.0905 - Val Loss: 2.0656
No improvement at epoch 7 (patience: 1/15)
Epoch 8/100 - Duration: 0.81s - Train Loss: 1.9177 - Val Loss: 1.9862
No improvement at epoch 8 (patience: 2/15)
Epoch 9/100 - Duration: 0.80s - Train Loss: 2.0691 - Val Loss: 1.8584
Best model updated at epoch 9 
Epoch 10/100 - Duration: 0.80s - Train Loss: 1.9406 - Val Loss: 1.8148
Best model updated at epoch 10 
Epoch 11/100 - Duration: 0.81s - Train Loss: 2.1462 - Val Loss: 2.5847
No improvement at epoch 11 (patience: 1/15)
Epoch 12/100 - Duration: 0.81s - Train Loss: 2.0358 - Val Loss: 2.0900
No improvement at epoch 12 (patience: 2/15)
Epoch 13/100 - Duration: 0.80s - Train Loss: 1.8903 - Val Loss: 1.7997
Best model updated at epoch 13 
Epoch 14/100 - Duration: 0.81s - Train Loss: 1.9541 - Val Loss: 2.1985
No improvement at epoch 14 (patience: 1/15)
Epoch 15/100 - Duration: 0.81s - Train Loss: 1.9320 - Val Loss: 1.8056
No improvement at epoch 15 (patience: 2/15)
Epoch 16/100 - Duration: 0.80s - Train Loss: 1.9445 - Val Loss: 2.0149
No improvement at epoch 16 (patience: 3/15)
Epoch 17/100 - Duration: 0.81s - Train Loss: 1.7663 - Val Loss: 1.6464
Best model updated at epoch 17 
Epoch 18/100 - Duration: 0.81s - Train Loss: 1.8716 - Val Loss: 1.6680
No improvement at epoch 18 (patience: 1/15)
Epoch 19/100 - Duration: 0.81s - Train Loss: 1.8320 - Val Loss: 1.8371
No improvement at epoch 19 (patience: 2/15)
Epoch 20/100 - Duration: 0.80s - Train Loss: 1.8552 - Val Loss: 1.8224
No improvement at epoch 20 (patience: 3/15)
Epoch 21/100 - Duration: 0.81s - Train Loss: 1.7764 - Val Loss: 1.8951
No improvement at epoch 21 (patience: 4/15)
Epoch 22/100 - Duration: 0.81s - Train Loss: 1.7627 - Val Loss: 1.8870
No improvement at epoch 22 (patience: 5/15)
Epoch 23/100 - Duration: 0.81s - Train Loss: 1.6498 - Val Loss: 1.6479
No improvement at epoch 23 (patience: 6/15)
Epoch 24/100 - Duration: 0.81s - Train Loss: 1.8654 - Val Loss: 1.7978
No improvement at epoch 24 (patience: 7/15)
Epoch 25/100 - Duration: 0.81s - Train Loss: 1.7699 - Val Loss: 1.8562
No improvement at epoch 25 (patience: 8/15)
Epoch 26/100 - Duration: 0.81s - Train Loss: 1.6665 - Val Loss: 1.8551
No improvement at epoch 26 (patience: 9/15)
Epoch 27/100 - Duration: 0.81s - Train Loss: 1.7450 - Val Loss: 1.6307
Best model updated at epoch 27 
Epoch 28/100 - Duration: 0.81s - Train Loss: 1.7503 - Val Loss: 1.6984
No improvement at epoch 28 (patience: 1/15)
Epoch 29/100 - Duration: 0.81s - Train Loss: 1.8170 - Val Loss: 1.6847
No improvement at epoch 29 (patience: 2/15)
Epoch 30/100 - Duration: 0.81s - Train Loss: 1.7028 - Val Loss: 1.7220
No improvement at epoch 30 (patience: 3/15)
Epoch 31/100 - Duration: 0.81s - Train Loss: 1.7985 - Val Loss: 1.6215
Best model updated at epoch 31 
Epoch 32/100 - Duration: 0.81s - Train Loss: 1.7002 - Val Loss: 1.6430
No improvement at epoch 32 (patience: 1/15)
Epoch 33/100 - Duration: 0.81s - Train Loss: 1.7540 - Val Loss: 1.6130
Best model updated at epoch 33 
Epoch 34/100 - Duration: 0.81s - Train Loss: 1.6802 - Val Loss: 1.6493
No improvement at epoch 34 (patience: 1/15)
Epoch 35/100 - Duration: 0.81s - Train Loss: 1.7066 - Val Loss: 1.6063
Best model updated at epoch 35 
Epoch 36/100 - Duration: 0.81s - Train Loss: 1.6642 - Val Loss: 1.7499
No improvement at epoch 36 (patience: 1/15)
Epoch 37/100 - Duration: 0.81s - Train Loss: 1.7128 - Val Loss: 1.7003
No improvement at epoch 37 (patience: 2/15)
Epoch 38/100 - Duration: 0.81s - Train Loss: 1.6441 - Val Loss: 1.6631
No improvement at epoch 38 (patience: 3/15)
Epoch 39/100 - Duration: 0.81s - Train Loss: 1.7717 - Val Loss: 2.2859
No improvement at epoch 39 (patience: 4/15)
Epoch 40/100 - Duration: 0.81s - Train Loss: 1.7678 - Val Loss: 1.5459
Best model updated at epoch 40 
Epoch 41/100 - Duration: 0.81s - Train Loss: 1.7784 - Val Loss: 1.9394
No improvement at epoch 41 (patience: 1/15)
Epoch 42/100 - Duration: 0.81s - Train Loss: 1.6679 - Val Loss: 1.7094
No improvement at epoch 42 (patience: 2/15)
Epoch 43/100 - Duration: 0.81s - Train Loss: 1.7336 - Val Loss: 1.8283
No improvement at epoch 43 (patience: 3/15)
Epoch 44/100 - Duration: 0.81s - Train Loss: 1.6297 - Val Loss: 1.6617
No improvement at epoch 44 (patience: 4/15)
Epoch 45/100 - Duration: 0.81s - Train Loss: 1.7121 - Val Loss: 1.6202
No improvement at epoch 45 (patience: 5/15)
Epoch 46/100 - Duration: 0.81s - Train Loss: 1.6685 - Val Loss: 1.6820
No improvement at epoch 46 (patience: 6/15)
Epoch 47/100 - Duration: 0.81s - Train Loss: 1.6844 - Val Loss: 1.5815
No improvement at epoch 47 (patience: 7/15)
Epoch 48/100 - Duration: 0.81s - Train Loss: 1.6695 - Val Loss: 1.7630
No improvement at epoch 48 (patience: 8/15)
Epoch 49/100 - Duration: 0.81s - Train Loss: 1.6855 - Val Loss: 1.5726
No improvement at epoch 49 (patience: 9/15)
Epoch 50/100 - Duration: 0.81s - Train Loss: 1.5574 - Val Loss: 1.6125
No improvement at epoch 50 (patience: 10/15)
Epoch 51/100 - Duration: 0.81s - Train Loss: 1.6433 - Val Loss: 1.6773
No improvement at epoch 51 (patience: 11/15)
Epoch 52/100 - Duration: 0.81s - Train Loss: 1.5861 - Val Loss: 1.7301
No improvement at epoch 52 (patience: 12/15)
Epoch 53/100 - Duration: 0.81s - Train Loss: 1.6882 - Val Loss: 1.5086
Best model updated at epoch 53 
Epoch 54/100 - Duration: 0.81s - Train Loss: 1.5368 - Val Loss: 1.6815
No improvement at epoch 54 (patience: 1/15)
Epoch 55/100 - Duration: 0.81s - Train Loss: 1.5919 - Val Loss: 1.5454
No improvement at epoch 55 (patience: 2/15)
Epoch 56/100 - Duration: 0.81s - Train Loss: 1.7151 - Val Loss: 1.5948
No improvement at epoch 56 (patience: 3/15)
Epoch 57/100 - Duration: 0.81s - Train Loss: 1.6512 - Val Loss: 1.8762
No improvement at epoch 57 (patience: 4/15)
Epoch 58/100 - Duration: 0.81s - Train Loss: 1.6959 - Val Loss: 1.8799
No improvement at epoch 58 (patience: 5/15)
Epoch 59/100 - Duration: 0.81s - Train Loss: 1.5651 - Val Loss: 1.6753
No improvement at epoch 59 (patience: 6/15)
Epoch 60/100 - Duration: 0.81s - Train Loss: 1.5769 - Val Loss: 1.4128
Best model updated at epoch 60 
Epoch 61/100 - Duration: 0.81s - Train Loss: 1.8598 - Val Loss: 1.6845
No improvement at epoch 61 (patience: 1/15)
Epoch 62/100 - Duration: 0.81s - Train Loss: 1.5944 - Val Loss: 1.4953
No improvement at epoch 62 (patience: 2/15)
Epoch 63/100 - Duration: 0.81s - Train Loss: 1.6579 - Val Loss: 1.6325
No improvement at epoch 63 (patience: 3/15)
Epoch 64/100 - Duration: 0.81s - Train Loss: 1.6320 - Val Loss: 1.6054
No improvement at epoch 64 (patience: 4/15)
Epoch 65/100 - Duration: 0.81s - Train Loss: 1.6131 - Val Loss: 1.6578
No improvement at epoch 65 (patience: 5/15)
Epoch 66/100 - Duration: 0.81s - Train Loss: 1.9877 - Val Loss: 1.7030
No improvement at epoch 66 (patience: 6/15)
Epoch 67/100 - Duration: 0.81s - Train Loss: 1.5905 - Val Loss: 1.5784
No improvement at epoch 67 (patience: 7/15)
Epoch 68/100 - Duration: 0.81s - Train Loss: 1.5153 - Val Loss: 1.6176
No improvement at epoch 68 (patience: 8/15)
Epoch 69/100 - Duration: 0.81s - Train Loss: 1.6186 - Val Loss: 1.5920
No improvement at epoch 69 (patience: 9/15)
Epoch 70/100 - Duration: 0.81s - Train Loss: 1.6676 - Val Loss: 1.7019
No improvement at epoch 70 (patience: 10/15)
Epoch 71/100 - Duration: 0.81s - Train Loss: 1.5939 - Val Loss: 1.4820
No improvement at epoch 71 (patience: 11/15)
Epoch 72/100 - Duration: 0.81s - Train Loss: 1.5155 - Val Loss: 1.6711
No improvement at epoch 72 (patience: 12/15)
Epoch 73/100 - Duration: 0.81s - Train Loss: 1.5495 - Val Loss: 1.5713
No improvement at epoch 73 (patience: 13/15)
Epoch 74/100 - Duration: 0.81s - Train Loss: 1.5720 - Val Loss: 1.4514
No improvement at epoch 74 (patience: 14/15)
Epoch 75/100 - Duration: 0.81s - Train Loss: 1.6380 - Val Loss: 1.7144
No improvement at epoch 75 (patience: 15/15)
Early stopping triggered at epoch 75/100. Best model was found at epoch 60 with monitored loss = 1.4128.

=========== Training Summary ===========
Best epoch         : 60
Best monitored loss: 1.4128
LAST model saved   : /srv/data/mohammad.elaabaribao/work/interns/y2026/temp/ds_temp_intern/temp/results/cnn_temperature/models/cnn_temp_last.pth
BEST model saved   : /srv/data/mohammad.elaabaribao/work/interns/y2026/temp/ds_temp_intern/temp/results/cnn_temperature/models/cnn_temp_best.pth
Results directory  : /srv/data/mohammad.elaabaribao/work/interns/y2026/temp/ds_temp_intern/temp/results/cnn_temperature
========================================
Finished training for ../configs/cnn/config.yaml
