Starting training for ../configs/cnn/config_mse.yaml
Using device: cuda
Using device: cuda
=== Starting training process for temp ===
=== Loading datasets (src=era5, target=mswt) ===
Loading temp file: /home/mohammad.elaabaribao/lustre/climat-um6p-st-iwri-7ksifkvwkuy/users/mohammad.elaabaribao/data/mswep/mswt_1979_2020.nc
→ Applying spatial mask
  [BEFORE MASK]
   dims        : FrozenMappingWarningOnValuesAccess({'time': 15341, 'lat': 220, 'lon': 220})
   shape       : (15341, 220, 220)
   lon range   : -20.950000762939453 → 0.9500091671943665
   lat range   : 19.049999237060547 → 40.95000076293945
  [AFTER MASK]
   dims        : FrozenMappingWarningOnValuesAccess({'time': 15341, 'lat': 150, 'lon': 180})
   shape       : (15341, 150, 180)
  Mask applied: lon=slice(-18.0, 0.0, None), lat=slice(21.0, 36.0, None)
TEMP shapes → train=(9862, 150, 180), test=(5479, 150, 180)
Checking target time resolution...
   [STATS] temp (train): mean=21.8716, min=-13.8125, max=43.75
   [STATS] temp (test): mean=22.4152, min=-12.5625, max=43.75
Loading merged variable file: /home/mohammad.elaabaribao/lustre/climat-um6p-st-iwri-7ksifkvwkuy/users/mohammad.elaabaribao/data//era5ztquv/1979_2020/all_data/z_1979-2020_levels.nc...
→ Applying spatial mask
  [BEFORE MASK]
   dims        : FrozenMappingWarningOnValuesAccess({'level': 4, 'time': 15341, 'latitude': 81, 'longitude': 81})
   shape       : (4, 15341, 81, 81)
   lon range   : -20.0 → 0.0
   lat range   : 20.0 → 40.0
  [AFTER MASK]
   dims        : FrozenMappingWarningOnValuesAccess({'level': 4, 'time': 15341, 'latitude': 61, 'longitude': 73})
   shape       : (4, 15341, 61, 73)
  Mask applied: lon=slice(-18.0, 0.0, None), lat=slice(21.0, 36.0, None)
  → Extracting level 500 from z
   [STATS] z_500: mean=57129.4, min=51787.2, max=58985.4
  → Extracting level 700 from z
   [STATS] z_700: mean=30975, min=27332.9, max=32355.8
  → Extracting level 850 from z
   [STATS] z_850: mean=15065, min=11984.3, max=16680
  → Extracting level 1000 from z
   [STATS] z_1000: mean=1382.66, min=-1557.59, max=3422.01
Loading merged variable file: /home/mohammad.elaabaribao/lustre/climat-um6p-st-iwri-7ksifkvwkuy/users/mohammad.elaabaribao/data//era5ztquv/1979_2020/all_data/q_1979-2020_levels.nc...
→ Applying spatial mask
  [BEFORE MASK]
   dims        : FrozenMappingWarningOnValuesAccess({'level': 4, 'time': 15341, 'latitude': 81, 'longitude': 81})
   shape       : (4, 15341, 81, 81)
   lon range   : -20.0 → 0.0
   lat range   : 20.0 → 40.0
  [AFTER MASK]
   dims        : FrozenMappingWarningOnValuesAccess({'level': 4, 'time': 15341, 'latitude': 61, 'longitude': 73})
   shape       : (4, 15341, 61, 73)
  Mask applied: lon=slice(-18.0, 0.0, None), lat=slice(21.0, 36.0, None)
  → Extracting level 500 from q
   [STATS] q_500: mean=0.000899263, min=2.47326e-07, max=0.00508807
  → Extracting level 700 from q
   [STATS] q_700: mean=0.00243861, min=2.47326e-07, max=0.0101267
  → Extracting level 850 from q
   [STATS] q_850: mean=0.00395488, min=3.40433e-06, max=0.0160928
  → Extracting level 1000 from q
   [STATS] q_1000: mean=0.0068499, min=0.000379719, max=0.0195475
Loading merged variable file: /home/mohammad.elaabaribao/lustre/climat-um6p-st-iwri-7ksifkvwkuy/users/mohammad.elaabaribao/data//era5ztquv/1979_2020/all_data/t_1979-2020_levels.nc...
→ Applying spatial mask
  [BEFORE MASK]
   dims        : FrozenMappingWarningOnValuesAccess({'level': 4, 'time': 15341, 'latitude': 81, 'longitude': 81})
   shape       : (4, 15341, 81, 81)
   lon range   : -20.0 → 0.0
   lat range   : 20.0 → 40.0
  [AFTER MASK]
   dims        : FrozenMappingWarningOnValuesAccess({'level': 4, 'time': 15341, 'latitude': 61, 'longitude': 73})
   shape       : (4, 15341, 61, 73)
  Mask applied: lon=slice(-18.0, 0.0, None), lat=slice(21.0, 36.0, None)
  → Extracting level 500 from t
   [STATS] t_500: mean=-11.5954, min=-37.1495, max=-0.750632
  → Extracting level 700 from t
   [STATS] t_700: mean=6.6263, min=-18.7922, max=18.2581
  → Extracting level 850 from t
   [STATS] t_850: mean=16.5782, min=-8.39888, max=34.181
  → Extracting level 1000 from t
   [STATS] t_1000: mean=16.5782, min=-8.39888, max=34.181
Loading merged variable file: /home/mohammad.elaabaribao/lustre/climat-um6p-st-iwri-7ksifkvwkuy/users/mohammad.elaabaribao/data//era5ztquv/1979_2020/all_data/u_1979-2020_levels.nc...
→ Applying spatial mask
  [BEFORE MASK]
   dims        : FrozenMappingWarningOnValuesAccess({'level': 4, 'time': 15341, 'latitude': 81, 'longitude': 81})
   shape       : (4, 15341, 81, 81)
   lon range   : -20.0 → 0.0
   lat range   : 20.0 → 40.0
  [AFTER MASK]
   dims        : FrozenMappingWarningOnValuesAccess({'level': 4, 'time': 15341, 'latitude': 61, 'longitude': 73})
   shape       : (4, 15341, 61, 73)
  Mask applied: lon=slice(-18.0, 0.0, None), lat=slice(21.0, 36.0, None)
  → Extracting level 500 from u
   [STATS] u_500: mean=7.35987, min=-34.6173, max=57.0537
  → Extracting level 700 from u
   [STATS] u_700: mean=3.30959, min=-30.728, max=41.3677
  → Extracting level 850 from u
   [STATS] u_850: mean=-0.300831, min=-30.6586, max=35.1178
  → Extracting level 1000 from u
   [STATS] u_1000: mean=-1.41186, min=-21.4339, max=20.9522
Loading merged variable file: /home/mohammad.elaabaribao/lustre/climat-um6p-st-iwri-7ksifkvwkuy/users/mohammad.elaabaribao/data//era5ztquv/1979_2020/all_data/v_1979-2020_levels.nc...
→ Applying spatial mask
  [BEFORE MASK]
   dims        : FrozenMappingWarningOnValuesAccess({'level': 4, 'time': 15341, 'latitude': 81, 'longitude': 81})
   shape       : (4, 15341, 81, 81)
   lon range   : -20.0 → 0.0
   lat range   : 20.0 → 40.0
  [AFTER MASK]
   dims        : FrozenMappingWarningOnValuesAccess({'level': 4, 'time': 15341, 'latitude': 61, 'longitude': 73})
   shape       : (4, 15341, 61, 73)
  Mask applied: lon=slice(-18.0, 0.0, None), lat=slice(21.0, 36.0, None)
  → Extracting level 500 from v
   [STATS] v_500: mean=0.603175, min=-55.2543, max=48.489
  → Extracting level 700 from v
   [STATS] v_700: mean=0.468335, min=-36.3606, max=37.6175
  → Extracting level 850 from v
   [STATS] v_850: mean=-0.835763, min=-29.7655, max=34.6308
  → Extracting level 1000 from v
   [STATS] v_1000: mean=-2.25803, min=-22.5506, max=22.4446
Checking time resolution...
Predictor Shape (X): (15341, 20, 8, 10)
Target Train Shape (y_train): torch.Size([9862, 150, 180])
Target Test Shape (y_test): torch.Size([5479, 150, 180])
=== Finished loading datasets ===
=== Preprocessing data ===
Applying normalization mode: gridbox
Normalization done.
--- Processing temp (train) ---
train raw [degree_Celsius] → min=-13.81, max=43.75, mean=21.87
  Units already in Celsius → skipping conversion
train converted [C] → min=-13.81, max=43.75, mean=21.87
--- Processing temp (test) ---
test raw [degree_Celsius] → min=-12.56, max=43.75, mean=22.42
  Units already in Celsius → skipping conversion
test converted [C] → min=-12.56, max=43.75, mean=22.42
=== Preprocessing complete ===
Initializing model for training...

----------- Machine Features -----------
 OS: Linux 4.18.0-553.124.1.el8_10.0.2.x86_64
 CPU: x86_64 (Unknown (psutil missing) cores)
 RAM: Unknown (psutil missing) GB
 GPU 0: NVIDIA A100-SXM4-80GB (79.25 GB)
----------------------------------------
Epoch 1/100 - Duration: 0.85s - Train Loss: 73.3497 - Val Loss: 8.4731
Estimated training process duration: 01:25

Best model updated at epoch 1 
Epoch 2/100 - Duration: 0.51s - Train Loss: 6.0685 - Val Loss: 5.0083
Best model updated at epoch 2 
Epoch 3/100 - Duration: 0.51s - Train Loss: 4.8474 - Val Loss: 3.0949
Best model updated at epoch 3 
Epoch 4/100 - Duration: 0.51s - Train Loss: 4.0591 - Val Loss: 2.9856
Best model updated at epoch 4 
Epoch 5/100 - Duration: 0.52s - Train Loss: 2.9088 - Val Loss: 10.7302
No improvement at epoch 5 (patience: 1/15)
Epoch 6/100 - Duration: 0.51s - Train Loss: 2.9829 - Val Loss: 2.4314
Best model updated at epoch 6 
Epoch 7/100 - Duration: 0.51s - Train Loss: 2.9041 - Val Loss: 1.8668
Best model updated at epoch 7 
Epoch 8/100 - Duration: 0.51s - Train Loss: 2.2794 - Val Loss: 2.3172
No improvement at epoch 8 (patience: 1/15)
Epoch 9/100 - Duration: 0.51s - Train Loss: 2.5744 - Val Loss: 3.0283
No improvement at epoch 9 (patience: 2/15)
Epoch 10/100 - Duration: 0.51s - Train Loss: 2.6910 - Val Loss: 1.7237
Best model updated at epoch 10 
Epoch 11/100 - Duration: 0.51s - Train Loss: 1.8704 - Val Loss: 2.5094
No improvement at epoch 11 (patience: 1/15)
Epoch 12/100 - Duration: 0.51s - Train Loss: 2.7530 - Val Loss: 2.4772
No improvement at epoch 12 (patience: 2/15)
Epoch 13/100 - Duration: 0.51s - Train Loss: 2.5776 - Val Loss: 4.5529
No improvement at epoch 13 (patience: 3/15)
Epoch 14/100 - Duration: 0.52s - Train Loss: 2.6501 - Val Loss: 1.3271
Best model updated at epoch 14 
Epoch 15/100 - Duration: 0.51s - Train Loss: 1.5718 - Val Loss: 1.3272
No improvement at epoch 15 (patience: 1/15)
Epoch 16/100 - Duration: 0.51s - Train Loss: 2.1305 - Val Loss: 1.4772
No improvement at epoch 16 (patience: 2/15)
Epoch 17/100 - Duration: 0.51s - Train Loss: 1.6832 - Val Loss: 1.2523
Best model updated at epoch 17 
Epoch 18/100 - Duration: 0.52s - Train Loss: 1.5776 - Val Loss: 2.0422
No improvement at epoch 18 (patience: 1/15)
Epoch 19/100 - Duration: 0.51s - Train Loss: 2.2262 - Val Loss: 1.4436
No improvement at epoch 19 (patience: 2/15)
Epoch 20/100 - Duration: 0.51s - Train Loss: 1.5470 - Val Loss: 1.2529
No improvement at epoch 20 (patience: 3/15)
Epoch 21/100 - Duration: 0.50s - Train Loss: 2.0368 - Val Loss: 1.8153
No improvement at epoch 21 (patience: 4/15)
Epoch 22/100 - Duration: 0.51s - Train Loss: 1.5468 - Val Loss: 1.4136
No improvement at epoch 22 (patience: 5/15)
Epoch 23/100 - Duration: 0.51s - Train Loss: 1.5452 - Val Loss: 1.4361
No improvement at epoch 23 (patience: 6/15)
Epoch 24/100 - Duration: 0.51s - Train Loss: 1.3285 - Val Loss: 1.5896
No improvement at epoch 24 (patience: 7/15)
Epoch 25/100 - Duration: 0.51s - Train Loss: 1.6992 - Val Loss: 1.2754
No improvement at epoch 25 (patience: 8/15)
Epoch 26/100 - Duration: 0.51s - Train Loss: 1.3140 - Val Loss: 1.2728
No improvement at epoch 26 (patience: 9/15)
Epoch 27/100 - Duration: 0.51s - Train Loss: 1.7165 - Val Loss: 1.1673
Best model updated at epoch 27 
Epoch 28/100 - Duration: 0.51s - Train Loss: 1.1057 - Val Loss: 2.5532
No improvement at epoch 28 (patience: 1/15)
Epoch 29/100 - Duration: 0.51s - Train Loss: 1.3769 - Val Loss: 1.2141
No improvement at epoch 29 (patience: 2/15)
Epoch 30/100 - Duration: 0.51s - Train Loss: 1.4678 - Val Loss: 1.1121
Best model updated at epoch 30 
Epoch 31/100 - Duration: 0.52s - Train Loss: 1.4305 - Val Loss: 1.4020
No improvement at epoch 31 (patience: 1/15)
Epoch 32/100 - Duration: 0.52s - Train Loss: 1.5684 - Val Loss: 0.9730
Best model updated at epoch 32 
Epoch 33/100 - Duration: 0.51s - Train Loss: 1.1349 - Val Loss: 1.4886
No improvement at epoch 33 (patience: 1/15)
Epoch 34/100 - Duration: 0.51s - Train Loss: 1.4761 - Val Loss: 1.2831
No improvement at epoch 34 (patience: 2/15)
Epoch 35/100 - Duration: 0.52s - Train Loss: 1.2041 - Val Loss: 0.9552
Best model updated at epoch 35 
Epoch 36/100 - Duration: 0.51s - Train Loss: 1.1698 - Val Loss: 1.1873
No improvement at epoch 36 (patience: 1/15)
Epoch 37/100 - Duration: 0.51s - Train Loss: 1.6867 - Val Loss: 1.1413
No improvement at epoch 37 (patience: 2/15)
Epoch 38/100 - Duration: 0.51s - Train Loss: 1.0528 - Val Loss: 1.6269
No improvement at epoch 38 (patience: 3/15)
Epoch 39/100 - Duration: 0.51s - Train Loss: 1.2483 - Val Loss: 1.1502
No improvement at epoch 39 (patience: 4/15)
Epoch 40/100 - Duration: 0.51s - Train Loss: 1.3403 - Val Loss: 1.3543
No improvement at epoch 40 (patience: 5/15)
Epoch 41/100 - Duration: 0.51s - Train Loss: 1.2488 - Val Loss: 1.4383
No improvement at epoch 41 (patience: 6/15)
Epoch 42/100 - Duration: 0.51s - Train Loss: 1.5028 - Val Loss: 0.9773
No improvement at epoch 42 (patience: 7/15)
Epoch 43/100 - Duration: 0.51s - Train Loss: 1.0861 - Val Loss: 1.0685
No improvement at epoch 43 (patience: 8/15)
Epoch 44/100 - Duration: 0.51s - Train Loss: 1.1661 - Val Loss: 1.1321
No improvement at epoch 44 (patience: 9/15)
Epoch 45/100 - Duration: 0.50s - Train Loss: 1.0117 - Val Loss: 1.5182
No improvement at epoch 45 (patience: 10/15)
Epoch 46/100 - Duration: 0.51s - Train Loss: 1.1709 - Val Loss: 1.2375
No improvement at epoch 46 (patience: 11/15)
Epoch 47/100 - Duration: 0.52s - Train Loss: 1.1239 - Val Loss: 2.0418
No improvement at epoch 47 (patience: 12/15)
Epoch 48/100 - Duration: 0.52s - Train Loss: 1.4018 - Val Loss: 1.1951
No improvement at epoch 48 (patience: 13/15)
Epoch 49/100 - Duration: 0.51s - Train Loss: 1.2736 - Val Loss: 0.9224
Best model updated at epoch 49 
Epoch 50/100 - Duration: 0.50s - Train Loss: 1.5883 - Val Loss: 0.9229
No improvement at epoch 50 (patience: 1/15)
Epoch 51/100 - Duration: 0.51s - Train Loss: 1.2447 - Val Loss: 0.8910
Best model updated at epoch 51 
Epoch 52/100 - Duration: 0.51s - Train Loss: 1.0884 - Val Loss: 1.2159
No improvement at epoch 52 (patience: 1/15)
Epoch 53/100 - Duration: 0.52s - Train Loss: 1.1463 - Val Loss: 1.2089
No improvement at epoch 53 (patience: 2/15)
Epoch 54/100 - Duration: 0.52s - Train Loss: 1.1086 - Val Loss: 0.8659
Best model updated at epoch 54 
Epoch 55/100 - Duration: 0.51s - Train Loss: 1.2859 - Val Loss: 0.9330
No improvement at epoch 55 (patience: 1/15)
Epoch 56/100 - Duration: 0.51s - Train Loss: 1.0800 - Val Loss: 1.0325
No improvement at epoch 56 (patience: 2/15)
Epoch 57/100 - Duration: 0.52s - Train Loss: 1.2918 - Val Loss: 0.8882
No improvement at epoch 57 (patience: 3/15)
Epoch 58/100 - Duration: 0.52s - Train Loss: 1.2399 - Val Loss: 0.9415
No improvement at epoch 58 (patience: 4/15)
Epoch 59/100 - Duration: 0.52s - Train Loss: 1.1368 - Val Loss: 1.0741
No improvement at epoch 59 (patience: 5/15)
Epoch 60/100 - Duration: 0.52s - Train Loss: 1.1186 - Val Loss: 0.9239
No improvement at epoch 60 (patience: 6/15)
Epoch 61/100 - Duration: 0.52s - Train Loss: 1.0828 - Val Loss: 0.9139
No improvement at epoch 61 (patience: 7/15)
Epoch 62/100 - Duration: 0.51s - Train Loss: 1.1469 - Val Loss: 1.0990
No improvement at epoch 62 (patience: 8/15)
Epoch 63/100 - Duration: 0.52s - Train Loss: 1.1699 - Val Loss: 1.0683
No improvement at epoch 63 (patience: 9/15)
Epoch 64/100 - Duration: 0.52s - Train Loss: 1.0765 - Val Loss: 1.1054
No improvement at epoch 64 (patience: 10/15)
Epoch 65/100 - Duration: 0.52s - Train Loss: 1.3270 - Val Loss: 0.9200
No improvement at epoch 65 (patience: 11/15)
Epoch 66/100 - Duration: 0.52s - Train Loss: 1.0204 - Val Loss: 0.8486
Best model updated at epoch 66 
Epoch 67/100 - Duration: 0.52s - Train Loss: 1.2341 - Val Loss: 1.4019
No improvement at epoch 67 (patience: 1/15)
Epoch 68/100 - Duration: 0.52s - Train Loss: 1.0597 - Val Loss: 1.0548
No improvement at epoch 68 (patience: 2/15)
Epoch 69/100 - Duration: 0.52s - Train Loss: 1.1113 - Val Loss: 0.8862
No improvement at epoch 69 (patience: 3/15)
Epoch 70/100 - Duration: 0.52s - Train Loss: 1.1399 - Val Loss: 1.6050
No improvement at epoch 70 (patience: 4/15)
Epoch 71/100 - Duration: 0.52s - Train Loss: 1.0757 - Val Loss: 2.4542
No improvement at epoch 71 (patience: 5/15)
Epoch 72/100 - Duration: 0.52s - Train Loss: 1.0644 - Val Loss: 0.9103
No improvement at epoch 72 (patience: 6/15)
Epoch 73/100 - Duration: 0.52s - Train Loss: 1.2357 - Val Loss: 0.8567
No improvement at epoch 73 (patience: 7/15)
Epoch 74/100 - Duration: 0.52s - Train Loss: 0.9527 - Val Loss: 0.9992
No improvement at epoch 74 (patience: 8/15)
Epoch 75/100 - Duration: 0.52s - Train Loss: 1.1599 - Val Loss: 1.6614
No improvement at epoch 75 (patience: 9/15)
Epoch 76/100 - Duration: 0.52s - Train Loss: 1.0953 - Val Loss: 1.1598
No improvement at epoch 76 (patience: 10/15)
Epoch 77/100 - Duration: 0.52s - Train Loss: 1.0152 - Val Loss: 1.0749
No improvement at epoch 77 (patience: 11/15)
Epoch 78/100 - Duration: 0.52s - Train Loss: 1.0536 - Val Loss: 0.7937
Best model updated at epoch 78 
Epoch 79/100 - Duration: 0.52s - Train Loss: 1.0380 - Val Loss: 1.2033
No improvement at epoch 79 (patience: 1/15)
Epoch 80/100 - Duration: 0.51s - Train Loss: 1.0586 - Val Loss: 1.3033
No improvement at epoch 80 (patience: 2/15)
Epoch 81/100 - Duration: 0.52s - Train Loss: 1.0831 - Val Loss: 0.7498
Best model updated at epoch 81 
Epoch 82/100 - Duration: 0.52s - Train Loss: 1.0272 - Val Loss: 1.6546
No improvement at epoch 82 (patience: 1/15)
Epoch 83/100 - Duration: 0.52s - Train Loss: 1.3678 - Val Loss: 1.0394
No improvement at epoch 83 (patience: 2/15)
Epoch 84/100 - Duration: 0.52s - Train Loss: 0.9345 - Val Loss: 0.9920
No improvement at epoch 84 (patience: 3/15)
Epoch 85/100 - Duration: 0.52s - Train Loss: 1.0127 - Val Loss: 1.1083
No improvement at epoch 85 (patience: 4/15)
Epoch 86/100 - Duration: 0.52s - Train Loss: 1.0609 - Val Loss: 0.8914
No improvement at epoch 86 (patience: 5/15)
Epoch 87/100 - Duration: 0.52s - Train Loss: 1.0796 - Val Loss: 2.6107
No improvement at epoch 87 (patience: 6/15)
Epoch 88/100 - Duration: 0.52s - Train Loss: 1.0163 - Val Loss: 0.9950
No improvement at epoch 88 (patience: 7/15)
Epoch 89/100 - Duration: 0.52s - Train Loss: 0.9161 - Val Loss: 1.7009
No improvement at epoch 89 (patience: 8/15)
Epoch 90/100 - Duration: 0.52s - Train Loss: 1.0114 - Val Loss: 0.8583
No improvement at epoch 90 (patience: 9/15)
Epoch 91/100 - Duration: 0.52s - Train Loss: 1.0274 - Val Loss: 1.2024
No improvement at epoch 91 (patience: 10/15)
Epoch 92/100 - Duration: 0.52s - Train Loss: 0.9724 - Val Loss: 1.1654
No improvement at epoch 92 (patience: 11/15)
Epoch 93/100 - Duration: 0.52s - Train Loss: 0.9990 - Val Loss: 0.8421
No improvement at epoch 93 (patience: 12/15)
Epoch 94/100 - Duration: 0.52s - Train Loss: 1.0087 - Val Loss: 1.0093
No improvement at epoch 94 (patience: 13/15)
Epoch 95/100 - Duration: 0.52s - Train Loss: 1.1121 - Val Loss: 0.7970
No improvement at epoch 95 (patience: 14/15)
Epoch 96/100 - Duration: 0.52s - Train Loss: 0.9739 - Val Loss: 0.9253
No improvement at epoch 96 (patience: 15/15)
Early stopping triggered at epoch 96/100. Best model was found at epoch 81 with monitored loss = 0.7498.

=========== Training Summary ===========
Best epoch         : 81
Best monitored loss: 0.7498
LAST model saved   : /srv/data/mohammad.elaabaribao/work/interns/y2026/temp/ds_temp_intern/temp/results/cnn_mse_temperature/models/cnn_temp_last.pth
BEST model saved   : /srv/data/mohammad.elaabaribao/work/interns/y2026/temp/ds_temp_intern/temp/results/cnn_mse_temperature/models/cnn_temp_best.pth
Results directory  : /srv/data/mohammad.elaabaribao/work/interns/y2026/temp/ds_temp_intern/temp/results/cnn_mse_temperature
========================================
Finished training for ../configs/cnn/config_mse.yaml
