Starting training for ../configs/cnn/config_bs32.yaml
Using device: cuda
Using device: cuda
=== Starting training process for temp ===
=== Loading datasets (src=era5, target=mswt) ===
Loading temp file: /home/mohammad.elaabaribao/lustre/climat-um6p-st-iwri-7ksifkvwkuy/users/mohammad.elaabaribao/data/mswep/mswt_1979_2020.nc
→ Applying spatial mask
  [BEFORE MASK]
   dims        : FrozenMappingWarningOnValuesAccess({'time': 15341, 'lat': 220, 'lon': 220})
   shape       : (15341, 220, 220)
   lon range   : -20.950000762939453 → 0.9500091671943665
   lat range   : 19.049999237060547 → 40.95000076293945
  [AFTER MASK]
   dims        : FrozenMappingWarningOnValuesAccess({'time': 15341, 'lat': 150, 'lon': 180})
   shape       : (15341, 150, 180)
  Mask applied: lon=slice(-18.0, 0.0, None), lat=slice(21.0, 36.0, None)
TEMP shapes → train=(9862, 150, 180), test=(5479, 150, 180)
Checking target time resolution...
   [STATS] temp (train): mean=21.8716, min=-13.8125, max=43.75
   [STATS] temp (test): mean=22.4152, min=-12.5625, max=43.75
Loading merged variable file: /home/mohammad.elaabaribao/lustre/climat-um6p-st-iwri-7ksifkvwkuy/users/mohammad.elaabaribao/data//era5ztquv/1979_2020/all_data/z_1979-2020_levels.nc...
→ Applying spatial mask
  [BEFORE MASK]
   dims        : FrozenMappingWarningOnValuesAccess({'level': 4, 'time': 15341, 'latitude': 81, 'longitude': 81})
   shape       : (4, 15341, 81, 81)
   lon range   : -20.0 → 0.0
   lat range   : 20.0 → 40.0
  [AFTER MASK]
   dims        : FrozenMappingWarningOnValuesAccess({'level': 4, 'time': 15341, 'latitude': 61, 'longitude': 73})
   shape       : (4, 15341, 61, 73)
  Mask applied: lon=slice(-18.0, 0.0, None), lat=slice(21.0, 36.0, None)
  → Extracting level 500 from z
   [STATS] z_500: mean=57129.4, min=51787.2, max=58985.4
  → Extracting level 700 from z
   [STATS] z_700: mean=30975, min=27332.9, max=32355.8
  → Extracting level 850 from z
   [STATS] z_850: mean=15065, min=11984.3, max=16680
  → Extracting level 1000 from z
   [STATS] z_1000: mean=1382.66, min=-1557.59, max=3422.01
Loading merged variable file: /home/mohammad.elaabaribao/lustre/climat-um6p-st-iwri-7ksifkvwkuy/users/mohammad.elaabaribao/data//era5ztquv/1979_2020/all_data/q_1979-2020_levels.nc...
→ Applying spatial mask
  [BEFORE MASK]
   dims        : FrozenMappingWarningOnValuesAccess({'level': 4, 'time': 15341, 'latitude': 81, 'longitude': 81})
   shape       : (4, 15341, 81, 81)
   lon range   : -20.0 → 0.0
   lat range   : 20.0 → 40.0
  [AFTER MASK]
   dims        : FrozenMappingWarningOnValuesAccess({'level': 4, 'time': 15341, 'latitude': 61, 'longitude': 73})
   shape       : (4, 15341, 61, 73)
  Mask applied: lon=slice(-18.0, 0.0, None), lat=slice(21.0, 36.0, None)
  → Extracting level 500 from q
   [STATS] q_500: mean=0.000899263, min=2.47326e-07, max=0.00508807
  → Extracting level 700 from q
   [STATS] q_700: mean=0.00243861, min=2.47326e-07, max=0.0101267
  → Extracting level 850 from q
   [STATS] q_850: mean=0.00395488, min=3.40433e-06, max=0.0160928
  → Extracting level 1000 from q
   [STATS] q_1000: mean=0.0068499, min=0.000379719, max=0.0195475
Loading merged variable file: /home/mohammad.elaabaribao/lustre/climat-um6p-st-iwri-7ksifkvwkuy/users/mohammad.elaabaribao/data//era5ztquv/1979_2020/all_data/t_1979-2020_levels.nc...
→ Applying spatial mask
  [BEFORE MASK]
   dims        : FrozenMappingWarningOnValuesAccess({'level': 4, 'time': 15341, 'latitude': 81, 'longitude': 81})
   shape       : (4, 15341, 81, 81)
   lon range   : -20.0 → 0.0
   lat range   : 20.0 → 40.0
  [AFTER MASK]
   dims        : FrozenMappingWarningOnValuesAccess({'level': 4, 'time': 15341, 'latitude': 61, 'longitude': 73})
   shape       : (4, 15341, 61, 73)
  Mask applied: lon=slice(-18.0, 0.0, None), lat=slice(21.0, 36.0, None)
  → Extracting level 500 from t
   [STATS] t_500: mean=-11.5954, min=-37.1495, max=-0.750632
  → Extracting level 700 from t
   [STATS] t_700: mean=6.6263, min=-18.7922, max=18.2581
  → Extracting level 850 from t
   [STATS] t_850: mean=16.5782, min=-8.39888, max=34.181
  → Extracting level 1000 from t
   [STATS] t_1000: mean=16.5782, min=-8.39888, max=34.181
Loading merged variable file: /home/mohammad.elaabaribao/lustre/climat-um6p-st-iwri-7ksifkvwkuy/users/mohammad.elaabaribao/data//era5ztquv/1979_2020/all_data/u_1979-2020_levels.nc...
→ Applying spatial mask
  [BEFORE MASK]
   dims        : FrozenMappingWarningOnValuesAccess({'level': 4, 'time': 15341, 'latitude': 81, 'longitude': 81})
   shape       : (4, 15341, 81, 81)
   lon range   : -20.0 → 0.0
   lat range   : 20.0 → 40.0
  [AFTER MASK]
   dims        : FrozenMappingWarningOnValuesAccess({'level': 4, 'time': 15341, 'latitude': 61, 'longitude': 73})
   shape       : (4, 15341, 61, 73)
  Mask applied: lon=slice(-18.0, 0.0, None), lat=slice(21.0, 36.0, None)
  → Extracting level 500 from u
   [STATS] u_500: mean=7.35987, min=-34.6173, max=57.0537
  → Extracting level 700 from u
   [STATS] u_700: mean=3.30959, min=-30.728, max=41.3677
  → Extracting level 850 from u
   [STATS] u_850: mean=-0.300831, min=-30.6586, max=35.1178
  → Extracting level 1000 from u
   [STATS] u_1000: mean=-1.41186, min=-21.4339, max=20.9522
Loading merged variable file: /home/mohammad.elaabaribao/lustre/climat-um6p-st-iwri-7ksifkvwkuy/users/mohammad.elaabaribao/data//era5ztquv/1979_2020/all_data/v_1979-2020_levels.nc...
→ Applying spatial mask
  [BEFORE MASK]
   dims        : FrozenMappingWarningOnValuesAccess({'level': 4, 'time': 15341, 'latitude': 81, 'longitude': 81})
   shape       : (4, 15341, 81, 81)
   lon range   : -20.0 → 0.0
   lat range   : 20.0 → 40.0
  [AFTER MASK]
   dims        : FrozenMappingWarningOnValuesAccess({'level': 4, 'time': 15341, 'latitude': 61, 'longitude': 73})
   shape       : (4, 15341, 61, 73)
  Mask applied: lon=slice(-18.0, 0.0, None), lat=slice(21.0, 36.0, None)
  → Extracting level 500 from v
   [STATS] v_500: mean=0.603175, min=-55.2543, max=48.489
  → Extracting level 700 from v
   [STATS] v_700: mean=0.468335, min=-36.3606, max=37.6175
  → Extracting level 850 from v
   [STATS] v_850: mean=-0.835763, min=-29.7655, max=34.6308
  → Extracting level 1000 from v
   [STATS] v_1000: mean=-2.25803, min=-22.5506, max=22.4446
Checking time resolution...
Predictor Shape (X): (15341, 20, 8, 10)
Target Train Shape (y_train): torch.Size([9862, 150, 180])
Target Test Shape (y_test): torch.Size([5479, 150, 180])
=== Finished loading datasets ===
=== Preprocessing data ===
Applying normalization mode: gridbox
Normalization done.
--- Processing temp (train) ---
train raw [degree_Celsius] → min=-13.81, max=43.75, mean=21.87
  Units already in Celsius → skipping conversion
train converted [C] → min=-13.81, max=43.75, mean=21.87
--- Processing temp (test) ---
test raw [degree_Celsius] → min=-12.56, max=43.75, mean=22.42
  Units already in Celsius → skipping conversion
test converted [C] → min=-12.56, max=43.75, mean=22.42
=== Preprocessing complete ===
Initializing model for training...

----------- Machine Features -----------
 OS: Linux 4.18.0-553.124.1.el8_10.0.2.x86_64
 CPU: x86_64 (Unknown (psutil missing) cores)
 RAM: Unknown (psutil missing) GB
 GPU 0: NVIDIA A100-SXM4-80GB (79.25 GB)
----------------------------------------
Epoch 1/100 - Duration: 2.33s - Train Loss: 9.7387 - Val Loss: 2.3861
Estimated training process duration: 03:52

Best model updated at epoch 1 
Epoch 2/100 - Duration: 1.54s - Train Loss: 2.3447 - Val Loss: 2.2055
Best model updated at epoch 2 
Epoch 3/100 - Duration: 1.54s - Train Loss: 2.2213 - Val Loss: 2.2155
No improvement at epoch 3 (patience: 1/15)
Epoch 4/100 - Duration: 1.54s - Train Loss: 2.0856 - Val Loss: 1.9049
Best model updated at epoch 4 
Epoch 5/100 - Duration: 1.54s - Train Loss: 2.0223 - Val Loss: 2.0604
No improvement at epoch 5 (patience: 1/15)
Epoch 6/100 - Duration: 1.55s - Train Loss: 2.0308 - Val Loss: 2.1244
No improvement at epoch 6 (patience: 2/15)
Epoch 7/100 - Duration: 1.55s - Train Loss: 1.9486 - Val Loss: 1.8523
Best model updated at epoch 7 
Epoch 8/100 - Duration: 1.55s - Train Loss: 1.9662 - Val Loss: 1.9092
No improvement at epoch 8 (patience: 1/15)
Epoch 9/100 - Duration: 1.55s - Train Loss: 2.0454 - Val Loss: 1.8791
No improvement at epoch 9 (patience: 2/15)
Epoch 10/100 - Duration: 1.54s - Train Loss: 1.8836 - Val Loss: 1.7885
Best model updated at epoch 10 
Epoch 11/100 - Duration: 1.55s - Train Loss: 1.8393 - Val Loss: 1.8162
No improvement at epoch 11 (patience: 1/15)
Epoch 12/100 - Duration: 1.54s - Train Loss: 1.9012 - Val Loss: 1.7992
No improvement at epoch 12 (patience: 2/15)
Epoch 13/100 - Duration: 1.55s - Train Loss: 1.9222 - Val Loss: 2.0046
No improvement at epoch 13 (patience: 3/15)
Epoch 14/100 - Duration: 1.55s - Train Loss: 1.8684 - Val Loss: 1.9589
No improvement at epoch 14 (patience: 4/15)
Epoch 15/100 - Duration: 1.55s - Train Loss: 1.9007 - Val Loss: 1.6913
Best model updated at epoch 15 
Epoch 16/100 - Duration: 1.54s - Train Loss: 1.8023 - Val Loss: 1.7117
No improvement at epoch 16 (patience: 1/15)
Epoch 17/100 - Duration: 1.55s - Train Loss: 1.8521 - Val Loss: 1.7435
No improvement at epoch 17 (patience: 2/15)
Epoch 18/100 - Duration: 1.56s - Train Loss: 1.8389 - Val Loss: 1.8824
No improvement at epoch 18 (patience: 3/15)
Epoch 19/100 - Duration: 1.55s - Train Loss: 1.8287 - Val Loss: 1.7798
No improvement at epoch 19 (patience: 4/15)
Epoch 20/100 - Duration: 1.55s - Train Loss: 1.7896 - Val Loss: 1.9122
No improvement at epoch 20 (patience: 5/15)
Epoch 21/100 - Duration: 1.56s - Train Loss: 1.8379 - Val Loss: 1.9410
No improvement at epoch 21 (patience: 6/15)
Epoch 22/100 - Duration: 1.56s - Train Loss: 1.8361 - Val Loss: 1.8795
No improvement at epoch 22 (patience: 7/15)
Epoch 23/100 - Duration: 1.57s - Train Loss: 1.8929 - Val Loss: 1.7334
No improvement at epoch 23 (patience: 8/15)
Epoch 24/100 - Duration: 1.56s - Train Loss: 1.7921 - Val Loss: 1.8566
No improvement at epoch 24 (patience: 9/15)
Epoch 25/100 - Duration: 1.54s - Train Loss: 1.7751 - Val Loss: 1.6622
Best model updated at epoch 25 
Epoch 26/100 - Duration: 1.55s - Train Loss: 1.7724 - Val Loss: 1.7830
No improvement at epoch 26 (patience: 1/15)
Epoch 27/100 - Duration: 1.56s - Train Loss: 1.7760 - Val Loss: 1.7275
No improvement at epoch 27 (patience: 2/15)
Epoch 28/100 - Duration: 1.55s - Train Loss: 1.8146 - Val Loss: 1.8321
No improvement at epoch 28 (patience: 3/15)
Epoch 29/100 - Duration: 1.55s - Train Loss: 1.8551 - Val Loss: 1.9102
No improvement at epoch 29 (patience: 4/15)
Epoch 30/100 - Duration: 1.54s - Train Loss: 1.8659 - Val Loss: 1.6676
No improvement at epoch 30 (patience: 5/15)
Epoch 31/100 - Duration: 1.56s - Train Loss: 1.7336 - Val Loss: 1.6546
Best model updated at epoch 31 
Epoch 32/100 - Duration: 1.56s - Train Loss: 1.6820 - Val Loss: 1.6923
No improvement at epoch 32 (patience: 1/15)
Epoch 33/100 - Duration: 1.54s - Train Loss: 1.7300 - Val Loss: 1.6111
Best model updated at epoch 33 
Epoch 34/100 - Duration: 1.56s - Train Loss: 1.7122 - Val Loss: 1.7469
No improvement at epoch 34 (patience: 1/15)
Epoch 35/100 - Duration: 1.56s - Train Loss: 1.7182 - Val Loss: 1.8206
No improvement at epoch 35 (patience: 2/15)
Epoch 36/100 - Duration: 1.55s - Train Loss: 1.7428 - Val Loss: 1.8848
No improvement at epoch 36 (patience: 3/15)
Epoch 37/100 - Duration: 1.52s - Train Loss: 1.7342 - Val Loss: 1.6880
No improvement at epoch 37 (patience: 4/15)
Epoch 38/100 - Duration: 1.54s - Train Loss: 1.6718 - Val Loss: 1.5350
Best model updated at epoch 38 
Epoch 39/100 - Duration: 1.51s - Train Loss: 1.7043 - Val Loss: 1.7864
No improvement at epoch 39 (patience: 1/15)
Epoch 40/100 - Duration: 1.46s - Train Loss: 1.6428 - Val Loss: 1.8434
No improvement at epoch 40 (patience: 2/15)
Epoch 41/100 - Duration: 1.46s - Train Loss: 1.6899 - Val Loss: 1.8717
No improvement at epoch 41 (patience: 3/15)
Epoch 42/100 - Duration: 1.47s - Train Loss: 1.7486 - Val Loss: 1.9123
No improvement at epoch 42 (patience: 4/15)
Epoch 43/100 - Duration: 1.47s - Train Loss: 1.6639 - Val Loss: 1.6066
No improvement at epoch 43 (patience: 5/15)
Epoch 44/100 - Duration: 1.46s - Train Loss: 1.7283 - Val Loss: 2.0059
No improvement at epoch 44 (patience: 6/15)
Epoch 45/100 - Duration: 1.47s - Train Loss: 1.6833 - Val Loss: 1.6834
No improvement at epoch 45 (patience: 7/15)
Epoch 46/100 - Duration: 1.47s - Train Loss: 1.6182 - Val Loss: 1.6647
No improvement at epoch 46 (patience: 8/15)
Epoch 47/100 - Duration: 1.47s - Train Loss: 1.6560 - Val Loss: 2.0187
No improvement at epoch 47 (patience: 9/15)
Epoch 48/100 - Duration: 1.47s - Train Loss: 1.7037 - Val Loss: 1.5713
No improvement at epoch 48 (patience: 10/15)
Epoch 49/100 - Duration: 1.47s - Train Loss: 1.6527 - Val Loss: 1.5747
No improvement at epoch 49 (patience: 11/15)
Epoch 50/100 - Duration: 1.47s - Train Loss: 1.5864 - Val Loss: 1.5484
No improvement at epoch 50 (patience: 12/15)
Epoch 51/100 - Duration: 1.47s - Train Loss: 1.6066 - Val Loss: 1.5872
No improvement at epoch 51 (patience: 13/15)
Epoch 52/100 - Duration: 1.47s - Train Loss: 1.6600 - Val Loss: 1.5206
Best model updated at epoch 52 
Epoch 53/100 - Duration: 1.47s - Train Loss: 1.5649 - Val Loss: 1.4505
Best model updated at epoch 53 
Epoch 54/100 - Duration: 1.47s - Train Loss: 1.6580 - Val Loss: 1.5311
No improvement at epoch 54 (patience: 1/15)
Epoch 55/100 - Duration: 1.47s - Train Loss: 1.5592 - Val Loss: 1.6020
No improvement at epoch 55 (patience: 2/15)
Epoch 56/100 - Duration: 1.46s - Train Loss: 1.5324 - Val Loss: 1.6550
No improvement at epoch 56 (patience: 3/15)
Epoch 57/100 - Duration: 1.47s - Train Loss: 1.6241 - Val Loss: 1.4743
No improvement at epoch 57 (patience: 4/15)
Epoch 58/100 - Duration: 1.47s - Train Loss: 1.6437 - Val Loss: 1.4789
No improvement at epoch 58 (patience: 5/15)
Epoch 59/100 - Duration: 1.47s - Train Loss: 1.5670 - Val Loss: 1.4852
No improvement at epoch 59 (patience: 6/15)
Epoch 60/100 - Duration: 1.46s - Train Loss: 1.5917 - Val Loss: 1.6052
No improvement at epoch 60 (patience: 7/15)
Epoch 61/100 - Duration: 1.46s - Train Loss: 1.5181 - Val Loss: 1.5478
No improvement at epoch 61 (patience: 8/15)
Epoch 62/100 - Duration: 1.47s - Train Loss: 1.5716 - Val Loss: 1.4944
No improvement at epoch 62 (patience: 9/15)
Epoch 63/100 - Duration: 1.47s - Train Loss: 1.5533 - Val Loss: 1.7609
No improvement at epoch 63 (patience: 10/15)
Epoch 64/100 - Duration: 1.46s - Train Loss: 1.5730 - Val Loss: 1.6126
No improvement at epoch 64 (patience: 11/15)
Epoch 65/100 - Duration: 1.47s - Train Loss: 1.5285 - Val Loss: 1.5349
No improvement at epoch 65 (patience: 12/15)
Epoch 66/100 - Duration: 1.46s - Train Loss: 1.5542 - Val Loss: 1.5897
No improvement at epoch 66 (patience: 13/15)
Epoch 67/100 - Duration: 1.47s - Train Loss: 1.5157 - Val Loss: 1.5687
No improvement at epoch 67 (patience: 14/15)
Epoch 68/100 - Duration: 1.47s - Train Loss: 1.5407 - Val Loss: 1.6513
No improvement at epoch 68 (patience: 15/15)
Early stopping triggered at epoch 68/100. Best model was found at epoch 53 with monitored loss = 1.4505.

=========== Training Summary ===========
Best epoch         : 53
Best monitored loss: 1.4505
LAST model saved   : /srv/data/mohammad.elaabaribao/work/interns/y2026/temp/ds_temp_intern/temp/results/cnn_bs32_temperature/models/cnn_temp_last.pth
BEST model saved   : /srv/data/mohammad.elaabaribao/work/interns/y2026/temp/ds_temp_intern/temp/results/cnn_bs32_temperature/models/cnn_temp_best.pth
Results directory  : /srv/data/mohammad.elaabaribao/work/interns/y2026/temp/ds_temp_intern/temp/results/cnn_bs32_temperature
========================================
Finished training for ../configs/cnn/config_bs32.yaml
